Die Dateien werden im Adobe / Fireworks CS4 Ordner gespeichert .
Klicken Sie mit der rechten Maustaste auf das Dokument in Windows Explorer , wählen Sie Eigenschaften aus , und klicken Sie auf die Registerkarte PDF .
Ebenfalls siehe Funktion literal , und String literal .
Führen Sie dann die helle Retuschierung in Acrobat Pro oder Acrobat Pro Extended durch , nachdem Sie die ausfüllbaren Formularfelder hinzugefügt haben .

Bei Webbenutzern , um die Anwendung anzuzeigen , die in einer Webseite eingebettet ist .

Zeigen Sie den Eigenschafteninspektor ( " Fenster " > " Eigenschaften " ) oder das Bedienfeld an :
Das Verhalten ist ähnlich wie bei Verwendung des Befehls " Frei transformieren " über eine Rechteckauswahl .
Sie können auch zahlreiche Transformationsarten durchführen , indem Sie den Begrenzungsrahmen für eine Auswahl ziehen .



Das Verlaufswerkzeug kann nicht mit Bitmap- oder indizierten Farben verwendet werden .
Wählen Sie eine Option aus dem Menü " Key Algorithm . "
Wählen Sie " Bearbeiten " > " Zeitleiste " > " Bewegung kopieren . "

Wenn keine Kompilierungsfehler vorliegen , wird ein Flash Player-Fenster mit der Anwendung " Hello World " angezeigt .
Die Richtliniendatei muss geladen werden , bevor Sie Daten extrahieren können .
Weitere Tastenkombinationen finden Sie unter " Tastenkombinationen " zur Verwendung des Animationsbedienfelds im Zeitleistenmodus ( Photoshop Extended ) .
