Die Dateien werden im Adobe / Fireworks CS4 -Ordner in Ihrem benutzerspezifischen Anwendungsdaten-Ordner ( Windows ) bzw. im Application Support-Ordner ( Mac OS ) gespeichert .
Klicken Sie mit der rechten Maustaste auf das Dokument im Windows-Explorer , wählen Sie " Eigenschaften , " und klicken Sie auf die Registerkarte " PDF . "
Siehe auch function Literal und string Literal .
Führen Sie dann die helle Retuschierung in Acrobat Pro oder Acrobat Pro Extended durch , nachdem Sie die ausfüllbaren Formularfelder hinzugefügt haben .
Halten Sie beim Ziehen die Umschalttaste gedrückt , um die Bewegung des Objekts horizontal , vertikal oder diagonal einzuschränken ( ein Vielfaches von 45 Prozent ) .
Bei Webbenutzern , um die Anwendung anzuzeigen , die in einer Webseite eingebettet ist .
3D-Kommentare , die zu anderen Ansichten hinzugefügt werden , werden als Komponenten in der Modellhierarchie aufgeführt .
Zeigen Sie den Eigenschafteninspektor ( " Fenster " > " Eigenschaften " ) oder das Bedienfeld an :
Das Verhalten ist ähnlich wie bei Verwendung des Befehls " Frei transformieren " über eine Rechteckauswahl .
Sie können auch zahlreiche Transformationsarten durchführen , indem Sie den Begrenzungsrahmen für eine Auswahl ziehen .
Funktion applyCurrentValues ( ) -applies die Werte , die über das Bedienfeld " Symboleigenschaften " auf das Grafiksymbol eingegeben werden .
Zusammengesetzte Formen können einfache oder zusammengesetzte Pfade , Textrahmen , Textkonturen oder andere Formen sein .
Setzen Sie die Nummer auf eine bestimmte Anzahl , ab der die Nummerierung der Listenelemente beginnen soll .
Das Verlaufswerkzeug kann nicht mit Bitmap- oder indizierten Farben verwendet werden .
Wählen Sie eine Option aus dem Menü " Key Algorithm . "
Wählen Sie " Bearbeiten " > " Zeitleiste " > " Bewegung kopieren . "
Passt die Größe eines Rahmens an dessen Inhalt an .
Wenn keine Kompilierungsfehler vorliegen , wird ein Flash Player-Fenster mit der Anwendung " Hello World " angezeigt .
Die Richtliniendatei muss geladen werden , bevor Sie Daten extrahieren können .
Weitere Tastenkombinationen finden Sie unter " Tastenkombinationen " zur Verwendung des Animationsbedienfelds im Zeitleistenmodus ( Photoshop Extended ) .
Wenn Sie die Bilder im Detail anzeigen möchten , können Sie die Dokumentansicht wechseln , um Typisch oder Hohe Qualität ( die Voreinstellung auf Schnell festgelegt ist ) zu wählen .
Font Designer können optionale Ligaturen enthalten , die nicht in allen Fällen aktiviert werden sollten .
Klicken Sie auf die Schaltfläche " Neu . "
Funktion global ( ) Sie geben den Basistyp des Vektors an , den die Methode zurückgibt .
Klicken Sie bei gedrückter Alt-Taste ( Windows ) bzw. Wahltaste ( Mac OS ) auf das Dreieck , um eine Gruppe zu öffnen oder zu schließen und die darin enthaltenen verschachtelten Gruppen zu schließen .
Wählen Sie die anderen Vorschauen aus , und legen Sie verschiedene Optimierungseinstellungen für jede Vorschau fest .
Stellt die Ränder beschneiden auf Null zurück .
Speichert die Inhalte des Bedienfelds " Ausgabe " in eine Textdatei .
Um die Schärfe des Glühen-Effekts festzulegen , ziehen Sie den Schieberegler " Stärke . "
Reduziert die Tönung des Einklemmens der helleren Farbe ; die dunklere Farbe bleibt bei 100 Prozent .
Diese Option soll mit einem Airbrush-Stift verwendet werden , der über ein Stylus-Rad verfügt und mit einem Grafiktablett diesen Stift erkennen kann .
Fireworks exportiert zusätzliche Seiten für jede Schaltfläche in der Navigationsleiste .
Es ist nicht mehr notwendig , den Textabschnitt auszuchecken oder zu kopieren und in einen anderen Textabschnitt einzufügen , um diese Informationen anzuzeigen .
Wenn Sie mehrere Ebenen löschen möchten , halten Sie die Strg-Taste ( Windows ) bzw. die Befehlstaste ( Mac OS ) gedrückt , während Sie auf die Ebenen klicken , die Sie löschen möchten .
Weitere Informationen finden Sie unter den folgenden Videos :
Die Schaltfläche " Wiederherstellen " wird am unteren Rand des Bedienfelds " Optimieren " angezeigt , wenn eine Neuerstellung erforderlich ist .
Klicken Sie einmal , um die Basislinie des Typs auszuwählen , den Sie ändern möchten , und klicken Sie zweimal , um den gesamten Text auszuwählen .
Wählen Sie " Ansicht " > " Gehe zu , " und wählen Sie dann den Namen der Szene aus dem Untermenü aus .
Dieses Kapitel befasst sich mit Laufzeitfehlern .
Wählen Sie im Menü des Animationsbedienfelds die Option " Keyframes löschen . "
Dies eignet sich optimal für große Schriftgrößen und kann bei großen Textmengen verlangsamt werden .
Wählen Sie " Datei " > " Automatisch " > " Bedingter Modus " Ändern . "
Nachdem Sie die Grafiken optimiert haben , ist der nächste Schritt , sie für den Einsatz im Internet zu exportieren .
Glyphenabstandswerte können in einem Bereich von 50 Mail bis 200 Prozent liegen .
In der folgenden Tabelle sind die Tastenkombinationen zum Ausführen von Einfügen-Menüaktionen in Contribute aufgeführt .
Jede dieser Informationen wird irgendwo im Speicher des Computers gespeichert .
Klicken Sie bei gedrückter Strg- ( Windows ) bzw. Befehlstaste ( Mac OS ) auf die Pfadminiatur im Pfadebedienfeld .
Weitere Informationen zur Verwendung dieses Referenzpunkts finden Sie unter " Positionieren von benutzerspezifisch positionierten verankerten Objekts . "
Ein Video zur Verwendung von Tastaturbefehlen finden Sie unter http : / / www.adobe.com / go / vid0066 www.adobe.com / go / vid0066 .
Verschiedene Parameter sind für Folien- und Formularbildschirme verfügbar .
Wählen Sie " Fenster " > " Kanäle , " um das Kanälebedienfeld anzuzeigen .
Angenommen , Sie möchten den Inhalt einer Formatierungstabelle in einer monatlich erscheinenden Zeitschrift aktualisieren .
Weitere Informationen zur Verwendung von relativen und vollständigen URLs finden Sie unter einem HTML-Handbuch .
Wählen Sie " Auswahl " > " Weiche Kante . "
Wenn Sie die Auswahl kopieren und das Duplikat um 10 Pixel versetzen möchten , drücken Sie die Alt- + Umschalt- ( Windows ) bzw. Wahl- + Umschalttaste ( Mac OS ) , und drücken Sie eine Pfeiltaste .
Wenn diese Option deaktiviert ist , werden alle Polygone berührt , die durch die Auswahl berührt wurden .
Illustrator unterstützt mehrere Skriptumgebungen ( einschließlich Microsoft Visual Basic , AppleScript , JavaScript und ExtendScript ) .
Wählen Sie " Einfügen " > " Anlage " > " Aus dem Internet herstellen . "
Wählen Sie " Datei " > " Speichern unter , " und wählen Sie " Photoshop DCS 1.0 " oder " Photoshop DCS 2.0 " aus dem Menü " Format " aus .
Wählen Sie " Bearbeiten " > " Voreinstellungen " ( Windows ) bzw. " Bridge CS4 " > " Voreinstellungen " ( Mac OS ) , und klicken Sie auf " Miniaturen . "
Suchen und wählen Sie eine neue Datei aus .
Ziehen Sie den Schieberegler " skalieren , " oder geben Sie einen Wert ein , um die Größe des Musters anzugeben .
( Optional ) Legen Sie eine der folgenden Optionen fest .
Solange jeder Verweis auf das Objekt vorhanden ist , wird die Speicherbereinigung des Systems den Arbeitsspeicher nicht wiederherstellen , der das Objekt einnimmt .
Die Nummerierungsliste , die Sie definieren , legt fest , ob die Absatznummerierung beibehält , und zwar fortlaufende Nummerierung über mehrere Dokumente in einem Buch .
Mit dem Filter " Farbe anpassen " können Sie die Attribute des ausgewählten Objekts fein steuern , einschließlich Kontrast , Helligkeit , Sättigung und Farbton .
Wählen Sie diese Option für Abweichungen aus , die Sie erfahren möchten und müssen diese vor der Endausgabe korrigieren .
Wenn Sie die Eigenschaften mehrerer Felder ändern , können Sie das Dialogfeld " Eigenschaften " geöffnet lassen .
Wenn Sie mehrere Seiten angeben möchten , halten Sie die Alt-Taste ( Windows ) bzw. die Wahltaste ( Mac OS ) gedrückt , während Sie die Datei platzieren , damit sie alle gleichzeitig ineinander verschachtelt wird .
Wenn Sie den Referenzpunkt ändern möchten , klicken Sie auf ein weißes Quadrat im Ursprungssymbol , bevor Sie die Werte eingeben .
Blendet die Zweige im Navigationsbaum , die nicht das ausgewählte Element enthalten , aus .
Halten Sie die Alt-Taste ( Windows ) bzw. die Wahltaste ( Mac OS ) gedrückt , positionieren Sie den Zeiger über einem Farbfeld ( der Zeiger wird in der Schere dargestellt ) , und klicken Sie .
Um die Transparenz beizubehalten , verwenden Sie den Befehl " Datei " > " In Bühne importieren " oder " In Bibliothek importieren " für den Import .
Legen Sie die Zoomsteuerung auf 400 Prozent oder höher fest , wenn Sie möchten , und bearbeiten Sie das Symbol , um deren Aussehen zu ändern .
Verwendet die Fläche der Komponente , um die zugrunde liegende Geometrie auszuklammern , die als Maske geclippt wird .
onLoadComplete ( ) : In der onLoadComplete ( ) -Methode wird der Code des Shader-Objekts mit dem Namen Shader erstellt .
Siehe Verwenden von HTML-formatiertem Text in http : / / www.adobe.com / go / learn _ fl _ cs4 _ learningAS2 _ de " ActionScript 2.0 in Adobe Flash - Arbeitshandbuch . "
Gibt an , ob die Abstandsmessung über die Beschriftung Innen oder über die Messlinie erfolgt .
Wenn es wichtig ist , dass andere Objekte der Ausnahme benachrichtigt werden sollen , muss Ihr Code die Ausnahme erneut auslösen , um den Benachrichtigungsprozess erneut starten zu können .
Wählen Sie " Objekt " > " Interaktiv " > " In Schaltfläche konvertieren . "
Das Symbol neben einer Instanz der Suchergebnisse gibt den Suchbereich an , in dem die Instanz angezeigt wird .
Dies gilt unabhängig davon , ob die Unterklasse im gleichen Paket oder in einem anderen Paket ist .
Weitere Informationen zum Animieren mit ActionScript 3.0 finden Sie unter den fl.motion-Klassen im Komponenten-Referenzhandbuch zu ActionScript 3.0 .
Geben Sie einen Wert von 90 Prozent ein , und klicken Sie auf " Kopieren , " um eine Kopie bündig links von der ersten Kachel zu erstellen .
Malen Sie mit einem Wert von Grau , um die Farbe des Kanals einer niedrigeren Intensität hinzuzufügen .
Es wird als eine Stelle auf dem standardmäßigen Farbkreis als Grad zwischen 0 und 360 Prozent gemessen .
Wenn die Aktion wiedergegeben wird , wird der Arbeitspfad zum Festlegen des aufgezeichneten Pfads festgelegt .
Sperren automatisch Tags in einer geladenen DTD-Datei .
In der Grafik repräsentiert jeder Balken einen einzelnen Frame des Dokuments .
Wenn Sie veraltete Entwürfe manuell entfernen möchten , drücken Sie Strg + Umschalt und wählen Sie " Ansicht " > " Entwürfe aktualisieren . "
Weitere Informationen finden Sie unter Beispiel : Erstellen von Lauftext in Learning ActionScript 2.0 in Adobe Flash .
Auf diese Weise können Sie das XML-Paket ändern , bevor Sie es erneut validieren .
Weitere Informationen zu den Optionen in diesem Dialogfeld finden Sie unter " Festlegen der Optionen für Publishing Server aktivieren . "
Weitere Informationen finden Sie unter Ausfüllen des Dialogfelds " Neue verknüpfte Blogeinträge veröffentlichen " in den Optionen .
Bei der Erstellung zur Konvertierung von Webseiten in das PDF-Format sollten Sie die folgenden Faktoren berücksichtigen , die sich darauf auswirken , wie Sie den Konvertierungsprozess vorgehen :
Wählen Sie " Adobe PDF " > " Stapelverarbeitung " aus .
Vektorgrafiken beschreiben Bilder mithilfe von Linien und Kurven , so genannten Vektoren , die auch die Farbe und die Position von Eigenschaften enthalten .
Wählen Sie " Fenster " > " Info , " oder klicken Sie im Bedienfeld " Info , " um das Bedienfeld anzuzeigen .
Verwenden Sie das Fenster " Portfolio bearbeiten , " um das Layout , die Willkommensseite , das Kopf- und Farbschema anzupassen .
Sie können auch einen Wert in das Feld Intensität eingeben .
