A republican strategy to counteract the re-election of Obama.
The leaders of the Republicans justify their policy with the need to combat electoral fraud.
In fact, the lawyers of the republicans have only recorded 300 cases of electoral fraud in the United States in 10 years' time.
One thing is certain: these new provisions will have a negative impact on the turnout.
In this sense, these measures undermine the democratic system of the United States.
Before the 2006 elections, no US State asked the electorate to show a light-turn.
Indiana was the first federal state to make such a request.
The United States Supreme Court confirmed the constitutionality of the Indian law in 2008.
The Republican authorities rushed to extend this practice to other states.
In addition, five million newly in 2012 do not have such a card.
However, more than a hundred dollars are often paid to obtain the necessary cards.
That goes even further.
Before 2004, no federal state called for proof of citizenship.
Arizona was the first federal state to make such a request.
Since 2011, a dozen states have adopted laws that require voters to demonstrate their US citizenship.
These measures are clearly aimed at restricting the herpanic voices.
It is clear that two out of three-panic voters favour the democratic party.
These restrictions are not without consequences.
The same applies to the Chinese people.
The latter accounted for only 11 per cent of the voters, but 24 per cent of the citizens elected in advance.
Several draft laws have been blocked by the vetoes of democratic governors.
The Advocate-General of the United States intervened to suspend the most controversial legislation.
They were able to limit the damage in part.
Prospect cancer screening: should the test be made or not?
This leads to greater hesitation among the already indecisive men for carrying out early detection tests.
Should the test be made or not?
We have obtained the opinion of two specialists.
In the case of male afro-American origin, there is also a higher risk.
There are types of cancer that are aggressive and others that areolent.
I therefore recommend that the test be carried out.
Prevention of disease
Unfortunately, there is no miracle cure for cancer prevention.
Several of them remain completely unclear.
Smoking is responsible for 85 per cent of the cases of lung cancer.
It is also a risk factor for several other types of cancer.
It damages people's health.
The weight
Foodstuffs
Vitamines
However, your studies are not conclusive at present.
According to the Canadian cancer society, studies on Vitamin Econsistency are contradictory.
While a study has found a way of reducing the risk of prostate cancer, another was more likely to be an increase.
The effect of vitamin D on cancer has not yet been clearly identified.
'The implementation of an early detection test does not lead to cancer.'
Report: Higgs-Boson
But for the physics, it is not yet entirely certain that it is really a hypothesis.
On the basis of this, the physics share the sections in two categories.
In a corner, the good citizens, who are known as Fermis, are located in such a way as Pauli-Prinzip.
Strbitates
Indeed, it is not all the pieces and not all materials interacting with the electromagnetic field.
