Ep. 1 : Up. 2 : Sen. 32 : Cost 214.87408447
Ep. 1 : Up. 4 : Sen. 64 : Cost 195.88232422
Ep. 1 : Up. 6 : Sen. 96 : Cost 222.75996399
Ep. 1 : Up. 8 : Sen. 128 : Cost 232.49481201
Ep. 1 : Up. 10 : Sen. 160 : Cost 204.78642273
Ep. 1 : Up. 12 : Sen. 192 : Cost 256.89501953
Ep. 1 : Up. 14 : Sen. 224 : Cost 237.73818970
Ep. 1 : Up. 16 : Sen. 256 : Cost 210.21063232
Ep. 1 : Up. 18 : Sen. 288 : Cost 178.70904541
Ep. 1 : Up. 20 : Sen. 320 : Cost 224.30038452
Ep. 1 : Up. 22 : Sen. 352 : Cost 225.22837830
Ep. 1 : Up. 24 : Sen. 384 : Cost 210.81533813
Ep. 1 : Up. 26 : Sen. 416 : Cost 202.19320679
Ep. 1 : Up. 28 : Sen. 448 : Cost 211.53353882
Ep. 1 : Up. 30 : Sen. 480 : Cost 209.39002991
Ep. 1 : Up. 32 : Sen. 512 : Cost 206.38954163
Ep. 1 : Up. 34 : Sen. 544 : Cost 202.88201904
Ep. 1 : Up. 36 : Sen. 576 : Cost 192.36555481
Ep. 1 : Up. 38 : Sen. 608 : Cost 179.21670532
Ep. 1 : Up. 40 : Sen. 640 : Cost 164.29644775
Ep. 1 : Up. 42 : Sen. 672 : Cost 187.61584473
Ep. 1 : Up. 44 : Sen. 704 : Cost 244.09938049
Ep. 1 : Up. 46 : Sen. 736 : Cost 266.25546265
Ep. 1 : Up. 48 : Sen. 768 : Cost 197.74813843
Ep. 1 : Up. 50 : Sen. 800 : Cost 187.12585449
Ep. 1 : Up. 52 : Sen. 832 : Cost 186.14714050
Ep. 1 : Up. 54 : Sen. 864 : Cost 227.19046021
Ep. 1 : Up. 56 : Sen. 896 : Cost 210.90580750
Ep. 1 : Up. 58 : Sen. 928 : Cost 210.68801880
Ep. 1 : Up. 60 : Sen. 960 : Cost 182.89875793
