225.92840576
209.46032715
223.60330200
207.56042480
223.16098022
198.65243530
225.91799927
209.45040894
223.59326172
207.55093384
