</s>: 0
<unk>: 1
the: 2
.: 3
",": 4
to: 5
of: 6
and: 7
that: 8
in: 9
is: 10
a: 11
I: 12
we: 13
it: 14
for: 15
be: 16
this: 17
on: 18
have: 19
not: 20
are: 21
as: 22
with: 23
which: 24
will: 25
has: 26
Mr: 27
must: 28
at: 29
Commission: 30
but: 31
by: 32
there: 33
should: 34
can: 35
aid: 36
also: 37
European: 38
an: 39
so: 40
"@-@": 41
our: 42
President: 43
policy: 44
competition: 45
would: 46
do: 47
more: 48
you: 49
been: 50
States: 51
from: 52
if: 53
my: 54
one: 55
countries: 56
was: 57
what: 58
"&apos;s": 59
all: 60
market: 61
report: 62
now: 63
some: 64
Parliament: 65
Member: 66
Union: 67
because: 68
important: 69
like: 70
these: 71
very: 72
or: 73
take: 74
their: 75
regions: 76
am: 77
need: 78
Commissioner: 79
only: 80
they: 81
its: 82
regional: 83
support: 84
other: 85
into: 86
no: 87
A@@: 88
any: 89
up: 90
us: 91
time: 92
about: 93
national: 94
public: 95
question: 96
believe: 97
here: 98
such: 99
between: 100
areas: 101
banana: 102
want: 103
EU: 104
Mrs: 105
may: 106
me: 107
than: 108
think: 109
"-": 110
agree: 111
made: 112
measures: 113
out: 114
state: 115
work: 116
en@@: 117
first: 118
how: 119
level: 120
social: 121
too: 122
were: 123
"?": 124
Council: 125
economic: 126
issue: 127
many: 128
possible: 129
said: 130
"&apos;": 131
energy: 132
good: 133
part: 134
does: 135
emissions: 136
however: 137
make: 138
most: 139
new: 140
say: 141
therefore: 142
where: 143
"%": 144
Bu@@: 145
United: 146
climate: 147
consumer: 148
ires: 149
just: 150
os: 151
put: 152
two: 153
when: 154
already: 155
cannot: 156
food: 157
point: 158
proposal: 159
rules: 160
tax: 161
those: 162
years: 163
ACP: 164
Kyoto: 165
being: 166
change: 167
clear: 168
development: 169
ensure: 170
fact: 171
forward: 172
own: 173
particular: 174
position: 175
process: 176
radiation: 177
right: 178
same: 179
special: 180
way: 181
who: 182
certainly: 183
debate: 184
let: 185
problems: 186
sector: 187
service: 188
within: 189
WTO: 190
certain: 191
common: 192
consumers: 193
could: 194
even: 195
free: 196
further: 197
know: 198
liberalisation: 199
long: 200
producers: 201
taken: 202
why: 203
able: 204
bananas: 205
before: 206
developing: 207
given: 208
had: 209
much: 210
particularly: 211
procurement: 212
regard: 213
view: 214
year: 215
Europe: 216
come: 217
directive: 218
effective: 219
give: 220
hope: 221
last: 222
order: 223
principle: 224
problem: 225
progress: 226
system: 227
thank: 228
trade: 229
amendments: 230
another: 231
cost: 232
country: 233
future: 234
gentlemen: 235
ini: 236
international: 237
ladies: 238
legislation: 239
number: 240
ol@@: 241
people: 242
see: 243
set: 244
shall: 245
single: 246
still: 247
them: 248
universal: 249
use: 250
zz@@: 251
(: 252
): 253
":": 254
attention: 255
coherence: 256
course: 257
firstly: 258
information: 259
ing: 260
positive: 261
production: 262
quality: 263
r@@: 264
rather: 265
really: 266
services: 267
situation: 268
specific: 269
structural: 270
then: 271
through: 272
under: 273
whole: 274
without: 275
your: 276
Somalia: 277
again: 278
assistance: 279
both: 280
business: 281
conference: 282
difficult: 283
down: 284
essential: 285
example: 286
fair: 287
greater: 288
implementation: 289
least: 290
necessary: 291
others: 292
place: 293
points: 294
reason: 295
role: 296
telecommunications: 297
term: 298
un@@: 299
users: 300
whether: 301
Conference: 302
account: 303
achieve: 304
action: 305
answer: 306
area: 307
ask: 308
authorities: 309
case: 310
competitive: 311
congratulate: 312
costs: 313
discussions: 314
done: 315
effort: 316
efforts: 317
finally: 318
find: 319
flexibility: 320
go: 321
going: 322
he: 323
help: 324
his: 325
interests: 326
itself: 327
makes: 328
means: 329
opinion: 330
political: 331
principles: 332
rapporteur: 333
result: 334
serious: 335
standards: 336
terms: 337
together: 338
treated: 339
well: 340
1: 341
2000: 342
9: 343
B@@: 344
Internet: 345
always: 346
available: 347
become: 348
communication: 349
competitiveness: 350
continue: 351
did: 352
different: 353
far: 354
gen@@: 355
in@@: 356
involved: 357
ion@@: 358
issues: 359
law: 360
lead: 361
legal: 362
look: 363
making: 364
matter: 365
objectives: 366
once: 367
play: 368
policies: 369
products: 370
proposals: 371
re@@: 372
resolution: 373
resources: 374
sustainable: 375
various: 376
welcome: 377
2: 378
J@@: 379
Ri@@: 380
USA: 381
access: 382
agreed: 383
agreement: 384
cohesion: 385
concerned: 386
contracts: 387
deal: 388
decision: 389
effect: 390
enough: 391
environmental: 392
especially: 393
ever: 394
favour: 395
few: 396
field: 397
great: 398
her: 399
indeed: 400
itz: 401
key: 402
kind: 403
levels: 404
namely: 405
needed: 406
next: 407
reduction: 408
rightly: 409
sectors: 410
sen: 411
since: 412
small: 413
subject: 414
sure: 415
things: 416
trading: 417
while: 418
Ã¸@@: 419
CO@@: 420
House: 421
Objective: 422
Par@@: 423
Protocol: 424
actually: 425
al: 426
amendment: 427
apply: 428
approach: 429
average: 430
away: 431
benefit: 432
benefits: 433
better: 434
bility: 435
calling: 436
cases: 437
colleagues: 438
commitment: 439
conditions: 440
connection: 441
control: 442
da@@: 443
decisions: 444
directives: 445
eligible: 446
ensuring: 447
every: 448
everyone: 449
exactly: 450
farmers: 451
follow: 452
forces: 453
framework: 454
funds: 455
get: 456
greenhouse: 457
increase: 458
large: 459
less: 460
mechanisms: 461
methods: 462
natural: 463
negotiations: 464
objective: 465
often: 466
prevent: 467
price: 468
quickly: 469
real: 470
responsibility: 471
responsible: 472
second: 473
sense: 474
society: 475
solution: 476
solutions: 477
sometimes: 478
speak: 479
tabled: 480
ten: 481
ties: 482
tomorrow: 483
towards: 484
vote: 485
y: 486
Blo@@: 487
Committee: 488
Community: 489
Treaty: 490
accept: 491
achieved: 492
addition: 493
adopted: 494
affor@@: 495
after: 496
allow: 497
applicant: 498
back: 499
bring: 500
ch: 501
clearly: 502
commitments: 503
company: 504
cooperation: 505
current: 506
currently: 507
differences: 508
discussion: 509
draw: 510
each: 511
either: 512
emission: 513
end: 514
establish: 515
excellent: 516
financial: 517
flexible: 518
four: 519
full: 520
general: 521
generally: 522
group: 523
guidelines: 524
hand: 525
health: 526
hear: 527
idea: 528
improve: 529
include: 530
income: 531
individual: 532
industry: 533
instrument: 534
ising: 535
job: 536
labelling: 537
lot@@: 538
low: 539
majority: 540
might: 541
minimum: 542
moment: 543
monitoring: 544
myself: 545
needs: 546
nor: 547
opportunity: 548
organisation: 549
over: 550
provision: 551
quite: 552
reading: 553
region: 554
regulation: 555
rise: 556
secondly: 557
several: 558
soon: 559
speaking: 560
step: 561
success: 562
systems: 563
taking: 564
taxation: 565
technical: 566
tell: 567
text: 568
tn@@: 569
today: 570
transport: 571
true: 572
try: 573
trying: 574
used: 575
von: 576
wish: 577
working: 578
world: 579
"!": 580
50: 581
92: 582
Agenda: 583
American: 584
Amsterdam: 585
Commissioners: 586
DG: 587
Group: 588
Linkohr: 589
Madam: 590
Members: 591
Presidency: 592
Spain: 593
T@@: 594
a.m.: 595
absolutely: 596
although: 597
amount: 598
applied: 599
appropriate: 600
aware: 601
based: 602
basis: 603
businesses: 604
calls: 605
changes: 606
charges: 607
chocolate: 608
citizens: 609
closed: 610
colleague: 611
combat: 612
concentration: 613
confidence: 614
consider: 615
cover: 616
despite: 617
direct: 618
disabled: 619
disadvantaged: 620
discuss: 621
e@@: 622
economically: 623
emphasise: 624
encourage: 625
environment: 626
final: 627
foodstuffs: 628
funding: 629
granted: 630
instance: 631
internal: 632
interpretation: 633
introduced: 634
j@@: 635
lack: 636
leave: 637
left: 638
line: 639
lity: 640
mentioned: 641
money: 642
multinational: 643
multinationals: 644
never: 645
old: 646
package: 647
parties: 648
past: 649
population: 650
practice: 651
prepared: 652
presented: 653
prices: 654
procedures: 655
projects: 656
proposed: 657
provide: 658
provided: 659
questions: 660
ratify: 661
reached: 662
reduce: 663
regulations: 664
reports: 665
respond: 666
saying: 667
share: 668
short: 669
significant: 670
simply: 671
something: 672
sound: 673
stated: 674
states: 675
strategy: 676
substantial: 677
suppliers: 678
talking: 679
technology: 680
telephone: 681
thing: 682
though: 683
times: 684
traditional: 685
treatment: 686
unacceptable: 687
using: 688
000: 689
20: 690
3: 691
6: 692
;: 693
Article: 694
Bjerregaard: 695
C: 696
Development: 697
IV: 698
Ireland: 699
Kingdom: 700
Miert: 701
P: 702
Read: 703
Som@@: 704
Spencer: 705
Van: 706
above: 707
across: 708
ad@@: 709
added: 710
against: 711
agreements: 712
aim: 713
ali: 714
amended: 715
annual: 716
arguments: 717
asked: 718
assessment: 719
ate: 720
ated: 721
becomes: 722
billion: 723
briefly: 724
brought: 725
building: 726
c: 727
called: 728
carbon: 729
careful: 730
carried: 731
choice: 732
citizen: 733
closely: 734
comments: 735
committee: 736
companies: 737
con@@: 738
concentrate: 739
concept: 740
concrete: 741
consistent: 742
consumption: 743
creating: 744
credible: 745
crucial: 746
de: 747
decided: 748
definitely: 749
definition: 750
degree: 751
developed: 752
di@@: 753
difficulties: 754
distortions: 755
doing: 756
doubt: 757
during: 758
early: 759
ed: 760
effects: 761
enter: 762
equal: 763
equality: 764
establishing: 765
euro: 766
exists: 767
expect: 768
explain: 769
extremely: 770
eye: 771
fac@@: 772
fiscal: 773
focus: 774
form: 775
fully: 776
gases: 777
global: 778
government: 779
grateful: 780
greatest: 781
hard: 782
harmonisation: 783
having: 784
high: 785
hon@@: 786
huge: 787
human: 788
ies: 789
implementing: 790
infrastructure: 791
instead: 792
institutions: 793
interest: 794
ised: 795
ity: 796
labour: 797
list: 798
local: 799
looking: 800
lot: 801
mean: 802
meet: 803
months: 804
non: 805
notified: 806
open: 807
ourselves: 808
outcome: 809
p@@: 810
parliamentary: 811
pen@@: 812
perhaps: 813
plan: 814
positions: 815
power: 816
practical: 817
pre@@: 818
precisely: 819
programme: 820
promised: 821
protocol: 822
providing: 823
range: 824
recognised: 825
reductions: 826
reform: 827
regards: 828
relation: 829
remember: 830
renewable: 831
respect: 832
rights: 833
s@@: 834
sa@@: 835
scope: 836
she: 837
simple: 838
six: 839
solidarity: 840
start: 841
steps: 842
strategic: 843
strategies: 844
strong: 845
successful: 846
table: 847
tackle: 848
talk: 849
talks: 850
tariffs: 851
telep@@: 852
tender: 853
thanks: 854
three: 855
thus: 856
total: 857
transparency: 858
unfortunately: 859
until: 860
upon: 861
user: 862
uti@@: 863
w@@: 864
waiting: 865
widely: 866
wording: 867
words: 868
wrong: 869
yet: 870
1997: 871
1999: 872
55: 873
77: 874
A: 875
Affairs: 876
America: 877
Bangemann: 878
Brittan: 879
C@@: 880
Can@@: 881
Cre@@: 882
F@@: 883
France: 884
Fund: 885
German: 886
Green: 887
Islands: 888
Italy: 889
January: 890
Liese: 891
M@@: 892
Math@@: 893
Mechan@@: 894
Netherlands: 895
Paper: 896
Pi@@: 897
Ps: 898
Rome: 899
SMEs: 900
Structural: 901
Sweden: 902
V@@: 903
W@@: 904
ability: 905
absence: 906
abuse: 907
abuses: 908
acceptable: 909
according: 910
act: 911
active: 912
add: 913
adopt: 914
adoption: 915
advantage: 916
agricultural: 917
agriculture: 918
aids: 919
alling: 920
allowing: 921
amongst: 922
app@@: 923
appear: 924
applaud: 925
approved: 926
aries: 927
around: 928
arrangements: 929
aspect: 930
aspects: 931
ation: 932
basic: 933
best: 934
bi@@: 935
bid: 936
broad: 937
budget: 938
burden: 939
call: 940
capital: 941
cause: 942
ceiling: 943
choose: 944
city: 945
clarity: 946
clauses: 947
co: 948
coming: 949
committees: 950
compatible: 951
complex: 952
concern: 953
concerns: 954
conclusion: 955
consideration: 956
considered: 957
constructive: 958
context: 959
continuing: 960
convinced: 961
covered: 962
create: 963
cut: 964
d@@: 965
daily: 966
danger: 967
date: 968
days: 969
de@@: 970
debating: 971
deciding: 972
democratic: 973
detail: 974
ding: 975
directly: 976
disasters: 977
disproportionate: 978
diversi@@: 979
diversification: 980
domestic: 981
drop: 982
duly: 983
e: 984
easy: 985
economy: 986
efficient: 987
elements: 988
emphasising: 989
enjoy: 990
enlargement: 991
ental: 992
entirely: 993
entitled: 994
ero@@: 995
es: 996
essentially: 997
et@@: 998
evidence: 999
exercise: 1000
expense: 1001
explicitly: 1002
express: 1003
faced: 1004
facilities: 1005
favoured: 1006
ff@@: 1007
figures: 1008
firm: 1009
firms: 1010
five: 1011
forthcoming: 1012
fy: 1013
gas: 1014
getting: 1015
gives: 1016
goes: 1017
ground: 1018
groups: 1019
growth: 1020
guarantee: 1021
hands: 1022
happen: 1023
harmonised: 1024
heard: 1025
held: 1026
honour: 1027
hypocrisy: 1028
ideal: 1029
impact: 1030
improvements: 1031
improving: 1032
including: 1033
increasing: 1034
independent: 1035
industries: 1036
initiatives: 1037
instances: 1038
intend: 1039
intensity: 1040
interesting: 1041
introduction: 1042
ir@@: 1043
island: 1044
ism: 1045
keep: 1046
kept: 1047
kinds: 1048
king: 1049
lean: 1050
led: 1051
limited: 1052
links: 1053
little: 1054
logical: 1055
maintain: 1056
major: 1057
managed: 1058
margin: 1059
measure: 1060
mechanism: 1061
meeting: 1062
meetings: 1063
ment@@: 1064
minute: 1065
model: 1066
modern: 1067
month: 1068
move: 1069
necessity: 1070
networks: 1071
nevertheless: 1072
ning: 1073
note: 1074
nothing: 1075
off: 1076
offer: 1077
oms: 1078
ones: 1079
opinions: 1080
opposed: 1081
opposition: 1082
ordinary: 1083
organisations: 1084
original: 1085
ou@@: 1086
ous: 1087
outside: 1088
p: 1089
panel: 1090
parts: 1091
pay: 1092
payments: 1093
period: 1094
peripheral: 1095
personal: 1096
played: 1097
playing: 1098
poor: 1099
present: 1100
press: 1101
private: 1102
produce: 1103
producer: 1104
product: 1105
proposing: 1106
protecting: 1107
protection: 1108
provides: 1109
ps: 1110
purpose: 1111
pursuing: 1112
raise: 1113
raised: 1114
rate: 1115
ratified: 1116
reality: 1117
reasonable: 1118
received: 1119
recognise: 1120
reduced: 1121
reducing: 1122
referred: 1123
regime: 1124
regimes: 1125
remain: 1126
remains: 1127
remind: 1128
represents: 1129
required: 1130
research: 1131
residen@@: 1132
response: 1133
responsibilities: 1134
revised: 1135
rich: 1136
rigorous: 1137
risk: 1138
run: 1139
safeguards: 1140
safety: 1141
says: 1142
schools: 1143
seeing: 1144
seems: 1145
sensible: 1146
seriously: 1147
show: 1148
showed: 1149
sign: 1150
sign@@: 1151
simpli@@: 1152
sort: 1153
source: 1154
sp@@: 1155
speech: 1156
spirit: 1157
stand: 1158
started: 1159
strengthen: 1160
stress: 1161
stricter: 1162
submitting: 1163
subsidised: 1164
substantially: 1165
sufficient: 1166
suggested: 1167
supplies: 1168
supported: 1169
takes: 1170
targets: 1171
tariff: 1172
tations: 1173
te: 1174
telec@@: 1175
th: 1176
th@@: 1177
themselves: 1178
thereby: 1179
tial: 1180
ting: 1181
tion: 1182
tonnes: 1183
tourism: 1184
tration: 1185
tried: 1186
truly: 1187
turn: 1188
turning: 1189
ulf: 1190
understand: 1191
unfair: 1192
urge: 1193
urgent: 1194
vali@@: 1195
value: 1196
ver@@: 1197
ves: 1198
w: 1199
wait: 1200
war: 1201
wider: 1202
y@@: 1203
10: 1204
100: 1205
12: 1206
15: 1207
1998: 1208
2006: 1209
2010: 1210
30: 1211
40: 1212
75: 1213
7@@: 1214
8: 1215
8@@: 1216
Action: 1217
Americans: 1218
Argentin@@: 1219
Argentina: 1220
Belgium: 1221
British: 1222
CD@@: 1223
CO2: 1224
Canary: 1225
Chamber: 1226
China: 1227
Convention: 1228
E@@: 1229
EU@@: 1230
EUR: 1231
Economic: 1232
English: 1233
Fifth: 1234
G@@: 1235
Geneva: 1236
Germany: 1237
Gra@@: 1238
Greece: 1239
Gu@@: 1240
Hautala: 1241
June: 1242
Latin: 1243
Leon: 1244
LomÃ©: 1245
Lu@@: 1246
Maastricht: 1247
Madeira: 1248
Martin@@: 1249
Ministers: 1250
No: 1251
Organisation: 1252
PPE: 1253
Plan: 1254
RE@@: 1255
Russia: 1256
Sir: 1257
St: 1258
State: 1259
Trade: 1260
US: 1261
V: 1262
VI: 1263
World: 1264
X: 1265
ably: 1266
accepted: 1267
accession: 1268
accordance: 1269
acute: 1270
ad: 1271
additional: 1272
address: 1273
adjusted: 1274
adjustment: 1275
adjustments: 1276
administration: 1277
affect: 1278
affected: 1279
afford: 1280
age: 1281
ago: 1282
ahead: 1283
aiming: 1284
aims: 1285
air: 1286
allocated: 1287
allocation: 1288
along: 1289
altered: 1290
amounts: 1291
analysis: 1292
and@@: 1293
announced: 1294
applic@@: 1295
applies: 1296
ary: 1297
asking: 1298
association: 1299
ately: 1300
ating: 1301
attempt: 1302
attitude: 1303
authorisation: 1304
aviation: 1305
avoid: 1306
b: 1307
background: 1308
balance: 1309
balanced: 1310
base: 1311
becoming: 1312
begin: 1313
behalf: 1314
behind: 1315
beyond: 1316
binding: 1317
biodiversity: 1318
bly: 1319
board: 1320
bound: 1321
brings: 1322
broader: 1323
burdens: 1324
buy: 1325
buying: 1326
c@@: 1327
ca: 1328
cally: 1329
car@@: 1330
cate: 1331
cations: 1332
ceable: 1333
ced: 1334
certifi@@: 1335
challenge: 1336
chance: 1337
ci@@: 1338
cia: 1339
ck: 1340
clarify: 1341
clean: 1342
close: 1343
cohesive: 1344
collective: 1345
commend: 1346
comment: 1347
committed: 1348
compensatory: 1349
compete: 1350
competent: 1351
compli@@: 1352
compliance: 1353
comprehensive: 1354
compromise: 1355
compulsory: 1356
concentrating: 1357
concerning: 1358
conciliation: 1359
confident: 1360
conflict: 1361
connected: 1362
consensus: 1363
consequences: 1364
consistently: 1365
constitutes: 1366
contained: 1367
contrac@@: 1368
contract: 1369
contribute: 1370
convergence: 1371
convince: 1372
coordinated: 1373
corporations: 1374
correct: 1375
counter@@: 1376
criteria: 1377
criterion: 1378
critical: 1379
criticise: 1380
criticised: 1381
cru@@: 1382
cutting: 1383
d: 1384
damage: 1385
data: 1386
dated: 1387
day: 1388
debates: 1389
decide: 1390
deficiencies: 1391
delegation: 1392
delighted: 1393
deliver: 1394
democracy: 1395
depends: 1396
deprive: 1397
deserve: 1398
desig@@: 1399
designed: 1400
desired: 1401
detailed: 1402
details: 1403
determined: 1404
detriment: 1405
dialogue: 1406
difference: 1407
differs: 1408
dimension: 1409
dioxide: 1410
disabilities: 1411
disappointing: 1412
dispar@@: 1413
dispute: 1414
distinction: 1415
distortion: 1416
distribution: 1417
dominant: 1418
double: 1419
dra@@: 1420
draws: 1421
duties: 1422
easier: 1423
effectively: 1424
el@@: 1425
elderly: 1426
elec@@: 1427
electricity: 1428
eliminate: 1429
else: 1430
em@@: 1431
emerge: 1432
emerging: 1433
emphasised: 1434
employment: 1435
enable: 1436
encouraging: 1437
enhance: 1438
enjoyed: 1439
enlarged: 1440
ent: 1441
enterprises: 1442
entire: 1443
equally: 1444
equity: 1445
equivalent: 1446
er: 1447
ering: 1448
es@@: 1449
est: 1450
established: 1451
et: 1452
etten: 1453
evening: 1454
event: 1455
everything: 1456
examine: 1457
exceed: 1458
expectations: 1459
expensive: 1460
expert: 1461
export: 1462
exports: 1463
extend: 1464
extent: 1465
face: 1466
facto: 1467
fail: 1468
failure: 1469
fairly: 1470
fairness: 1471
fall: 1472
fear: 1473
feasible: 1474
feel: 1475
fied: 1476
finance: 1477
fine: 1478
fixed: 1479
flo@@: 1480
floor: 1481
following: 1482
force: 1483
forestation: 1484
forgive: 1485
form@@: 1486
forming: 1487
formity: 1488
frequently: 1489
fs: 1490
fuel: 1491
g@@: 1492
gain: 1493
gi@@: 1494
goal: 1495
goods: 1496
got: 1497
governments: 1498
gra@@: 1499
grant: 1500
granting: 1501
gre@@: 1502
grounds: 1503
happened: 1504
happening: 1505
happy: 1506
heavily: 1507
hence: 1508
highest: 1509
hoc: 1510
holding: 1511
home: 1512
homo@@: 1513
horizontal: 1514
house: 1515
identified: 1516
immediately: 1517
implemented: 1518
implications: 1519
import: 1520
importance: 1521
impossible: 1522
improved: 1523
improvement: 1524
improves: 1525
includes: 1526
incomes: 1527
incompatible: 1528
inconsistent: 1529
incorporated: 1530
increasingly: 1531
incredibly: 1532
industrialised: 1533
inequalities: 1534
ing@@: 1535
initially: 1536
integral: 1537
internationally: 1538
investment: 1539
involve: 1540
ique: 1541
itting: 1542
jobs: 1543
joint: 1544
jointly: 1545
k@@: 1546
ked: 1547
known: 1548
labelled: 1549
largely: 1550
late: 1551
launch: 1552
liberalised: 1553
libraries: 1554
lic: 1555
lift: 1556
limit: 1557
limits: 1558
lines: 1559
lities: 1560
lives: 1561
lo@@: 1562
longer: 1563
looked: 1564
losses: 1565
lower: 1566
lowest: 1567
ly: 1568
m: 1569
ma@@: 1570
main: 1571
maintained: 1572
manner: 1573
markets: 1574
maximum: 1575
meantime: 1576
medium: 1577
message: 1578
met: 1579
million: 1580
mind: 1581
minor: 1582
mistakes: 1583
mobile: 1584
models: 1585
moderate: 1586
modify: 1587
momentum: 1588
monetary: 1589
monopoly: 1590
nature: 1591
necessarily: 1592
negotiated: 1593
negotiating: 1594
negotiation: 1595
network: 1596
obvious: 1597
obviously: 1598
occasions: 1599
occur: 1600
office: 1601
om: 1602
operation: 1603
operational: 1604
operators: 1605
opportunities: 1606
or@@: 1607
organise: 1608
outset: 1609
overall: 1610
paid: 1611
passed: 1612
payment: 1613
pe: 1614
person: 1615
persuade: 1616
pi@@: 1617
pill@@: 1618
placed: 1619
plan@@: 1620
planet: 1621
plans: 1622
pleased: 1623
polluter: 1624
poorer: 1625
poses: 1626
possibility: 1627
prejudi@@: 1628
prepare: 1629
preparing: 1630
presence: 1631
preserved: 1632
pressed: 1633
pressure: 1634
prioriti@@: 1635
priority: 1636
privatisation: 1637
proceedings: 1638
processes: 1639
produced: 1640
producing: 1641
professions: 1642
profit: 1643
prohibited: 1644
project: 1645
promise: 1646
promises: 1647
promote: 1648
promotion: 1649
proper: 1650
proportion: 1651
proposes: 1652
protect: 1653
prove: 1654
putting: 1655
quota: 1656
ra@@: 1657
radi@@: 1658
radically: 1659
ran@@: 1660
rapporteurs: 1661
ratification: 1662
re: 1663
reach: 1664
reaction: 1665
ready: 1666
recall: 1667
receive: 1668
receives: 1669
recognising: 1670
recognition: 1671
recommendations: 1672
reference: 1673
regarded: 1674
regarding: 1675
regardless: 1676
regulated: 1677
related: 1678
relationship: 1679
relative: 1680
relatively: 1681
relie@@: 1682
relocations: 1683
repeat: 1684
reply: 1685
requirement: 1686
requirements: 1687
res: 1688
reservation: 1689
respecting: 1690
respects: 1691
restrictions: 1692
results: 1693
review: 1694
ri@@: 1695
ridiculous: 1696
rule: 1697
ruling: 1698
running: 1699
runs: 1700
s: 1701
sake: 1702
satisfaction: 1703
satisfactory: 1704
se@@: 1705
secure: 1706
seek: 1707
seem: 1708
seen: 1709
sen@@: 1710
series: 1711
seriousness: 1712
sets: 1713
setting: 1714
seven: 1715
sh@@: 1716
shared: 1717
shortly: 1718
shown: 1719
shows: 1720
side: 1721
signs: 1722
situations: 1723
sized: 1724
slow: 1725
somewhat: 1726
speakers: 1727
specifically: 1728
spending: 1729
spoke: 1730
standard: 1731
standing: 1732
stay: 1733
ste@@: 1734
stipulates: 1735
stra@@: 1736
straight: 1737
strength: 1738
stressed: 1739
strict: 1740
stringent: 1741
strongly: 1742
struc@@: 1743
subsidies: 1744
subsidy: 1745
suggestions: 1746
suitable: 1747
supply: 1748
surely: 1749
survival: 1750
t: 1751
t@@: 1752
tan@@: 1753
ted: 1754
tels: 1755
territory: 1756
tes: 1757
thanking: 1758
thinking: 1759
thirds: 1760
threat: 1761
threshold: 1762
timing: 1763
tion@@: 1764
tional: 1765
tors: 1766
touched: 1767
tra@@: 1768
track: 1769
training: 1770
transfer: 1771
transposed: 1772
trust: 1773
ts: 1774
turally: 1775
turned: 1776
ultimately: 1777
ultra@@: 1778
unable: 1779
uncertainty: 1780
understood: 1781
undertake: 1782
undertakings: 1783
unfortunate: 1784
uni@@: 1785
union: 1786
univer@@: 1787
upset: 1788
urgently: 1789
useful: 1790
variety: 1791
vent: 1792
verification: 1793
views: 1794
virtually: 1795
vital: 1796
voice: 1797
wanted: 1798
ward: 1799
water: 1800
water@@: 1801
ways: 1802
weakest: 1803
week: 1804
went: 1805
whilst: 1806
widening: 1807
willingness: 1808
wished: 1809
with@@: 1810
wonder: 1811
word: 1812
workers: 1813
works: 1814
worldwide: 1815
worst: 1816
ws: 1817
ying: 1818
"&apos;Ivoire": 1819
.&apos;: 1820
17: 1821
18: 1822
19: 1823
1975: 1824
1979: 1825
1988: 1826
198@@: 1827
1990: 1828
2008: 1829
25: 1830
2@@: 1831
30@@: 1832
31: 1833
35: 1834
37: 1835
38: 1836
3@@: 1837
47: 1838
4@@: 1839
51: 1840
5@@: 1841
60: 1842
70: 1843
800: 1844
85: 1845
99: 1846
9@@: 1847
ARE: 1848
Africa: 1849
Am@@: 1850
Amendment: 1851
Amendments: 1852
An@@: 1853
Annex: 1854
Arias: 1855
Articles: 1856
Austria: 1857
Ban@@: 1858
Be@@: 1859
Bi@@: 1860
Bot@@: 1861
Br@@: 1862
Breyer: 1863
Brussels: 1864
Cam@@: 1865
Canada: 1866
Central: 1867
Chi@@: 1868
Clu@@: 1869
Cologne: 1870
Communities: 1871
Congress: 1872
Cooperation: 1873
Court: 1874
CÃ´te: 1875
DF: 1876
Declaration: 1877
Denmark: 1878
EC: 1879
ECOFIN: 1880
ER@@: 1881
El@@: 1882
Environment: 1883
Executive: 1884
F: 1885
Fern@@: 1886
Finland: 1887
Foreign: 1888
Four@@: 1889
Funds: 1890
GATT: 1891
GarcÃ­a: 1892
Germans: 1893
H@@: 1894
Honduras: 1895
I@@: 1896
IGC: 1897
II: 1898
III: 1899
Industrial: 1900
Institu@@: 1901
International: 1902
Iraq: 1903
Japan: 1904
Joint: 1905
Kaz@@: 1906
Kazakhstan: 1907
Kosovo: 1908
Labour: 1909
Langen: 1910
M: 1911
MEP: 1912
MEPs: 1913
Mac@@: 1914
Mart@@: 1915
Mau@@: 1916
May: 1917
Men@@: 1918
Monetary: 1919
Monti: 1920
Ms: 1921
NGOs: 1922
Nations: 1923
Nordic: 1924
Nos: 1925
OECD: 1926
Office: 1927
PHARE: 1928
Pap@@: 1929
Paragraph: 1930
Parlia@@: 1931
Pol@@: 1932
Policy: 1933
Portugal: 1934
Presidencies: 1935
Rack: 1936
Rule: 1937
S@@: 1938
Scandin@@: 1939
Schnellhardt: 1940
Section: 1941
September: 1942
Sixth: 1943
Social: 1944
Spanish: 1945
Sur@@: 1946
TA@@: 1947
TACIS: 1948
Telef@@: 1949
Velzen: 1950
White: 1951
Wind@@: 1952
X@@: 1953
Year: 1954
Z@@: 1955
a@@: 1956
abo@@: 1957
abroad: 1958
absurd: 1959
abused: 1960
ac@@: 1961
accepts: 1962
accessibility: 1963
accessible: 1964
accommodate: 1965
accompanied: 1966
accomplished: 1967
accordingly: 1968
achievement: 1969
achieving: 1970
ack: 1971
ack@@: 1972
acknowledge: 1973
acks: 1974
acquire: 1975
acquis: 1976
acting: 1977
actions: 1978
actively: 1979
actual: 1980
adap@@: 1981
adapt: 1982
adapted: 1983
addressed: 1984
adds: 1985
adequately: 1986
adher@@: 1987
administrative: 1988
admissible: 1989
admit: 1990
admitted: 1991
advantageous: 1992
advantages: 1993
adver@@: 1994
adverse: 1995
advocate: 1996
affairs: 1997
ag@@: 1998
ages: 1999