200.10348511
199.77453613
196.38256836
185.44483948
168.59661865
192.99969482
181.77833557
177.61343384
200.09066772
199.76243591
