341.56268311
328.85687256
300.68945312
295.04937744
322.07330322
306.52780151
332.50936890
305.94641113
290.83953857
265.52841187
256.46743774
278.98114014
265.27020264
292.67654419
273.39343262
