274.50836182
274.87689209
266.24481201
259.36730957
235.45114136
