216.91867065
261.72125244
267.90841675
266.43109131
300.19824219
