261.83258057
257.78665161
262.48895264
253.13388062
234.16917419
