</s>: 0
<unk>: 1
",": 2
.: 3
die: 4
der: 5
und: 6
in: 7
zu: 8
ich: 9
den: 10
das: 11
daß: 12
wir: 13
ist: 14
es: 15
für: 16
nicht: 17
von: 18
eine: 19
auch: 20
auf: 21
mit: 22
werden: 23
im: 24
des: 25
dem: 26
haben: 27
"@-@": 28
sie: 29
sich: 30
sind: 31
Kommission: 32
wie: 33
Herr: 34
ein: 35
um: 36
aber: 37
hat: 38
wenn: 39
wird: 40
zur: 41
als: 42
einer: 43
nur: 44
möchte: 45
über: 46
diese: 47
einen: 48
müssen: 49
"-": 50
bei: 51
muß: 52
Präsident: 53
noch: 54
kann: 55
an: 56
uns: 57
so: 58
zum: 59
sein: 60
dieser: 61
Frau: 62
Union: 63
sehr: 64
"!": 65
Bericht: 66
können: 67
Regionen: 68
gibt: 69
A@@: 70
man: 71
Beihilfen: 72
oder: 73
Sie: 74
hier: 75
Parlament: 76
er: 77
mich: 78
nach: 79
Mitgliedstaaten: 80
vor: 81
was: 82
da: 83
diesem: 84
durch: 85
":": 86
Frage: 87
Unternehmen: 88
en@@: 89
jetzt: 90
EU: 91
aus: 92
dieses: 93
Maßnahmen: 94
wurde: 95
alle: 96
damit: 97
dazu: 98
keine: 99
mehr: 100
"?": 101
Bananen@@: 102
meine: 103
sollten: 104
weil: 105
wichtig: 106
Herrn: 107
bereits: 108
darauf: 109
geht: 110
immer: 111
os: 112
Bu@@: 113
dann: 114
denn: 115
doch: 116
habe: 117
ires: 118
unsere: 119
wollen: 120
Kommissarin: 121
anderen: 122
deshalb: 123
einem: 124
zwischen: 125
Politik: 126
Unterstützung: 127
Verbraucher: 128
ihre: 129
sollte: 130
will: 131
"%": 132
Europäischen: 133
Ihnen: 134
Kollegen: 135
Länder: 136
Parlaments: 137
am: 138
diesen: 139
war: 140
AKP: 141
Entwicklung: 142
Kommissar: 143
Kyoto: 144
Rat: 145
Ziel: 146
eines: 147
einige: 148
meiner: 149
Europäische: 150
Wettbewerb: 151
Wettbewerbspolitik: 152
Zusammenhang: 153
bin: 154
bis: 155
geben: 156
ihrer: 157
mir: 158
sagen: 159
würde: 160
Vorschlag: 161
WTO: 162
ganz: 163
möglich: 164
nehmen: 165
ver@@: 166
wirklich: 167
zunächst: 168
"&quot;": 169
Jahr: 170
Jahre: 171
Konferenz: 172
Problem: 173
Wettbewerbs@@: 174
dies: 175
einmal: 176
gesagt: 177
heute: 178
nationalen: 179
soll: 180
unserer: 181
unter: 182
öffentlichen: 183
Arbeit: 184
Bereich: 185
Ebene: 186
Emissions@@: 187
Richtlinie: 188
Staaten: 189
USA: 190
jedoch: 191
te: 192
weiter: 193
Bananen: 194
Kosten: 195
Liberalisierung: 196
Ländern: 197
Markt: 198
Meinung: 199
Probleme: 200
Regional@@: 201
Umsetzung: 202
also: 203
andere: 204
brauchen: 205
dabei: 206
daher: 207
dienst: 208
gehen: 209
glaube: 210
ini: 211
ja: 212
natürlich: 213
ob: 214
ol@@: 215
sondern: 216
ung: 217
weiß: 218
wieder: 219
wissen: 220
wäre: 221
zz@@: 222
Binnenmarkt: 223
Gebiete: 224
Klimawandel: 225
Rahmen: 226
Universal@@: 227
Zeit: 228
Ziele: 229
ab@@: 230
allen: 231
besteht: 232
bezug: 233
bringen: 234
darum: 235
denke: 236
erreichen: 237
europäischen: 238
insbesondere: 239
kommen: 240
machen: 241
nun: 242
nämlich: 243
viele: 244
waren: 245
Antwort: 246
Herren: 247
Kohärenz: 248
Menschen: 249
Möglichkeit: 250
Nutzer: 251
Regionalpolitik: 252
an@@: 253
be@@: 254
besonders: 255
dafür: 256
darüber: 257
dürfen: 258
einigen: 259
freien: 260
könnte: 261
lassen: 262
ohne: 263
politische: 264
sch@@: 265
schon: 266
seine: 267
selbst: 268
sowie: 269
staatlichen: 270
stimme: 271
tun: 272
wirtschaftlichen: 273
wurden: 274
zwei: 275
Änderungsanträge: 276
öffentliche: 277
2: 278
B@@: 279
Bemühungen: 280
Berichterstatter: 281
Damen: 282
Gebiet: 283
Handel: 284
Mitteilung: 285
Notwendigkeit: 286
Rolle: 287
Thema: 288
Wettbewerbsfähigkeit: 289
aufgenommen: 290
darf: 291
denen: 292
ende: 293
etwas: 294
findet: 295
führen: 296
gen@@: 297
gerade: 298
großen: 299
halte: 300
hoffe: 301
innerhalb: 302
keinen: 303
liegt: 304
notwendig: 305
recht: 306
schaffen: 307
stehen: 308
viel: 309
vom: 310
werde: 311
zu@@: 312
2000: 313
Ausschuß: 314
Aussprache: 315
Bereitstellung: 316
Fall: 317
Hilfe: 318
Internet: 319
J@@: 320
Lösungen: 321
Protokoll: 322
Recht: 323
Schritt: 324
Somalia: 325
Steuer@@: 326
Stra@@: 327
Teil: 328
Verantwortung: 329
Vereinigten: 330
Verhandlungen: 331
al@@: 332
allem: 333
beglückwünschen: 334
danken: 335
eigenen: 336
ein@@: 337
europäische: 338
ge@@: 339
gegenüber: 340
gemeinsam: 341
genau: 342
große: 343
gute: 344
ihr: 345
r@@: 346
sektor: 347
solche: 348
statt: 349
stellen: 350
stärksten: 351
t@@: 352
ungen: 353
ungs@@: 354
zwar: 355
1: 356
Auftragswesen: 357
Bürger: 358
Entwicklungsländern: 359
Europa: 360
Flexibilität: 361
Förder@@: 362
Gefahr: 363
Gemeinsamen: 364
Land: 365
Lebensmittel: 366
Markt@@: 367
Mittel: 368
Qualität: 369
Ri@@: 370
Richtlinien: 371
Vertragsparteien: 372
Wettbewerbs: 373
Zugang: 374
bleiben: 375
er@@: 376
erreicht: 377
ersten: 378
gern: 379
gesprochen: 380
gut: 381
hatte: 382
heißt: 383
in@@: 384
is: 385
itz: 386
kein: 387
konkrete: 388
macht: 389
nationale: 390
richtig: 391
seit: 392
sen: 393
solchen: 394
sozialen: 395
spezielle: 396
stärker: 397
ten: 398
unser: 399
unterstützen: 400
vielleicht: 401
weitere: 402
wo: 403
würden: 404
ø@@: 405
Artikel: 406
Beispiel: 407
Debatte: 408
Emissionen: 409
Energies@@: 410
Entschließung: 411
Er@@: 412
Euro: 413
Fragen: 414
Fraktion: 415
Förderung: 416
Jahren: 417
Konferenzen: 418
Möglichkeiten: 419
Regeln: 420
Situation: 421
Standpunkt: 422
Telekommunikation: 423
Umwelt@@: 424
Verfahren: 425
Vorschläge: 426
Wirtschaft: 427
Zukunft: 428
allerdings: 429
benachteiligten: 430
bitte: 431
ch: 432
darin: 433
dessen: 434
enden: 435
erhalten: 436
europäischer: 437
gegen: 438
h@@: 439
hlen: 440
hlung: 441
kurz: 442
letzten: 443
meinem: 444
morgen: 445
neuen: 446
nichts: 447
nutzen: 448
positive: 449
sehen: 450
sicher: 451
st@@: 452
staatliche: 453
stellt: 454
un@@: 455
unterstütze: 456
vielen: 457
warum: 458
worden: 459
zweitens: 460
10: 461
Abstimmung: 462
Ansicht: 463
Ausschreibungen: 464
Beihil@@: 465
Blo@@: 466
Diskussion: 467
E@@: 468
Ende: 469
Erfolg: 470
F@@: 471
Fälle: 472
H@@: 473
Klima@@: 474
Kon@@: 475
Lage: 476
Lesung: 477
Lösung: 478
Mitteln: 479
Namen: 480
Preis@@: 481
Präsidentschaft: 482
Regierung: 483
Region: 484
Richtung: 485
Sache: 486
Schaffung: 487
Sonder@@: 488
Sozial@@: 489
Tat: 490
Treibhausgasen: 491
Verbesserung: 492
Verordnung: 493
Verpflichtungen: 494
Zusammenarbeit: 495
a: 496
aten: 497
aus@@: 498
begrüße: 499
bereit: 500
besondere: 501
besonderen: 502
daran: 503
davon: 504
e: 505
ebenfalls: 506
eingereicht: 507
einig: 508
el@@: 509
endlich: 510
erster: 511
fik@@: 512
freue: 513
g@@: 514
gehört: 515
gemeinsame: 516
gleiche: 517
gleichen: 518
gleichzeitig: 519
halten: 520
handelt: 521
hinaus: 522
hingewiesen: 523
ieren: 524
internationaler: 525
ion@@: 526
is@@: 527
ischen: 528
jedem: 529
klar: 530
kon@@: 531
lang: 532
lange: 533
leider: 534
lot@@: 535
manchmal: 536
mein: 537
meisten: 538
neue: 539
schließlich: 540
sei: 541
sollen: 542
sprechen: 543
teuer: 544
tn@@: 545
treten: 546
trotz: 547
unter@@: 548
unternehmen: 549
verbunden: 550
verschiedenen: 551
weder: 552
weiterhin: 553
weniger: 554
wichtige: 555
wichtiger: 556
während: 557
über@@: 558
übrigen: 559
): 560
-@@: 561
50: 562
9.00: 563
;: 564
Agenda: 565
Aktionen: 566
An@@: 567
Ansatz: 568
Anstrengungen: 569
Aufmerksamkeit: 570
Bedeutung: 571
Bemerkungen: 572
Bestra@@: 573
Bürgern: 574
Co@@: 575
Dank: 576
Entwicklungsländer: 577
Form: 578
Grund: 579
Haltung: 580
Haus: 581
Hilfen: 582
Informationen: 583
Inseln: 584
Interessen: 585
K@@: 586
Kolleginnen: 587
Konzentration: 588
Konzept: 589
Landes: 590
Lebensmitteln: 591
Linkohr: 592
Mar@@: 593
Mechanismen: 594
P: 595
Position: 596
Prozeß: 597
Präsidentin: 598
Reaktion: 599
Rede: 600
Reihe: 601
Sch@@: 602
Schutz: 603
Sinn: 604
Strategie: 605
T@@: 606
Telefon@@: 607
Telekommunikations@@: 608
Uhr: 609
Unterschiede: 610
Verbraucher@@: 611
Vorteile: 612
Wort: 613
akzeptieren: 614
allgemeinen: 615
anderer: 616
auf@@: 617
behand@@: 618
beide: 619
beiden: 620
beim: 621
beschlossen: 622
beseitigen: 623
bestimmte: 624
betonen: 625
bewußt: 626
d@@: 627
danke: 628
de: 629
deutlich: 630
durchaus: 631
eigene: 632
einfach: 633
einzelnen: 634
elte: 635
en: 636
entscheiden: 637
erst: 638
fe: 639
festzustellen: 640
gebühren: 641
gefördert: 642
geführt: 643
gehören: 644
geleistet: 645
gemacht: 646
genden: 647
geschlossen: 648
glichkeit: 649
großer: 650
guten: 651
günsti@@: 652
her@@: 653
hinsichtlich: 654
hinweisen: 655
ierenden: 656
ihnen: 657
ihren: 658
inzwischen: 659
isse: 660
konkreten: 661
ktion: 662
kts: 663
kul@@: 664
legen: 665
liebe: 666
meinen: 667
möglichst: 668
n@@: 669
nachhaltige: 670
ne@@: 671
oft: 672
ordnung: 673
politik: 674
politischen: 675
produzenten: 676
prüfen: 677
rechtlichen: 678
reden: 679
redu@@: 680
region@@: 681
regionalen: 682
s: 683
sagte: 684
sechs: 685
seinen: 686
seitens: 687
sin@@: 688
sogar: 689
steht: 690
t: 691
teile: 692
ter: 693
ti@@: 694
traditionellen: 695
unseren: 696
unterschiedliche: 697
unterstreichen: 698
van: 699
versuchen: 700
vier: 701
voll: 702
vorgelegt: 703
vorgesehen: 704
vorgetragen: 705
warten: 706
weit: 707
win@@: 708
wirtschaftliche: 709
zerti@@: 710
Änderungsantrag: 711
ß: 712
000: 713
20: 714
3: 715
6: 716
9: 717
Abgeordneten: 718
Absatz: 719
Aktionsplan: 720
Amsterdam: 721
Anwendung: 722
Aspekt: 723
Auftrags@@: 724
Beginn: 725
Bemerkung: 726
Berichts: 727
Besteuerung: 728
Bjerregaard: 729
C: 730
Dienste: 731
Diskussionen: 732
Einführung: 733
Einrichtungen: 734
Energien: 735
Entscheidung: 736
Entscheidungen: 737
Erarbeitung: 738
Erklärung: 739
Erweiterung: 740
Erzeuger: 741
Erzeuger@@: 742
Europas: 743
Fair@@: 744
Fortschritt: 745
Frankreich: 746
Gedanken: 747
Gegebenheiten: 748
Gemeinschaft: 749
Gesellschaft: 750
Gesetzgebung: 751
Grundsätze: 752
Handels@@: 753
Hinblick: 754
Höchst@@: 755
IV: 756
Ihre: 757
Industrie: 758
Instrument: 759
Interesse: 760
Irland: 761
Kanarischen: 762
Kenntnis: 763
Kennzeichnung: 764
Klarheit: 765
Kollegin: 766
Kontrolle: 767
Königreich: 768
Lasten: 769
Lebensmittel@@: 770
Liberalisierungs@@: 771
Linie: 772
Mal: 773
Mehrheit: 774
Miert: 775
Mitglieder: 776
Nach@@: 777
Nutz@@: 778
Nutzen: 779
Parlaments@@: 780
Parteien: 781
Pflicht: 782
Politiken: 783
Praxis: 784
Produzenten: 785
Punkt: 786
Punkte: 787
Rates: 788
Ratifizierung: 789
Read: 790
Rechtsvorschriften: 791
Reduzierung: 792
S@@: 793
Schluß: 794
Schweden: 795
Sektor: 796
Sektoren: 797
Spanien: 798
Spencer: 799
St@@: 800
Stellung: 801
Strukturfonds: 802
System: 803
Ver@@: 804
Vereinbarungen: 805
Verpflichtung: 806
Vor@@: 807
W@@: 808
Wettbewerbsverzerrungen: 809
Zeit@@: 810
Zusammenhalts: 811
all: 812
aller: 813
alles: 814
allgemeine: 815
and: 816
angenommen: 817
aufgrund: 818
aufmerksam: 819
ausgezeichneten: 820
beispielsweise: 821
berücksichtigt: 822
bestimmten: 823
bestra@@: 824
betrachtet: 825
bleibt: 826
braucht: 827
bung: 828
dadurch: 829
dagegen: 830
dennoch: 831
deren: 832
derzeit: 833
direkt: 834
e@@: 835
ebenso: 836
effektiv: 837
eingesetzt: 838
einzige: 839
ener@@: 840
entschieden: 841
erforderlich: 842
erkennen: 843
ermöglichen: 844
ero@@: 845
erste: 846
erstens: 847
f@@: 848
fallen: 849
fe@@: 850
finanziellen: 851
fizierung: 852
freie: 853
fähig: 854
förder@@: 855
förderung: 856
führt: 857
ganze: 858
ganzen: 859
gar: 860
gelten: 861
gemeinsamen: 862
gemäß: 863
genommen: 864
getroffen: 865
gewiß: 866
größere: 867
gte: 868
hatten: 869
heit: 870
helfen: 871
hätten: 872
ihres: 873
insgesamt: 874
ische: 875
ke: 876
kleinen: 877
komme: 878
ktionen: 879
könnten: 880
lediglich: 881
lich: 882
liefer@@: 883
lität: 884
läßt: 885
manchen: 886
maßnahmen: 887
meines: 888
ment@@: 889
mindestens: 890
mission: 891
mitteilen: 892
multinationalen: 893
möglichen: 894
nationaler: 895
nehme: 896
nächsten: 897
prozesses: 898
rasch: 899
regionale: 900
s@@: 901
sagt: 902
sicherlich: 903
som@@: 904
spielt: 905
spreche: 906
ste: 907
steuerlichen: 908
stärkere: 909
tari@@: 910
tatsächlichen: 911
ts@@: 912
tz@@: 913
umgesetzt: 914
unserem: 915
unseres: 916
verbessern: 917
verfolgen: 918
vergessen: 919
vermeiden: 920
vernünftige: 921
versucht: 922
vor@@: 923
vorschriften: 924
weiteren: 925
weitergehen: 926
welchen: 927
wenig: 928
wer: 929
werte: 930
wesens: 931
wesentlich: 932
wesentlichen: 933
wirtschaftlich: 934
zusammen@@: 935
zweifellos: 936
Änderungen: 937
überall: 938
1997: 939
1999: 940
2.@@: 941
30: 942
55: 943
77: 944
9@@: 945
Ab@@: 946
Abgeordnete: 947
Anerkennung: 948
Anforderungen: 949
Angebot: 950
Arbeits@@: 951
Argumente: 952
Arten: 953
Auf@@: 954
Aufträge: 955
Aus@@: 956
Ausführungen: 957
Auslegung: 958
Aussch@@: 959
B.: 960
Banan@@: 961
Bangemann: 962
Bau@@: 963
Bauern: 964
Behörden: 965
Bereiche: 966
Bereichen: 967
Berichterstatterin: 968
Beschlüsse: 969
Bevölkerung: 970
Brittan: 971
CO2: 972
Deck@@: 973
Dialog: 974
Dinge: 975
Dingen: 976
Durchführung: 977
Einfluß: 978
Einkommen: 979
Einkommens@@: 980
Einsatz: 981
Einstellung: 982
Energie@@: 983
Erachtens: 984
Erfahrung: 985
Ergebnis: 986
Ergebnisse: 987
Etikettierung: 988
Fehler: 989
Folgen: 990
Formulierung: 991
Fortschritte: 992
GD: 993
Ge@@: 994
Geld: 995
Gelegenheit: 996
Gleichheit: 997
Grund@@: 998
Grundsatz: 999
Gruppe: 1000
Hand: 1001
Handeln: 1002
Harmonisierung: 1003
Haupt@@: 1004
Heuchelei: 1005
Höhe: 1006
I@@: 1007
Informationsgesellschaft: 1008
Infrastruktur: 1009
Institution: 1010
Januar: 1011
Kampf: 1012
Kar@@: 1013
Kollege: 1014
Kraft: 1015
Kräfte: 1016
Landwirtschaft: 1017
Leitlinien: 1018
Lieferanten: 1019
Liese: 1020
Liste: 1021
Math@@: 1022
Maßnahme: 1023
Meinungen: 1024
Minute: 1025
Mitgliedsländer: 1026
Mißbrauch: 1027
Nachteil: 1028
No@@: 1029
Nor@@: 1030
Normen: 1031
Nummer: 1032
Nutzung: 1033
Paket: 1034
Panel: 1035
Pi@@: 1036
Politikbereiche: 1037
Preis: 1038
Prinzipien: 1039
Priorität: 1040
Priv@@: 1041
Produktion: 1042
Protokolls: 1043
Punkten: 1044
Randlage: 1045
Reduktion: 1046
Regelung: 1047
Regelungen: 1048
Rück@@: 1049
Schlüssel@@: 1050
Schokolade: 1051
Schulen: 1052
Seite: 1053
Sinne: 1054
Stelle: 1055
Steuer: 1056
Strategien: 1057
Struktur@@: 1058
Strukturpolitik: 1059
Sub@@: 1060
Tarif@@: 1061
Tatsache: 1062
Technologien: 1063
Teile: 1064
Transparenz: 1065
Ungleichgewichte: 1066
Untersuchung: 1067
V: 1068
V@@: 1069
Verbrauchern: 1070
Verfügung: 1071
Vergabe: 1072
Verhinderung: 1073
Verkehr: 1074
Verlauf: 1075
Versorgungs@@: 1076
Veränderungen: 1077
Voraussetzungen: 1078
Wachstum: 1079
Wahl: 1080
Weise: 1081
Wettbewerbsregeln: 1082
Widerstand: 1083
Woche: 1084
Z@@: 1085
Zeitpunkt: 1086
Zugangs: 1087
Zustimmung: 1088
Zweck: 1089
ab: 1090
abschließend: 1091
absolut: 1092
ad@@: 1093
akter: 1094
anderem: 1095
angeb@@: 1096
angesichts: 1097
angesprochen: 1098
ans: 1099
anten: 1100
app@@: 1101
as: 1102
ath@@: 1103
ations@@: 1104
aufgreifen: 1105
aushal@@: 1106
b@@: 1107
baren: 1108
barkeit: 1109
bedanken: 1110
bedarf: 1111
bedeutet: 1112
begrüßen: 1113
behandeln: 1114
beibehalten: 1115
beihilfen: 1116
beitrittswilligen: 1117
bekommen: 1118
bel: 1119
bemühen: 1120
bemüht: 1121
ben: 1122
bereitgestellt: 1123
berücksichtigen: 1124
bessere: 1125
besteuerung: 1126
bestimmter: 1127
betrifft: 1128
bewegen: 1129
bietet: 1130
bitten: 1131
c: 1132
char@@: 1133
chen: 1134
cher: 1135
cht@@: 1136
dar: 1137
denken: 1138
der@@: 1139
deswegen: 1140
di@@: 1141
diensten: 1142
diskutieren: 1143
durch@@: 1144
echte: 1145
egal: 1146
ehe: 1147
eigentlich: 1148
einbezogen: 1149
eingegangen: 1150
eingehen: 1151
eingeschränkt: 1152
einigung: 1153
einverstanden: 1154
elle: 1155
em: 1156
end@@: 1157
ender: 1158
eng: 1159
entwickeln: 1160
entwickelt: 1161
entwicklung: 1162
erfolgreich: 1163
erlauben: 1164
ern@@: 1165
ernst: 1166
erte: 1167
es@@: 1168
etten: 1169
etwa: 1170
facto: 1171
fairen: 1172
fassen: 1173
feststellen: 1174
ff@@: 1175
finanzieren: 1176
finde: 1177
finden: 1178
flexibler: 1179
fordern: 1180
frage: 1181
fünf: 1182
gab: 1183
gang: 1184
gebiete: 1185
gebracht: 1186
gefaßt: 1187
gefordert: 1188
gegeben: 1189
gelungen: 1190
gen: 1191
gend: 1192
genutzt: 1193
ger@@: 1194
gere: 1195
gerecht: 1196
ges: 1197
geschehen: 1198
gespielt: 1199
getan: 1200
gewesen: 1201
gewissen: 1202
gilt: 1203
gkeit: 1204
gleich: 1205
gleichheit: 1206
glicher: 1207
grenzen: 1208
handeln: 1209
herzlich: 1210
hlt: 1211
hohen: 1212
häufig: 1213
höchsten: 1214
iert: 1215
ies: 1216
ige: 1217
ihn: 1218
ihrem: 1219
inakzeptabel: 1220
insofern: 1221
internationale: 1222
internationalen: 1223
kaufen: 1224
klare: 1225
klauseln: 1226
kommt: 1227
konform: 1228
konnte: 1229
konnten: 1230
konsequent: 1231
konzentrieren: 1232
kosten: 1233
kritisiert: 1234
kt: 1235
l@@: 1236
laufen: 1237
lebens@@: 1238
legte: 1239
letzte: 1240
liche: 1241
lichen: 1242
lichkeit: 1243
lose: 1244
mag: 1245
me: 1246
mechanismen: 1247
methoden: 1248
modernen: 1249
multinationale: 1250
mus: 1251
mögliche: 1252
möglichkeiten: 1253
nahm: 1254
neuer: 1255
nochmals: 1256
nötige: 1257
o@@: 1258
obwohl: 1259
paar: 1260
praktische: 1261
produkten: 1262
ratifizieren: 1263
rechten: 1264
reichen: 1265
ri@@: 1266
richtige: 1267
ru@@: 1268
sa@@: 1269
schen@@: 1270
schreiben: 1271
schwer: 1272
sität: 1273
sogenannte: 1274
soweit: 1275
sowohl: 1276
sozial@@: 1277
spielen: 1278
staatlicher: 1279
standards: 1280
stark: 1281
stimmt: 1282
strategischen: 1283
strengere: 1284
struktur@@: 1285
systeme: 1286
tatsächlich: 1287
teilweise: 1288
ter@@: 1289
tiert: 1290
tragen: 1291
treffen: 1292
trifft: 1293
ulf: 1294
umsetzen: 1295
unbedingt: 1296
ung@@: 1297
unterschiedlichen: 1298
unterstützt: 1299
unverhältnismäßig: 1300
usw.: 1301
ut: 1302
vali@@: 1303
verbesser@@: 1304
vereinbart: 1305
vergangenen: 1306
verhindern: 1307
verlassen: 1308
verringern: 1309
verstehen: 1310
vertrauen: 1311
vorgeschlagen: 1312
vorgeschlagenen: 1313
vorliegende: 1314
vorschlagen: 1315
vorschlägt: 1316
wann: 1317
weis@@: 1318
weisen: 1319
weiteres: 1320
welche: 1321
welcher: 1322
wenigen: 1323
wirksam: 1324
wohl: 1325
worin: 1326
wünschen: 1327
y@@: 1328
z.: 1329
zahlen: 1330
zehn: 1331
zi@@: 1332
zogen: 1333
zt: 1334
zuletzt: 1335
zumindest: 1336
zusammen: 1337
zuständigen: 1338
zweiten: 1339
Änderung: 1340
Ü@@: 1341
Über@@: 1342
ältere: 1343
äußerst: 1344
äußerster: 1345
öpf@@: 1346
ü@@: 1347
überein: 1348
überzeugt: 1349
"&apos;": 1350
1.: 1351
12: 1352
15: 1353
2006: 1354
2010: 1355
40: 1356
75: 1357
8: 1358
8@@: 1359
92: 1360
A: 1361
Analyse: 1362
Anfang: 1363
Angelegenheit: 1364
Anlaß: 1365
Annahme: 1366
Anpassung: 1367
Anregungen: 1368
Ansch@@: 1369
Anspruch: 1370
Anteil: 1371
Anwen@@: 1372
Arbeit@@: 1373
Arbeitsbedingungen: 1374
Armen: 1375
Art: 1376
Artenvielfalt: 1377
Aspekte: 1378
Auffassung: 1379
Auge: 1380
Augen: 1381
Augenmerk: 1382
Ausarbeitung: 1383
Auseinandersetzung: 1384
Ausgleichszahlungen: 1385
Auslands@@: 1386
Aust@@: 1387
Auswirkungen: 1388
Basis: 1389
Be@@: 1390
Beachtung: 1391
Begleit@@: 1392
Behandlung: 1393
Behinderten: 1394
Beihilfe: 1395
Beitrag: 1396
Belange: 1397
Belgien: 1398
Berichte: 1399
Berufe: 1400
Berücksichtigung: 1401
Besch@@: 1402
Beschaff@@: 1403
Beschluß: 1404
Beschäftigungs@@: 1405
Bestandteil: 1406
Betrieb: 1407
Betriebe: 1408
Beurteilung: 1409
Biblioth@@: 1410
Billi@@: 1411
Bin@@: 1412
Binnenmarkts: 1413
Blick: 1414
British: 1415
Bus@@: 1416
Bürokratie: 1417
CD@@: 1418
Chancen: 1419
China: 1420
Daten: 1421
Definition: 1422
Delegation: 1423
Demokratie: 1424
Detail: 1425
Deutschland: 1426
Dienstes: 1427
Dienstleistungen: 1428
Dimension: 1429
Diversi@@: 1430
Dokument: 1431
Drittel: 1432
Druck: 1433
EU@@: 1434
EVP: 1435
Effe@@: 1436
Einbeziehung: 1437
Einf@@: 1438
Einhaltung: 1439
Einheit@@: 1440
Empfehlungen: 1441
Energie: 1442
Energiepolitik: 1443
Engagement: 1444
Entschließungsantrag: 1445
Entwicklungshilfe: 1446
Erhalt: 1447
Erhöhung: 1448
Erinnerung: 1449
Erzeugung: 1450
Festlegung: 1451
Flo@@: 1452
Fördermittel: 1453
G@@: 1454
Geb@@: 1455
Gebieten: 1456
Gegenteil: 1457
Gemeinschafts@@: 1458
Generaldirektion: 1459
Genf: 1460
Gesam@@: 1461
Geschäfts@@: 1462
Gesundheit: 1463
Gewährleistung: 1464
Gleichgewicht: 1465
Gra@@: 1466
Grad: 1467
Grenzen: 1468
Griechenland: 1469
Groß@@: 1470
Grundlage: 1471
Grundsätzen: 1472
Grünbuch: 1473
Gu@@: 1474
Hal@@: 1475
Handels: 1476
Haushalt: 1477
Hautala: 1478
Herzen: 1479
Hohe: 1480
In@@: 1481
Industrie@@: 1482
Infrastruktur@@: 1483
Initiativen: 1484
Insel@@: 1485
Institutionen: 1486
Instrumente: 1487
Inten@@: 1488
Italien: 1489
Jahres: 1490
Juni: 1491
KMU: 1492
Kan@@: 1493
Klimapolitik: 1494
Kohlendiox@@: 1495
Kommissare: 1496
Kommissionsvorschlag: 1497
Konsequenz: 1498
Kontroll@@: 1499
Kre@@: 1500
Kriterium: 1501
Kürze: 1502
Landwirte: 1503
Last@@: 1504
Leistungen: 1505
Leon: 1506
Logik: 1507
Lomé: 1508
Lu@@: 1509
M@@: 1510
Maastricht: 1511
Madeira: 1512
Martin@@: 1513
Mechanismus: 1514
Methoden: 1515
Milliarden: 1516
Millionen: 1517
Mindest@@: 1518
Mindeststandards: 1519
Mitgliedsländern: 1520
Mittel@@: 1521
Modell: 1522
Monopol: 1523
Mut: 1524
Nachdruck: 1525
Naturkatastrophen: 1526
Niederlanden: 1527
Niveau: 1528
Ordnung: 1529
P@@: 1530
Personen: 1531
Pflichten: 1532
Planeten: 1533
Praktiken: 1534
Preisen: 1535
Privatisierung: 1536
Problem@@: 1537
Problematik: 1538
Problemen: 1539
Produ@@: 1540
Produkt: 1541
Produkten: 1542
Projekte: 1543
Qualitäts@@: 1544
Quote: 1545
Rand@@: 1546
Rechnung: 1547
Rechte: 1548
Redezeit: 1549
Redner: 1550
Reform: 1551
Regel: 1552
Regierungen: 1553
Res@@: 1554
Revision: 1555
Rußland: 1556
Römischen: 1557
Schokol@@: 1558
Schwellen@@: 1559
Schwerpunkte: 1560
Schwierigkeiten: 1561
Schwung: 1562
Schäden: 1563
Senkung: 1564
Sicherung: 1565
Sicht: 1566
Sir: 1567
Som@@: 1568
Spielregeln: 1569
Spra@@: 1570
Stand: 1571
Stand@@: 1572
Standpunkte: 1573
Stell@@: 1574
Stück: 1575
Symbol@@: 1576
Systeme: 1577
Systems: 1578
Tari@@: 1579
Tat@@: 1580
Telef@@: 1581
Text: 1582
Textes: 1583
Tisch: 1584
Tourismus: 1585
Umfang: 1586
Un@@: 1587
Uni@@: 1588
Unter@@: 1589
VI: 1590
Verbesserungen: 1591
Verbindungen: 1592
Verbrauchers: 1593
Vereinigte: 1594
Vergleich: 1595
Verkehrs@@: 1596
Verlängerung: 1597
Verringerung: 1598
Versprechen: 1599
Verteilung: 1600
Vertrag: 1601
Verträgen: 1602
Verzerr@@: 1603
Voraus@@: 1604
Vorbehalt: 1605
Vorbereitung: 1606
Vorstellung: 1607
Vorzüge: 1608
Ware: 1609
Wege: 1610
Welthandelsorganisation: 1611
Wert: 1612
Wert@@: 1613
Wieder@@: 1614
Wirklichkeit: 1615
Wirkung: 1616
Wirkungen: 1617
Wirtschafts-: 1618
Wissenschaftler: 1619
Währungsunion: 1620
Zahl: 1621
Zahlung: 1622
Zeitraum: 1623
Ziel@@: 1624
Zu@@: 1625
Zuge: 1626
Zusagen: 1627
Zusammenhalt: 1628
Zweifel: 1629
abend: 1630
abge@@: 1631
abgedeckt: 1632
abgestimmt: 1633
absurd: 1634
abzu@@: 1635
ach@@: 1636
ad: 1637
aden@@: 1638
air: 1639
aktiv: 1640
aktive: 1641
ale: 1642
alen: 1643
aler: 1644
ali@@: 1645
alisiert: 1646
all@@: 1647
alt: 1648
alte: 1649
altung: 1650
amerikan@@: 1651
amerikanischen: 1652
andererseits: 1653
anderes: 1654
anerkannt: 1655
anfangs: 1656
ange@@: 1657
angegeben: 1658
angewendet: 1659
ar@@: 1660
as@@: 1661
ativen: 1662
ats: 1663
auffor@@: 1664
aufge@@: 1665
ausdrücklich: 1666
ausgesprochen: 1667
ausschüsse: 1668
außen: 1669
außerdem: 1670
banan@@: 1671
bar: 1672
bar@@: 1673
beantworten: 1674
bedeuten: 1675
bedeutend: 1676
bedingung: 1677
bedingungen: 1678
bedürf@@: 1679
befassen: 1680
begründet: 1681
behandelt: 1682
behinderten: 1683
behält: 1684
behörden: 1685
beiträgt: 1686
bek@@: 1687
benachteili@@: 1688
benachteiligt: 1689
benden: 1690
beobachten: 1691
ber@@: 1692
bereit@@: 1693
bereitstellen: 1694
bericht: 1695
berichten: 1696
beschließen: 1697
beschränken: 1698
besser: 1699
bestehen: 1700
bestimmen: 1701
bestraft: 1702
beteiligten: 1703
betreffende: 1704
beträchtlich: 1705
beugen: 1706
beurteilen: 1707
bezeichnen: 1708
bezweifle: 1709
bieten: 1710
bisher: 1711
bislang: 1712
bli@@: 1713
breit@@: 1714
bzw.: 1715
ca: 1716
ch@@: 1717
ches: 1718
chte: 1719
chten: 1720
cia: 1721
ck@@: 1722
clean: 1723
d: 1724
d.h.: 1725
damals: 1726
dankbar: 1727
daraus: 1728
de@@: 1729
deal: 1730
debattieren: 1731
defiz@@: 1732
demokratischen: 1733
derte: 1734
deutschen: 1735
development: 1736
dien@@: 1737
dienstes: 1738
dige: 1739
digen: 1740
diplomatische: 1741
dort: 1742
draußen: 1743
drei: 1744
dreimal: 1745
drin@@: 1746
dringend: 1747
dringliche: 1748
dung: 1749
durchführt: 1750
eben: 1751
effektiven: 1752
effizienten: 1753
eher: 1754
einander: 1755
einfache: 1756
einfacher: 1757
eingebracht: 1758
einiger: 1759
einiges: 1760
einrichtungen: 1761
einschlagen: 1762
einsetzen: 1763
einzu@@: 1764
einzubeziehen: 1765
einzugehen: 1766
eken: 1767
ele@@: 1768
elec@@: 1769
ell@@: 1770
em@@: 1771
empfehle: 1772
end: 1773
enen: 1774
englischen: 1775
enormen: 1776
ens: 1777
ent@@: 1778
entfernt: 1779
entschuldigen: 1780
entsprechende: 1781
entsprechenden: 1782
entstehen: 1783
enttäuschend: 1784
ere: 1785
eren: 1786
erfahren: 1787
erfol@@: 1788
erfreulicherweise: 1789
erfährt: 1790
erfüllen: 1791
ergibt: 1792
ergreifen: 1793
ergriffen: 1794
erhöhen: 1795
erinnere: 1796
erinnern: 1797
erinnert: 1798
erklären: 1799
erlaubt: 1800
ern: 1801
erneuerbarer: 1802
erneut: 1803
erreichbar: 1804
ersch@@: 1805
erschwert: 1806
ert: 1807
erungs@@: 1808
erwarte: 1809
erwiesen: 1810
erzielen: 1811
erzielt: 1812
eten: 1813
existiert: 1814
explizit: 1815
fair: 1816
faßten: 1817
fehlenden: 1818
fehlt: 1819
fen: 1820
fester: 1821
festgelegte: 1822
finanzielle: 1823
flexible: 1824
fol@@: 1825
fordere: 1826
fortsetzen: 1827
fragen: 1828
früh: 1829
früher: 1830
ften: 1831
fälsch@@: 1832
fördern: 1833
fühlen: 1834
fünften: 1835
fürchte: 1836
g: 1837
geb@@: 1838
gebie@@: 1839
gebieten: 1840
geboten: 1841
geeignete: 1842
gefragt: 1843
gegenwärtigen: 1844
geholfen: 1845
gelangen: 1846
gelegent@@: 1847
gelernt: 1848
gelöst: 1849
gemeinschaftlichen: 1850
genauso: 1851
genießen: 1852
gentin@@: 1853
geographischen: 1854
geordnete: 1855
geplanten: 1856
gerechtfertigt: 1857
geringem: 1858
gesamten: 1859
geschenkt: 1860
gesellschaftlichen: 1861
gesenkt: 1862
gesetzt: 1863
gest@@: 1864
gestalten: 1865
gestaltet: 1866
gestatten: 1867
gestellt: 1868
gestellten: 1869
getragen: 1870
gewaltige: 1871
gewisse: 1872
gewisser: 1873
geworden: 1874
gewähren: 1875
gewährleisten: 1876
gewährt: 1877
gewöhnlich: 1878
gezeigt: 1879
geändert: 1880
ging: 1881
glaubwürdige: 1882
gliche: 1883
globalen: 1884
greifen: 1885
grenze: 1886
grundlegenden: 1887
grundsätzlich: 1888
größeren: 1889
gste: 1890
gsten: 1891
gten: 1892
gungen: 1893
guter: 1894
harmonisierten: 1895
heraus@@: 1896
herr@@: 1897
herum@@: 1898
hielt: 1899
hin: 1900
hin@@: 1901
hinaus@@: 1902
hoc: 1903
hoch: 1904
hätte: 1905
id: 1906
ierung: 1907
ihm: 1908
immerhin: 1909
indem: 1910
interessanten: 1911
interessiert: 1912
ique: 1913
ischer: 1914
isches: 1915
ise: 1916
iten: 1917
j@@: 1918
jede: 1919
jeden: 1920
jeder: 1921
jederzeit: 1922
jedes: 1923
jegliche: 1924
jeglicher: 1925
jährlichen: 1926
kar@@: 1927
keinerlei: 1928
ken: 1929
klaren: 1930
klein: 1931
km: 1932
ko@@: 1933
kommene: 1934
konferenz: 1935
kontrolle: 1936
kontrolliert: 1937
kosten@@: 1938
kräfte: 1939
kte: 1940
kurzfristig: 1941
langfristig: 1942
lat@@: 1943
lautet: 1944
le@@: 1945
lei@@: 1946
leiden: 1947
leisten: 1948
len: 1949
liber@@: 1950
licherweise: 1951
liches: 1952
liegen: 1953
liert: 1954
lig: 1955
ligen: 1956
liste: 1957
lo@@: 1958
lossen: 1959
luß@@: 1960
länder: 1961
läuft: 1962
lö@@: 1963
lösen: 1964
ma@@: 1965
management: 1966
markt: 1967
markt@@: 1968
mechanism: 1969
minister: 1970
mit@@: 1971
miteinander: 1972
mittel@@: 1973
mittleren: 1974
miß@@: 1975
mobilisieren: 1976
möglicherweise: 1977
müßten: 1978
nachdem: 1979
nachhaltig: 1980
nachzu@@: 1981
naher: 1982
nahme: 1983
natürliche: 1984
ne: 1985
nennen: 1986
netz: 1987
ni@@: 1988
niedrigen: 1989
niemand: 1990
niveau: 1991
notwendige: 1992
notwendigen: 1993
ober@@: 1994
offen: 1995
offener: 1996
offensichtlich: 1997
om: 1998
onen: 1999