267.62625122
260.25723267
256.07604980
251.13800049
248.25172424
242.42607117
243.15475464
226.86355591
237.34564209
228.19276428
212.93722534
214.65142822
218.42727661
213.79447937
213.66851807
201.51606750
210.07385254
198.46676636
197.96029663
205.45782471
209.31356812
201.94723511
187.90913391
197.95065308
196.05712891
