262.65640259
245.10810852
248.28816223
262.62274170
245.00149536
248.09956360
