[warning] Excessive field(s) in the tab-separated line: 'erhält	ein Unternehmen Beihilfen , so muß es auch in der Region bleiben .	thus , if a company receives aid it must remain in the region .'
[warning] Excessive field(s) in the tab-separated line: 'diese	Bindung sollte für mindestens fünf Jahre gelten , wobei auch die Arbeitsplätze erhalten werden müssen .	it must stay there for at least five years and ensure that jobs are preserved .'
[warning] Excessive field(s) in the tab-separated line: 'es	kann nicht angehen , daß das betreffende Unternehmen sofort seine Zelte abbricht , nachdem es die Fördermittel erhalten hat .	it cannot just pack its bags the moment it has been given public aid .'
[warning] Excessive field(s) in the tab-separated line: 'Herr	Präsident ! eine Strategie für eine bessere Koordinierung der Regional- und der Wettbewerbspolitik auf europäischer Ebene wird ohne Zweifel als notwendig empfunden .	Mr President , we definitely need a strategy which targets better coordination of regional policy and competition policy at European level .'
[warning] Excessive field(s) in the tab-separated line: 'die	Kommission sieht eine Senkung des Prozentsatzes der im Rahmen der Regionalhilfe förderfähigen Gesamtbevölkerung im Zeitraum 2000 @-@ 2006 vor .	the Commission plans to reduce the percentage of the total population of the Union receiving state @-@ funded regional aid over the period 2000 @-@ 2006 .'
[warning] Excessive field(s) in the tab-separated line: 'schließlich	müssen arbeitsplatzschaffende Investitionen in der betreffenden Region zumindest fünf Jahre lang aufrechterhalten werden , um zu verhindern , daß Betriebsverlagerungen mit staatlichen Beihilfen gefördert werden .	investment in jobs must then be maintained in the region concerned for at least five years , so that national aid does not encourage relocations .'
[warning] Excessive field(s) in the tab-separated line: 'darüber	hinaus stellt sich das Problem auch für die Regionen in äußerster Randlage sowie für die Inselregionen , die aufgrund ihrer geographischen Lage und der damit verbundenen Besonderheiten bereits zu den europaweit am stärksten benachteiligten Regionen gehören .	in addition to that there is also a problem for the ultraperipheral and island regions which , because of their difficult geographic position and their particular intrinsic nature , are already amongst the least favoured regions in the whole Community .'
[warning] Excessive field(s) in the tab-separated line: 'Herr	Präsident , ich möchte zum Wettbewerbsbericht sprechen , den meine Kollegin , Frau Riis @-@ Jørgensen , vorgestellt hat . ich beglückwünsche sie zur Qualität ihrer Arbeit .	Mr President , I rise to speak on the competition report introduced by my colleague , Mrs Riis @-@ Jørgensen , to whom I offer my congratulations on the quality of her work .'
[warning] Excessive field(s) in the tab-separated line: 'unterstützen	will ich vor allem die Änderungsanträge meines Kollegen Herrn Hendrick und meiner Kollegin Frau García Arias , die den möglichen Mißbrauch marktbeherrschender Stellungen betreffen .	I want particularly to support the amendments from my colleagues Mr Hendrick and Mme García Arias which talk about the possible abuses of dominant positions .'
[warning] Excessive field(s) in the tab-separated line: 'das	ist an und für sich noch keine unwillkommene Entwicklung , doch verschärft sie die Gefahr einer Überkonzentration des Eigentums an lebensnotwendigen Versorgungseinrichtungen .	this is not , in itself , an unwelcome development but it does exacerbate the risk of an over @-@ concentration of ownership of the essential utilities .'
[warning] Excessive field(s) in the tab-separated line: 'der	ganze Sinn des Liberalisierungsprozesses ist der , daß er den Verbrauchern , sowohl den Privathaushalten als auch der Wirtschaft , die Vorteile einer effektiven , wettbewerbsfähigen , verbraucherfreundlichen Versorgung in breitem Umfang gewährleistet .	the whole point of the liberalisation process is that it should bring the benefits of efficient , competitive , consumer @-@ sensitive utility supplies to be widely available to consumers , both domestic and business .'
[warning] Excessive field(s) in the tab-separated line: 'darum	ist der Bericht über die Situation in Spanien besonders beunruhigend .	the reported situation in Spain , therefore , is of major concern .'
[warning] Excessive field(s) in the tab-separated line: 'es	würde Geist und Buchstaben der Wettbewerbsregeln der Europäischen Union ganz und gar widersprechen , wenn die Kosten für den Übergang zum Wettbewerb in der Stromversorgung anfangs aus öffentlichen Mitteln bestritten und diese dann auf die Verbraucher abgewälzt würden .	it would be against the whole spirit and letter of European Union competition rules if the costs of the transition to competition in electricity supply were to be met initially out of public funds and this then to be passed on to the consumer .'
[warning] Excessive field(s) in the tab-separated line: 'damit	wird die gemeinsame Grundlage in äußerst ernster Weise verschoben , besonders wenn das Geld dann verwendet werden soll , um Anteile auf anderen Versorgungsmärkten zu erlangen .	this is a most serious distortion of the level playing field , particularly if the money is then to be used to gain a share in other utility markets .'
[warning] Excessive field(s) in the tab-separated line: 'ich	hoffe , die Kommission wird sich mit dieser Frage befassen , da es besonders wichtig ist , das Problem herauszustellen und die Reaktion der Kommission öffentlich zu machen .	I hope that the Commission will deal with this point in response because it is particularly important that the issue is highlighted and that the Commission response is on public record .'
[warning] Excessive field(s) in the tab-separated line: 'die	Berichterstatterin nannte Namen und Anschrift , und da Beweise vorliegen , haben wir eine Situation , die so ernst ist , daß sie eine wohlüberlegte Antwort seitens der Kommission verdient .	the rapporteur in this report mentioned naming and shaming and on the basis of the evidence available , this is a situation of sufficient seriousness to merit a considered reply from the Commission .'
[warning] Excessive field(s) in the tab-separated line: 'ich	bin sicher , daß diese Antwort nicht ausbleibt .	I am sure that this will be forthcoming .'
[warning] Excessive field(s) in the tab-separated line: 'ich	muß mich bei Ihnen entschuldigen , Herr Kommissar , weil ich nicht bleiben kann .	I have apologised to you , Commissioner , because I cannot stay .'
[warning] Excessive field(s) in the tab-separated line: 'meine	Kollegen werden Ihre Antwort mit Aufmerksamkeit zur Kenntnis nehmen .	my colleagues are going to take a careful note of your response .'
[warning] Excessive field(s) in the tab-separated line: 'ich	weiß , daß wir diese Frage weiter verfolgen wollen .	I know that we will want to follow up this issue .'
[warning] Excessive field(s) in the tab-separated line: 'Herr	Präsident , liebe Kolleginnen und Kollegen ! zunächst möchte ich den Berichterstatter , Herrn Azzolini , zu der ausgezeichneten Arbeit , die er geleistet hat , beglückwünschen .	Mr President , ladies and gentlemen , first I would like to congratulate the rapporteur , Mr Azzolini , on his excellent work .'
[warning] Excessive field(s) in the tab-separated line: 'langfristig brauchen wir mehr Deckungsgleichheit , wenn wir Wettbewerbsverzerrungen vermeiden wollen .		in the long term we need a more balanced coverage if we want to avoid distortions of competition .'
[warning] Excessive field(s) in the tab-separated line: 'das würde den Regionen vielfach jede Chance zur Anpassung nehmen .		that would take away any chance of adjustment for many of the regions .'
[warning] Excessive field(s) in the tab-separated line: 'insofern begrüße ich , daß sich inzwischen zwischen Rat und Kommission eine Einigung abzeichnet , die die Frage der Flexibilität flexibler angeht , keine konkreten Zieldaten nennt und den Mitgliedstaaten mehr Entscheidungsspielraum läßt .		in that respect I welcome the fact that agreement seems to be emerging between the Council and the Commission on taking a more flexible approach to the flexibility question , on not specifying any target dates and giving the Member States more margin for decision .'
[warning] Excessive field(s) in the tab-separated line: 'die Diskussion , die wir im Parlament geführt haben , verfehlt also nicht ihre Wirkung .		so the discussion we held in Parliament has had the desired effect .'
[warning] Excessive field(s) in the tab-separated line: 'Herr Präsident , wir haben uns abgesprochen , daß ich beginne und zunächst auf den Bericht von Herrn Azzolini zu antworten versuche .		Mr President , we have arranged that I will speak first and try to respond to Mr Azzolini &apos;s report .'
[warning] Excessive field(s) in the tab-separated line: 'mein Kollege van Miert wird dann vor allen Dingen die vielen konkreten Fragen aufgreifen , die im Zusammenhang mit dem Wettbewerbsbericht gestellt wurden .		my colleague Mr Van Miert will then address the many concrete questions raised in connection with the competition report .'
[warning] Excessive field(s) in the tab-separated line: 'zunächst einmal möchte ich mich bei Herrn Azzolini für den sehr interessanten und sorgfältigen Bericht bedanken .		first I want to thank Mr Azzolini for his most interesting and careful report .'
[warning] Excessive field(s) in the tab-separated line: 'ich möchte mich auch dafür bedanken , daß wir zumindest im Grundsatz zunächst einmal einig sind , nämlich daß wir eine größere Kohärenz zwischen der nationalen und der regionalen Beihilfepolitik brauchen .		I am also grateful that we agree at least on the question of principle , namely that we need greater coherence between national and regional aid policies .'
[warning] Excessive field(s) in the tab-separated line: 'ich will hier auch noch einmal betonen , und das wurde richtig gesagt , daß es dabei unterschiedliche Probleme gibt .		let me emphasise again , as others have rightly said , that different problems are involved here .'
[warning] Excessive field(s) in the tab-separated line: 'd.h. im Ziel 1 haben wir von vornherein eine Deckungsgleichheit zwischen der Wettbewerbskulisse und der regionalen Förderkulisse aus europäischen Mitteln .		in relation to Objective 1 we already have equal cover between competition aid and regional aid from European resources .'
[warning] Excessive field(s) in the tab-separated line: 'trotzdem glaube ich , muß man die Logik unserer Politik zunächst einmal in den Vordergrund stellen .		nevertheless I believe that we must begin by emphasising the logic of our policy .'
[warning] Excessive field(s) in the tab-separated line: 'es macht doch keinen Sinn , eine Arbeitsteilung dergestalt vorzunehmen , daß die europäische Strukturpolitik die weniger förderwürdigen Gebiete betreut und die nationalen Beihilfen sich dann auf die stärker strukturanpassungsgeplagten Gebiete konzentriert .		it makes no sense to embark on a kind of division of labour that would mean that European structural policy looked after the less eligible areas and that national aid was then concentrated on the areas most in need of structural adjustment .'
[warning] Excessive field(s) in the tab-separated line: 'ich glaube , dieses macht von der Logik her keinen Sinn .		I do not think that would be logical .'
[warning] Excessive field(s) in the tab-separated line: 'was wir vorschlagen ist ja sehr wohl , daß der regionale Spielraum der Mitgliedstaaten vergrößert wird , denn in der Regel ist die nationale Beihilfekulisse der Wettbewerbspolitik größer als die Gebiete , die durch die Strukturfonds gefördert werden können .		what we are in fact proposing is to widen the Member States &apos; regional margin for play , for as a rule national competition aid covers areas wider than those that can be supported through the Structural Funds .'
[warning] Excessive field(s) in the tab-separated line: 'das heißt also , es gibt über die europäische Strukturförderung hinaus vielfältige Möglichkeiten der nationalen Staaten und der regionalen Gebietskörperschaften , ihre strukturschwachen Gebiete zu unterstützen .		that means that over and above European structural aid the national states and the regional authorities have a variety of means of supporting their structurally weak areas .'
[warning] Excessive field(s) in the tab-separated line: 'deshalb glaube ich , macht es in der Tat Sinn , gerade auch bei den Ziel 2 @-@ Gebieten , eine stärkere Kongruenz zwischen der Ziel 2 @-@ Förderung und dem Artikel 92 Absatz 3 c herbeizuführen .		that is why I believe that it does indeed make sense to establish more congruence between Objective 2 aid and Article 92 ( 3 ) ( c ) .'
[warning] Excessive field(s) in the tab-separated line: 'jetzt haben mehrere von Ihnen schon darauf hingewiesen , daß sich die Außenminister im Rat am 25. Januar in diesem Bereich auf einen Kompromiß geeinigt haben , den ich hier kurz vortragen will , weil er wichtig ist für Ihre weiteren Diskussionen .		a number of Members have pointed out that on 25 January this year the Foreign Ministers &apos; Council reached agreement on a compromise , which I shall briefly describe to you because it is important to your further discussions .'
[warning] Excessive field(s) in the tab-separated line: 'ich nehme das auf , was Herr Rack gesagt hat , nämlich daß das Parlament nur dann auch sorgfältig mitdiskutieren und an Lösungen zur Agenda 2000 mitwirken kann , wenn es die entsprechenden Informationen dazu hat .		let me take up what Mr Rack said , namely that Parliament can play a careful part in the discussions and in seeking Agenda 2000 solutions only if it also has the appropriate information .'
[warning] Excessive field(s) in the tab-separated line: 'das Ziel der Gemeinschaft sollte dabei sein , zum Ende des Zeitraums 2000 bis 2006 durch entsprechende Anstrengungen der Mitgliedstaaten - je nach ihrer derzeitigen Situation - eine stärkere Kohärenz zu erreichen &quot; .		here the Community &apos;s aim should be to achieve better coherence by the end of the period 2000 to 2006 , with the Member States making the appropriate efforts - in accordance with their situation at the time.&apos;'
[warning] Excessive field(s) in the tab-separated line: 'sie werden schon merken , daß das nicht unbedingt die direkteste Art ist , um auszudrücken , daß wir die Situation verbessern wollen .		as I am sure you will notice , this is not necessarily the most direct way of saying that we want to improve the situation .'
[warning] Excessive field(s) in the tab-separated line: 'es ist sicher auch kein Geheimnis , daß Herr van Miert und ich uns sicher eine größere Kohärenz gewünscht hätten .		and I am sure it is no secret either that Mr Van Miert and I myself would certainly have wished to see better coherence .'
[warning] Excessive field(s) in the tab-separated line: '	meiner Ansicht nach war die Konferenz von Buenos Aires ein Erfolg , auch wenn Abstriche am Gesamtergebnis gemacht werden mußten .	my assessment of the Buenos Aires conference is also that it was a success , although the overall result was limited .'
[warning] Excessive field(s) in the tab-separated line: '	zweitens hat die EU wesentlich dazu beigetragen , die 77 @-@ Länder @-@ Gruppe und China an den Verhandlungstisch zu bekommen und sie stärker in das Verfahren einzubinden .	secondly , the EU played an important role in getting the G77 countries and China to the negotiating table , so that they could feel more closely involved in the process .'
[warning] Excessive field(s) in the tab-separated line: '	im Zusammenhang mit den Vorbereitungen zur fünften Konferenz der Vertragsparteien werde ich mich weiter um bessere Verbindungen zu den Entwicklungsländern bemühen und z. B. stärkeres Augenmerk auf die praktische Ausgestaltung des Mechanismus für eine nachhaltige Entwicklung , the clean development mechanism , legen .	I continue to focus on better relations with the developing countries in connection with the preparations for the Fifth Conference of the Parties , not least by prioritising the practical formulation of the mechanism for sustainable development , the Clean Development Mechanism .'
[warning] Excessive field(s) in the tab-separated line: '	schließlich geht es um die Verpflichtung der argentinischen Präsidentschaft , das politische Verfahren zur Durchführung von ad hoc @-@ Konferenzen auf Ministerebene im erweiterten Geschäftsausschuß zwischen den jährlichen Konferenzen der Vertragsparteien zu stärken .	finally , there is a commitment on the part of the Argentinian Presidency to strengthen political control of the process by holding ad hoc meetings at ministerial level in the enlarged Executive Committee between annual meetings of the Conference of the Parties .'
[warning] Excessive field(s) in the tab-separated line: '	ich halte solche ad hoc @-@ Konferenzen zur Kontrolle des Verfahrens für notwendig .	I believe that such ad hoc meetings are crucial in keeping the process on the right track .'
[warning] Excessive field(s) in the tab-separated line: '	ich denke , die vierte Konferenz der Vertragsparteien ist der Umsetzung des Protokolls von Kyoto insgesamt ein gutes Stück nähergekommen .	on the whole , therefore , I think that the Fourth Conference of the Parties succeeded in making good progress towards implementing the Kyoto Protocol .'
[warning] Excessive field(s) in the tab-separated line: '	ich halte es für wichtig , daß auf der sechsten Konferenz der Vertragsparteien drei Mechanismen gleichzeitig beschlossen werden , damit das Paket ein wirkungsvolles und kohärentes System zur Überwachung der Mechanismen darstellt .	I therefore think it important that a decision should be taken at the Sixth Conference of the Parties on the three mechanisms together , so that the package will include a strong and cohesive system for monitoring the mechanisms .'
[warning] Excessive field(s) in the tab-separated line: '	wir wollen die Diskussion darüber fortsetzen , wie das Ziel des Übereinkommens erreicht werden kann , nämlich gefährliche Klimaveränderungen zu verhindern , die Lasten gerecht zu verteilen und gleichzeitig unsere gemeinsame , differenzierte Verantwortung zu berücksichtigen .	we also want to continue the debate on how we can achieve the Convention &apos;s final objective , namely to prevent dangerous climate change , at the same time ensuring that the burdens are shared fairly and taking into account our common but differentiated responsibilities .'
[warning] Excessive field(s) in the tab-separated line: '	unsere Politiken und Maßnahmen müssen auch künftig darauf ausgerichtet sein , einen Klimawandel zu verhindern , nicht nur auf internationaler Ebene , sondern vor allem innerhalb der EU , das heißt in den Mitgliedstaaten .	it is important that we do further work on implementing policies and measures to combat climate change , not just at international level but to an even greater degree in the EU and hence in the Member States .'
[warning] Excessive field(s) in the tab-separated line: '	ich teile die Meinung des Parlaments , daß wir konkreter darlegen müssen , wie wir unsere Ziele erreichen können , denn gute Absichten reichen sicher nicht aus .	I also agree with Parliament that we must concretise how we can achieve our aims , since good intentions are certainly not enough .'
[warning] Excessive field(s) in the tab-separated line: '	die Kommission , das Parlament und der Rat müssen ihre Verantwortung ernst nehmen und konkrete Aktionen und Beschlüsse vorschlagen .	the Commission , Parliament and the Council must take their responsibilities seriously and come up with concrete actions and decisions .'
[warning] Excessive field(s) in the tab-separated line: '	in diesem Zusammenhang möchte ich unterstreichen , daß über einige wichtige Vorschläge , wie z. B. über die Besteuerung von Energieprodukten , entschieden werden muß .	in this connection , I stress that some important proposals have been presented which require a decision , for example the proposal on taxation of energy products .'
[warning] Excessive field(s) in the tab-separated line: '	ich fordere das Parlament nachdrücklich auf , vor der Parlamentswahl dazu Stellung zu nehmen , damit der Tatendrang der neuen deutschen Präsidentschaft genutzt werden kann und auf der Konferenz des ECOFIN @-@ Rates im Mai Einigkeit erzielt wird .	I strongly urge Parliament to deliver its opinion on this proposal before the parliamentary elections , so that the new momentum from the German Presidency can be used to advantage and so that political agreement can be reached at the meeting of the ECOFIN Council in May .'
[warning] Excessive field(s) in the tab-separated line: '	im steuerlichen Bereich muß unser vorrangiges Ziel die Annahme des Vorschlags zur Besteuerung von Energieprodukten sein , da inzwischen immer mehr Mitgliedstaaten die Notwendigkeit einer solchen Besteuerung zu akzeptieren scheinen .	in the field of taxation , our first objective must be to ensure that the proposal on taxation of energy products is adopted , since an increasing number of Member States now seem to agree that such taxation is necessary .'
[warning] Excessive field(s) in the tab-separated line: '	mit dem Aktionsplan sowie den internen Politiken und Maßnahmen wollen wir erreichen , daß das Protokoll von Kyoto schnellstmöglich ratifiziert wird und in Kraft tritt .	with the Plan of Action and the internal policies and measures , our aim is that the Kyoto Protocol should be ratified and take effect as quickly as possible .'
[warning] Excessive field(s) in the tab-separated line: '	ich bin sehr für eine rasche Ratifizierung .	I am strongly in favour of speedy ratification .'
[warning] Excessive field(s) in the tab-separated line: '	zunächst müssen wir aber bei uns selbst für Ordnung sorgen , damit die Ratifizierung nicht zu einer bloßen Geste wird .	but this means that we must put our own house in order , so that ratification will not be just an empty gesture .'
[warning] Excessive field(s) in the tab-separated line: '	in diesem Zusammenhang möchte ich auch auf die positive Einstellung einiger amerikanischer Industrieunternehmen im Kampf gegen den Klimawandel und auf die Unterzeichnung des Protokolls durch die USA hinweisen .	in this context , the more proactive stance of certain American industrial interests in the effort to combat climate change and the signature of the Protocol by the USA can be regarded as positive steps .'
[warning] Excessive field(s) in the tab-separated line: '	in Buenos Aires gab es Anzeichen für eine positivere Einstellung bestimmter Teile des amerikanischen Kongresses .	there were signs in Buenos Aires of a more positive attitude on the part of certain sections of the American Congress .'
[warning] Excessive field(s) in the tab-separated line: '	an dieser Stelle möchte ich anmerken , daß ich den Erklärungen Argentiniens und Kasachstans , sie würden sich auf der fünften Konferenz der Vertragsparteien zu einem verbindlichen Ziel verpflichten , skeptisch gegenüberstehe .	here I have to say that I am sceptical with regard to declarations from Argentina and Kazakhstan signalling their willingness to enter into a binding commitment at the Fifth Conference of the Parties .'
[warning] Excessive field(s) in the tab-separated line: '	auf lange Sicht ist die Einbeziehung der Entwicklungsländer wichtig , was aber solche freiwilligen Verpflichtungen wirklich bringen , wird sich erst noch erweisen .	in the long term it is important that the developing countries should be involved , but the real test of such voluntary commitments is their final effect in practice .'
