</s>	0
<unk>	0
▁	-2.1389
n	-3.25194
,	-3.28964
en	-3.3302
▁.	-3.65672
▁die	-3.86535
s	-3.88687
▁da	-4.05828
▁der	-4.12703
r	-4.2139
e	-4.28509
t	-4.29864
und	-4.40096
▁zu	-4.68773
ich	-4.68906
▁in	-4.71744
▁wir	-4.81887
es	-4.83249
ß	-4.88709
▁den	-4.93958
d	-4.95529
▁eine	-5.09514
ist	-5.09835
ung	-5.20259
m	-5.24144
▁für	-5.24287
▁nicht	-5.27884
er	-5.3199
▁auf	-5.35117
▁von	-5.37111
▁diese	-5.38127
@	-5.39683
auch	-5.44362
▁ein	-5.46569
▁mit	-5.51043
▁werde	-5.53832
▁des	-5.60658
-	-5.7541
▁im	-5.76263
▁A	-5.78144
▁Herr	-5.79011
▁dem	-5.87662
▁ge	-5.90885
k	-6.03233
▁sie	-6.05951
▁Kommission	-6.07022
haben	-6.07708
▁um	-6.0891
▁sin	-6.09454
▁sich	-6.10863
▁wie	-6.13788
u	-6.14703
ssen	-6.15042
▁über	-6.18402
▁so	-6.20576
▁bei	-6.21584
▁an	-6.22927
▁wenn	-6.24049
▁hat	-6.24399
▁be	-6.27934
lich	-6.28072
▁als	-6.283
a	-6.31169
▁Präsident	-6.36726
b	-6.3694
▁zur	-6.44872
▁abe	-6.45646
in	-6.45828
▁möchte	-6.46181
▁mü	-6.46475
▁Wettbewerbs	-6.48768
▁B	-6.4891
▁einer	-6.50094
▁muß	-6.51316
▁noch	-6.51623
▁nu	-6.52278
kann	-6.53112
▁meine	-6.54821
z	-6.55165
▁Ver	-6.55925
ion	-6.57392
▁vor	-6.59947
▁Fra	-6.60346
▁sein	-6.61709
▁uns	-6.62763
▁D	-6.62994
▁alle	-6.64002
▁ver	-6.64445
▁E	-6.65975
i	-6.66546
▁seh	-6.69278
▁K	-6.6939
▁Bericht	-6.70399
▁unsere	-6.71249
▁Un	-6.72182
▁Region	-6.74605
▁ihre	-6.74671
och	-6.76304
▁zum	-6.76703
▁durch	-6.77896
▁gi	-6.79196
▁sollte	-6.79948
bt	-6.80339
el	-6.82902
▁Be	-6.83472
▁nach	-6.83805
oder	-6.83926
▁könn	-6.8548
o	-6.85815
▁Kommissar	-6.86314
f	-6.87413
▁andere	-6.89883
▁Si	-6.90169
▁man	-6.90591
▁war	-6.91431
▁Beihilfen	-6.92071
▁S	-6.93166
den	-6.93959
▁hier	-6.9402
▁Frage	-6.94184
politi	-6.94291
▁Parlament	-6.94616
▁ab	-6.95273
▁aus	-6.96184
▁wurde	-6.96712
te	-6.98914
▁Mitgliedstaat	-6.99491
▁Europäische	-6.99492
▁was	-6.99525
ungen	-7.02454
▁er	-7.02501
▁Aus	-7.03315
▁keine	-7.03722
▁m	-7.04804
y	-7.05288
▁Entwicklung	-7.05298
▁Ziel	-7.08319
mal	-7.08483
▁habe	-7.09524
:	-7.11444
▁Länder	-7.11444
mit	-7.12567
▁F	-7.13063
▁weiter	-7.13461
l	-7.14159
▁Verbraucher	-7.1467
▁jetz	-7.1467
▁Unternehme	-7.1478
▁wichtig	-7.15422
▁-	-7.1558
.	-7.16295
EU	-7.18064
▁einige	-7.1865
keit	-7.18854
▁möglich	-7.19178
P	-7.19558
p	-7.19907
▁An	-7.2037
ir	-7.20571
teil	-7.21008
▁Markt	-7.21451
▁Maßnahme	-7.21453
▁europäische	-7.21715
de	-7.23212
▁Ein	-7.23544
▁viel	-7.24114
ische	-7.2444
▁unter	-7.24973
▁Politik	-7.25039
▁nationale	-7.25296
▁öffentliche	-7.25405
▁N	-7.256
▁geh	-7.26629
heit	-7.26815
ng	-7.27174
gehen	-7.28402
▁Rat	-7.28728
al	-7.28907
he	-7.29609
▁d	-7.2962
hal	-7.32015
geben	-7.32069
▁un	-7.33298
os	-7.33375
▁mehr	-7.33601
▁dazu	-7.35015
▁Bananen	-7.365
▁würde	-7.36573
▁immer	-7.36588
weil	-7.36907
▁Bu	-7.37221
▁M	-7.39123
stellen	-7.40102
nommen	-7.40487
?	-7.40739
▁darauf	-7.40741
zu	-7.40941
▁bereits	-7.41835
her	-7.42332
h	-7.42723
be	-7.42859
is	-7.4301
▁will	-7.43381
um	-7.43649
isch	-7.43938
ten	-7.44753
▁Konferenz	-7.45102
▁G	-7.46362
▁T	-7.46363
▁U	-7.46405
ot	-7.47663
▁I	-7.48081
▁woll	-7.48115
▁zw	-7.4812
iert	-7.48807
▁ange	-7.48978
O	-7.49464
;	-7.49632
▁Kollege	-7.49633
▁Richtlinie	-7.4964
ig	-7.50221
▁R	-7.51536
▁soll	-7.53081
▁Jahre	-7.53124
▁Parlaments	-7.53296
qu	-7.54186
▁Unterstützung	-7.54394
▁staatliche	-7.54396
setzung	-7.54396
▁bis	-7.54419
▁Regional	-7.54472
nächst	-7.54507
▁Jahr	-7.55685
all	-7.56122
st	-7.56179
sagt	-7.56517
▁Problem	-7.56668
▁große	-7.57093
T	-7.5721
K	-7.57738
ei	-7.57896
▁hin	-7.58579
0	-7.58599
nehmen	-7.58836
▁Bereich	-7.5963
▁P	-7.61328
▁ganz	-7.61933
der	-7.62682
S	-7.6328
g	-7.63506
▁Ih	-7.64419
▁Zeit	-7.64653
%	-7.64657
satz	-7.64658
an	-7.67093
ge	-7.67525
▁ob	-7.68695
A	-7.69325
▁Vor	-7.70099
ur	-7.70133
bei	-7.7021
▁Meinung	-7.70213
▁Lebensmittel	-7.70215
▁Möglichkeit	-7.70216
▁Vorschlag	-7.7022
▁neue	-7.70227
oto	-7.70397
▁sage	-7.70506
▁am	-7.70786
▁solche	-7.71588
▁Wettbewerb	-7.72847
▁bin	-7.75149
▁mach	-7.75184
sch	-7.75369
▁Zusammenha	-7.76067
▁Liberalisierung	-7.76095
▁wirklich	-7.76115
▁jed	-7.76157
▁heut	-7.76243
▁wo	-7.77796
▁Arbeit	-7.80111
ieren	-7.81483
lini	-7.82305
führen	-7.82345
▁Lösung	-7.82345
▁Staat	-7.82345
▁freie	-7.82346
▁Mittel	-7.82347
▁brauch	-7.82349
amen	-7.82431
▁eigene	-7.82437
▁dar	-7.82599
▁Um	-7.8313
aus	-7.83444
ut	-7.83499
für	-7.83709
hin	-7.84493
rf	-7.84724
▁mi	-7.86041
vor	-7.8616
▁Ge	-7.86199
wie	-7.86237
halten	-7.86614
▁besonder	-7.88796
fähig	-7.88974
7	-7.88985
▁Rahmen	-7.89012
▁natürlich	-7.89012
▁unterstütze	-7.89012
▁wäre	-7.89012
▁denn	-7.89638
▁erreich	-7.89685
00	-7.89804
▁sicher	-7.90413
▁Ab	-7.90481
▁viele	-7.90934
▁konkrete	-7.91223
▁könnte	-7.91379
uß	-7.91441
bene	-7.91933
zug	-7.9211
▁denke	-7.92304
▁seine	-7.93158
▁Handel	-7.93929
igen	-7.942
▁Gebiet	-7.94771
▁gute	-7.95459
sonder	-7.9605
▁Förder	-7.96155
▁Binnenmarkt	-7.96155
▁glaube	-7.96155
Berichterstatter	-7.96155
sprochen	-7.96156
▁Kosten	-7.96181
▁selbst	-7.96268
▁Emission	-7.96348
▁Nutzer	-7.96463
▁wieder	-7.96496
▁besteh	-7.96534
zo	-7.96733
le	-7.96878
▁Hilfe	-7.98429
besondere	-7.98844
▁danke	-7.98867
5	-7.98956
ver	-7.99385
▁Probleme	-7.99564
über	-7.99672
▁Er	-7.99782
sprechen	-8.0044
lasse	-8.00968
▁wei	-8.01753
age	-8.01781
▁wirtschaftliche	-8.02085
ie	-8.02101
▁1	-8.0268
▁ja	-8.03736
▁Land	-8.03837
▁etwa	-8.03847
Änderungsanträge	-8.03849
▁Grund	-8.03876
bar	-8.03884
▁Bürger	-8.03919
▁bestimmte	-8.04018
fall	-8.04059
gewi	-8.04202
▁notwendig	-8.04246
kommen	-8.04641
ch	-8.04732
sländer	-8.04991
▁seit	-8.05326
▁Gebiete	-8.05366
reich	-8.05559
▁recht	-8.06234
ä	-8.06578
▁Zu	-8.07176
▁finde	-8.07803
richt	-8.08546
gleich	-8.08907
au	-8.09581
▁St	-8.09905
▁Ko	-8.10922
stimme	-8.11875
itz	-8.12078
▁Über	-8.12094
▁Kohärenz	-8.12181
▁Auftragswesen	-8.12181
▁Klimawandel	-8.12181
▁Menschen	-8.12181
▁Preis	-8.12181
▁Protokoll	-8.12181
▁dürf	-8.12181
▁welche	-8.12181
▁Universaldienst	-8.12182
▁Europa	-8.12199
▁Vertrag	-8.12221
▁scho	-8.12278
▁ihr	-8.12404
▁aufge	-8.12532
olle	-8.12542
▁nä	-8.12593
▁manch	-8.12601
▁Blo	-8.13017
▁wi	-8.13287
ation	-8.13831
weisen	-8.13935
acht	-8.14759
▁ent	-8.14929
rum	-8.15308
recht	-8.16123
▁lieg	-8.16227
▁gemeinsam	-8.16381
▁bring	-8.16501
ar	-8.17307
schaffen	-8.17368
▁internationale	-8.17562
▁gleich	-8.17688
▁vo	-8.18023
▁ersten	-8.18139
sicht	-8.18268
▁hatte	-8.18679
ho	-8.18974
▁Recht	-8.19127
▁klar	-8.19656
▁Energie	-8.19682
▁eben	-8.19872
land	-8.20061
▁zwei	-8.20348
otwendig	-8.20799
ntwort	-8.21061
▁Bemühung	-8.21271
schrift	-8.21272
▁Somalia	-8.21272
▁Vereinigte	-8.21272
führung	-8.21272
▁Wirtschaft	-8.21272
▁hoffe	-8.21272
▁Them	-8.21272
▁Mit	-8.21274
▁positive	-8.21274
▁Industrie	-8.21275
▁wesentlich	-8.21275
▁Zugang	-8.21286
leicht	-8.21302
▁genau	-8.21305
▁stärkste	-8.21308
schein	-8.21312
▁einfach	-8.2151
▁Produkt	-8.21592
tun	-8.21642
rade	-8.21719
▁bleib	-8.22011
▁ohne	-8.22012
▁gut	-8.22184
em	-8.23103
▁nun	-8.2395
▁richtig	-8.24347
us	-8.25164
▁Re	-8.25543
▁kein	-8.26464
▁weitere	-8.26518
▁a	-8.2703
sprache	-8.27564
w	-8.27671
▁wor	-8.28039
▁lang	-8.28524
▁aller	-8.28958
sten	-8.29365
spiel	-8.29465
▁unser	-8.29922
zw	-8.29984
▁2	-8.30188
▁Umwelt	-8.30424
▁inne	-8.3073
▁halte	-8.30985
▁Le	-8.31192
▁kurz	-8.31267
ktion	-8.31267
▁Internet	-8.31271
▁Schritt	-8.31271
▁Verpflichtung	-8.31271
▁bitte	-8.31271
▁statt	-8.31271
▁beglückwünsche	-8.31272
▁verbunden	-8.31273
▁allgemeine	-8.31276
▁voll	-8.31277
▁Standpunkt	-8.31277
▁Diskussion	-8.3128
▁Verhandlung	-8.31342
ualität	-8.31354
▁hinaus	-8.31368
antwortung	-8.31486
lt	-8.31507
▁Tat	-8.31705
ding	-8.31813
▁Teil	-8.31982
elekommunikation	-8.31998
▁ins	-8.323
▁einzu	-8.32354
▁zweiten	-8.32516
▁stärker	-8.3339
ag	-8.34204
ff	-8.34525
▁spezielle	-8.34993
rhal	-8.35076
liche	-8.35348
weg	-8.35669
▁zwa	-8.36157
▁bereit	-8.37506
da	-8.38238
▁fest	-8.38321
▁kommen	-8.3853
stellt	-8.38985
▁20	-8.39327
▁jede	-8.39527
forder	-8.39735
▁Regel	-8.40467
enden	-8.40484
ö	-8.40498
▁wichtige	-8.40585
zeit	-8.40639
V	-8.41457
▁zusammen	-8.42067
▁gegenüber	-8.42125
gar	-8.42243
lä	-8.42257
ck	-8.42329
▁Entschließung	-8.42383
▁Lin	-8.42383
▁Entscheidung	-8.42383
▁Flexibilität	-8.42383
▁Gemeinsame	-8.42383
▁Interesse	-8.42383
▁Kollegin	-8.42383
▁Sektor	-8.42383
▁Sozial	-8.42383
greif	-8.42383
einander	-8.42383
▁Ausschreibung	-8.42383
▁Bemerkung	-8.42384
freu	-8.42384
▁Regierung	-8.42384
▁Strahl	-8.42396
▁Aussch	-8.42416
ufmerksam	-8.42418
▁begrüße	-8.42456
spart	-8.42458
▁Gefahr	-8.42466
▁mein	-8.42468
▁Erzeuger	-8.4255
▁stehen	-8.42555
▁ausge	-8.42594
▁Ri	-8.42628
gestellt	-8.43373
grund	-8.43382
ereitstell	-8.43502
geführt	-8.43631
lo	-8.43754
stand	-8.44259
▁erst	-8.44862
▁wirtschaftlich	-8.45044
▁beide	-8.4525
sp	-8.45551
▁Ma	-8.46183
▁einig	-8.4686
▁C	-8.48723
sse	-8.49421
ste	-8.49454
▁abge	-8.4946
▁9	-8.50126
ein	-8.50227
▁erste	-8.50395
on	-8.51248
▁gleiche	-8.51613
ü	-8.51779
▁Ka	-8.5189
rgen	-8.52412
lage	-8.53259
olitik	-8.53325
erhalten	-8.53503
stellung	-8.5377
lan	-8.54105
geb	-8.54286
arbeit	-8.54311
schaft	-8.54365
▁Nutz	-8.54426
▁H	-8.54589
schlossen	-8.54671
streng	-8.54804
fassen	-8.54873
punkt	-8.54876
▁Änderung	-8.54878
förder	-8.54878
▁Euro	-8.54883
▁Mechanism	-8.54883
▁Strategie	-8.54883
▁System	-8.54883
▁Verbesserung	-8.54883
▁Wort	-8.54883
▁übrigen	-8.54883
▁Insel	-8.54883
▁heiß	-8.54884
▁Vorschläge	-8.54884
▁199	-8.54889
stimmung	-8.5489
▁Situation	-8.54891
▁Beispiel	-8.54891
▁Zukunft	-8.54894
▁schwer	-8.54898
ruf	-8.54901
mittel	-8.54915
▁verschiedene	-8.54932
ehr	-8.54981
▁Verfahren	-8.54993
▁Verordnung	-8.54994
▁leide	-8.55178
to	-8.55245
▁Ansicht	-8.55262
▁Form	-8.55282
▁gewisse	-8.55323
▁Steuer	-8.55422
di	-8.55525
▁Rede	-8.55557
▁gern	-8.55743
▁Sinn	-8.55746
▁ihn	-8.55769
▁wenige	-8.55791
2	-8.56111
ndlich	-8.56271
hr	-8.56394
setzen	-8.5667
kon	-8.5774
ment	-8.58218
▁sozial	-8.58328
zeitig	-8.58368
▁200	-8.58597
or	-8.58756
v	-8.58944
zer	-8.59131
▁festzu	-8.59312
nahme	-8.59841
▁nutz	-8.60053
dem	-8.60133
as	-8.60363
wirk	-8.61201
eben	-8.61503
▁we	-8.61523
▁Emissions	-8.61902
▁gemeinsame	-8.62161
▁unterschiedlich	-8.62254
ka	-8.62597
reichen	-8.6265
orgen	-8.63357
▁5	-8.63598
▁sei	-8.63782
▁h	-8.63851
schließen	-8.63937
erweise	-8.64212
▁politische	-8.64458
▁Beihilfe	-8.65194
▁soziale	-8.65337
ache	-8.65596
ab	-8.65956
so	-8.66055
treten	-8.66323
ständig	-8.67002
länder	-8.67066
ik	-8.67075
ebatt	-8.67429
erreichen	-8.67462
aß	-8.67592
stehen	-8.67931
▁wenig	-8.68155
legen	-8.68304
teuerung	-8.68811
handelt	-8.68925
prüf	-8.69168
▁Schutz	-8.69168
▁Treibhausgase	-8.69168
▁effektiv	-8.69168
▁multinationale	-8.69168
▁schließ	-8.69168
▁tatsächlich	-8.69168
▁trotz	-8.69168
▁Fortschritt	-8.69168
▁Fälle	-8.69168
▁Gemeinschaft	-8.69168
mindest	-8.69169
▁offen	-8.69169
▁Gleich	-8.6917
▁klein	-8.69171
▁berücksichtig	-8.69173
▁Proze	-8.69175
ringer	-8.69175
▁Abgeordnete	-8.69177
▁eingereicht	-8.69209
▁meist	-8.69253
▁Erfolg	-8.69263
träg	-8.69289
▁Hin	-8.69368
▁ernst	-8.69393
änder	-8.69517
sammenarbeit	-8.69582
rtik	-8.69591
▁Sp	-8.69628
▁Nach	-8.69868
im	-8.6988
▁Ihre	-8.70078
tragen	-8.70096
bedingung	-8.70188
▁gehört	-8.70522
gesetzt	-8.70623
▁End	-8.70818
lfen	-8.70855
▁Arbeits	-8.71293
unternehmen	-8.71343
sache	-8.71445
ht	-8.7157
halt	-8.71745
▁letzten	-8.71887
▁regionale	-8.72005
wohl	-8.72154
weit	-8.72189
gr	-8.72296
gegen	-8.72425
ak	-8.72627
C	-8.72657
ia	-8.72855
ob	-8.73872
I	-8.74197
richtung	-8.74201
▁Bes	-8.74331
▁nachhaltige	-8.74641
währen	-8.7497
eck	-8.75152
▁lange	-8.75224
man	-8.75383
sorg	-8.75806
hi	-8.7682
onen	-8.77853
▁sagte	-8.78372
▁anderer	-8.78874
ank	-8.79217
weise	-8.79579
frag	-8.798
c	-8.80008
▁besondere	-8.80542
▁einge	-8.81108
nehme	-8.81542
komm	-8.81635
▁davo	-8.81881
los	-8.82266
▁stärkere	-8.82341
▁weit	-8.82452
▁gegen	-8.82504
▁10	-8.83151
regel	-8.83461
▁Information	-8.83493
blick	-8.83979
▁vier	-8.83985
▁letzte	-8.84086
dig	-8.84115
fern	-8.84294
ing	-8.84573
▁Schwe	-8.85225
gebracht	-8.85348
lichkeit	-8.85404
▁Dienste	-8.85664
ordnung	-8.85684
ität	-8.85711
füg	-8.85744
roduzenten	-8.85769
gelegt	-8.85808
markt	-8.85812
zogen	-8.85815
treffen	-8.85832
chaffung	-8.85835
▁Kontroll	-8.85835
▁Konzept	-8.85835
▁Pflicht	-8.85835
▁Position	-8.85835
▁Stellung	-8.85835
▁Struktur	-8.85835
▁akzeptier	-8.85835
▁entscheiden	-8.85835
▁hätte	-8.85835
▁vorgeschlagen	-8.85835
▁vorgesehen	-8.85835
▁Betrieb	-8.85835
▁Lasten	-8.85835
▁fünf	-8.85835
▁verbesser	-8.85835
▁Institution	-8.85835
▁Mindest	-8.85835
▁einzeln	-8.85835
▁ionisierende	-8.85835
gebühr	-8.85835
▁Energiesteuer	-8.85835
▁bemüh	-8.85836
▁sechs	-8.85836
▁Fair	-8.85836
▁rasch	-8.85836
onzentr	-8.85837
▁unterstreich	-8.85837
▁versuche	-8.85837
organisation	-8.85838
raft	-8.85838
▁Leit	-8.85838
▁gefördert	-8.85841
▁geleistet	-8.85844
▁Instrument	-8.85844
▁Grundsätze	-8.85845
▁konnte	-8.85845
▁Ergebnis	-8.85853
▁Reaktion	-8.85854
▁tradi	-8.85857
▁Norm	-8.85858
▁deutlich	-8.85861
▁schnell	-8.85862
gesellschaft	-8.85868
▁Aspekt	-8.8587
▁erinner	-8.85883
sam	-8.85896
▁vorgetragen	-8.85903
▁Dinge	-8.85908
▁Vorteile	-8.85913
▁betone	-8.85916
▁Zusammenhalt	-8.85921
wan	-8.8593
fahren	-8.86014
deut	-8.86035
▁äußerst	-8.86056
▁beschlossen	-8.86125
vorschlag	-8.86145
igkeit	-8.86157
ive	-8.86181
bezieh	-8.86246
ige	-8.86568
bericht	-8.86578
ahlung	-8.86598
van	-8.86736
griff	-8.8684
▁größere	-8.87016
▁finanzielle	-8.87053
▁Bananenp	-8.87075
▁For	-8.87081
▁Richt	-8.8721
▁flexible	-8.87316
fach	-8.87381
politische	-8.87448
▁V	-8.87449
▁Unterschiede	-8.87934
regelung	-8.88266
▁Regelung	-8.88865
wesen	-8.89096
▁dara	-8.89683
tan	-8.90181
▁Rechts	-8.9024
koh	-8.90534
▁eng	-8.90536
glich	-8.90686
▁Bestr	-8.91146
▁gel	-8.91363
▁Handels	-8.91604
elle	-8.91838
▁wer	-8.92218
igung	-8.92475
9	-8.9261
will	-8.93181
durch	-8.93292
▁benachteiligte	-8.93659
▁groß	-8.94426
achten	-8.94457
▁Punkt	-8.94798
auen	-8.95258
ko	-8.95455
uch	-8.95531
▁Punkte	-8.9588
seitige	-8.96355
wende	-8.96657
gesamt	-8.97031
▁benachteiligt	-8.97045
zeichn	-8.97055
gegeben	-8.97946
gen	-8.98456
sweise	-8.9914
▁regional	-8.9934
▁He	-8.99669
behalt	-9.00125
ende	-9.00889
▁bew	-9.00941
gang	-9.01564
▁wohl	-9.01682
▁fair	-9.01745
nis	-9.0222
▁c	-9.02298
▁Halt	-9.02922
▁le	-9.03125
sektor	-9.03355
tritt	-9.03515
▁Rei	-9.03706
▁lie	-9.0374
smaßnahme	-9.04469
lange	-9.04787
egung	-9.05026
ahl	-9.05517
handlung	-9.05686
▁Wi	-9.05699
▁Hand	-9.05725
ifizier	-9.05766
form	-9.05767
▁Mitglied	-9.05793
stimmt	-9.05802
▁Ja	-9.05815
fehl	-9.05835
ifikat	-9.05835
▁Gesetz	-9.05835
jekt	-9.05835
▁Amsterdam	-9.05835
▁Folge	-9.05835
▁Partei	-9.05835
▁Schokolade	-9.05835
▁Spanien	-9.05835
▁Strukturfonds	-9.05835
▁Tarif	-9.05835
▁Technologie	-9.05835
▁amerikanische	-9.05835
▁betrachtet	-9.05835
▁erlaub	-9.05835
▁ratifizier	-9.05835
▁technische	-9.05835
▁vernünftige	-9.05835
▁wahr	-9.05835
isierung	-9.05835
mechanism	-9.05835
▁Infrastruktur	-9.05835
▁versucht	-9.05835
▁Erklärung	-9.05835
▁Reduzierung	-9.05835
▁Schlüssel	-9.05835
zehn	-9.05835
▁eigentlich	-9.05836
▁erforderlich	-9.05836
▁Brit	-9.05836
gefaßt	-9.05836
▁Rand	-9.05837
▁Kanar	-9.05837
▁Änderungsantr	-9.05837
ißbrauch	-9.05839
▁erkenn	-9.0584
▁ausgezeichnete	-9.0584
▁Aufträge	-9.05841
▁erfolgreich	-9.05841
▁wirksam	-9.05844
verzerrung	-9.05848
▁fort	-9.05848
▁drei	-9.0585
merk	-9.0585
▁praktisch	-9.0585
▁zahl	-9.05854
rschwin	-9.05854
▁gesche	-9.05855
▁Gedanke	-9.0586
▁Aktionsp	-9.05862
tionelle	-9.05863
▁erwarte	-9.05863
▁sogenannte	-9.05863
dienst	-9.05865
▁Mitgliedsländer	-9.0587
ngebot	-9.05871
▁verfolg	-9.05878
▁Arten	-9.05883
▁Bauern	-9.0589
▁wider	-9.05904
eginn	-9.05905
▁zurück	-9.05908
▁überzeug	-9.05914
kuli	-9.05923
▁ermöglich	-9.05941
▁vorliegende	-9.05943
▁Verkehr	-9.05958
lös	-9.05966
glichkeit	-9.05999
▁Anwendung	-9.06043
▁Dienst	-9.06044
▁Kö	-9.06113
eiden	-9.06156
rweiter	-9.0617
urteil	-9.06203
▁umgesetzt	-9.06209
werte	-9.06244
ort	-9.06277
▁echte	-9.06388
▁auszu	-9.06399
▁Sch	-9.06404
▁Aktion	-9.0654
▁gerecht	-9.0657
▁gelten	-9.06574
▁Haus	-9.06689
gewicht	-9.06779
tandard	-9.06858
▁Gegen	-9.06862
▁Her	-9.07069
▁warte	-9.07223
▁Mal	-9.07384
ard	-9.07573
lei	-9.07607
gegangen	-9.07668
▁biete	-9.07683
▁inso	-9.07823
▁To	-9.07927
lang	-9.0797
▁Verb	-9.08142
laufen	-9.08822
iti	-9.09484
weifel	-9.09981
▁spiel	-9.09998
▁oft	-9.10272
▁3	-9.10685
ußt	-9.10799
▁direkt	-9.10992
▁vereinbar	-9.11114
▁jeder	-9.11209
▁führt	-9.11379
▁behandelte	-9.13123
om	-9.13306
enc	-9.14664
nkt	-9.14928
▁spreche	-9.15941
wi	-9.16063
unterschiedliche	-9.16768
larheit	-9.17307
gab	-9.17651
▁ganze	-9.1784
1	-9.17894
bring	-9.17898
D	-9.17907
finde	-9.17953
▁bessere	-9.18251
op	-9.18565
sehen	-9.18978
ndet	-9.19376
gabe	-9.19705
nig	-9.19747
eten	-9.20881
duktion	-9.21435
▁Kenn	-9.2181
▁Rea	-9.23058
teile	-9.2358
gebiete	-9.23858
ute	-9.24069
▁steh	-9.25508
▁Ag	-9.25811
hör	-9.26396
schieden	-9.26811
reit	-9.27008
▁beda	-9.27105
ade	-9.28049
▁derzeit	-9.28231
letzt	-9.28663
▁gehör	-9.28777
oll	-9.29203
▁Zahl	-9.29224
▁Augen	-9.30068
▁Ang	-9.30239
dru	-9.30412
zieh	-9.30446
ück	-9.3049
▁verge	-9.30527
troffen	-9.3058
▁Lo	-9.30614
handeln	-9.30618
wirtschaft	-9.30619
mpf	-9.30631
mission	-9.30701
alität	-9.30702
einbar	-9.30753
produkt	-9.30759
esellschaft	-9.30784
hilfe	-9.30803
▁Auf	-9.30811
system	-9.30812
wach	-9.30826
▁Durch	-9.30827
▁19	-9.30828
grenze	-9.30832
schreib	-9.30833
armonisier	-9.30834
RE	-9.30835
diskutier	-9.30835
dringliche	-9.30835
tikettier	-9.30835
verhältnismäßig	-9.30835
zöger	-9.30835
▁Argument	-9.30835
▁Fehle	-9.30835
▁Finanz	-9.30835
▁Grupp	-9.30835
▁Kräfte	-9.30835
▁Monat	-9.30835
▁Sondertarife	-9.30835
▁Text	-9.30835
▁Untersuchung	-9.30835
▁Wahl	-9.30835
▁Weis	-9.30835
▁bestrahlt	-9.30835
▁erneuerbare	-9.30835
▁gegenwärtig	-9.30835
▁jegliche	-9.30835
▁konsequent	-9.30835
▁unabhängig	-9.30835
▁unterstützt	-9.30835
▁wünschen	-9.30835
▁Höchst	-9.30835
▁Kerosin	-9.30835
▁Priorität	-9.30835
▁Voraussetzung	-9.30835
▁Wachstum	-9.30835
▁Zweck	-9.30835
▁früh	-9.30835
▁rechne	-9.30835
▁stark	-9.30835
▁Grün	-9.30835
▁bedeutet	-9.30835
▁grundlegend	-9.30835
▁nötig	-9.30835
sprozesse	-9.30835
▁interess	-9.30835
▁ältere	-9.30835
▁Schul	-9.30835
▁Spiel	-9.30835
▁strategische	-9.30836
kontroll	-9.30836
▁konzentrier	-9.30836
▁Haupt	-9.30836
länger	-9.30836
▁aktiv	-9.30837
▁Gesamt	-9.30837
▁somalische	-9.30837
▁abschließend	-9.30839
▁außer	-9.30839
öhn	-9.30841
hält	-9.30844
drück	-9.30847
▁gemein	-9.30849
▁Gra	-9.30853
▁Pra	-9.30853
▁erhebliche	-9.30854
▁Haushalt	-9.3086
▁Gelegenheit	-9.30864
▁Milli	-9.30866
▁Geld	-9.30869
▁heraus	-9.30872
mäß	-9.30877
▁hohe	-9.30879
▁Landwirtschaft	-9.30882
kosten	-9.30884
leistung	-9.30885
▁Behörde	-9.30888
▁Hö	-9.30889
ormulier	-9.30889
▁Stelle	-9.30892
ppin	-9.309
▁verpflichte	-9.30901
achtet	-9.30904
möglichkeit	-9.30906
▁Zustimmung	-9.30911
▁erhöh	-9.30914
otifizier	-9.3092
▁Bananensektor	-9.3093
hinder	-9.30933
aket	-9.30935
▁Schluß	-9.30939
bezogen	-9.30943
▁Plan	-9.30976
▁Met	-9.30978
ubvention	-9.30986
▁verhinder	-9.30987
außen	-9.30987
evel	-9.3099
wettbewerbsfähig	-9.30991
▁Widers	-9.31004
nieß	-9.31015
▁Vergabe	-9.31018
chen	-9.31036
▁behandeln	-9.31057
zige	-9.31058
antwort	-9.31058
log	-9.31123
▁Einkommen	-9.31129
30	-9.31164
oph	-9.31171
▁Seite	-9.31175
ick	-9.31233
kehr	-9.31247
▁Ungleich	-9.31293
vorschläg	-9.31293
verständlich	-9.313
üg	-9.31303
ack	-9.31329
▁Nachteil	-9.31368
▁kritisier	-9.3142
▁höchsten	-9.31528
lement	-9.3156
met	-9.31589
▁Produzenten	-9.31632
▁Wirkung	-9.31723
bereiche	-9.31759
CO	-9.31872
aufen	-9.31913
rreg	-9.3192
▁entsprechende	-9.31922
menta	-9.31979
▁gem	-9.31998
gend	-9.32013
▁Ho	-9.32168
▁entwickelt	-9.32313
▁herz	-9.32321
enkung	-9.32765
inister	-9.32836
▁nie	-9.32896
▁unbe	-9.33135
vi	-9.33234
tnis	-9.3334
sion	-9.33517
norm	-9.33566
lische	-9.33579
▁gestalte	-9.33778
tritts	-9.33876
ssektor	-9.33961
gangen	-9.34176
▁schwierige	-9.34247
▁Informations	-9.34615
ör	-9.34676
▁Mat	-9.34679
ben	-9.34855
▁vorleg	-9.3492
nkre	-9.34944
pan	-9.3536
iese	-9.35389
ennzeichn	-9.35747
rland	-9.35949
▁klare	-9.35976
sver	-9.36131
ven	-9.36268
▁versteh	-9.367
zunehmen	-9.37059
forderung	-9.37524
sichts	-9.37694
altung	-9.37827
▁best	-9.37884
▁Pa	-9.37936
▁red	-9.38653
▁betri	-9.3866
▁Erd	-9.39304
nerkenn	-9.39395
▁verm	-9.40061
sreduktion	-9.40156
ergi	-9.40782
▁frage	-9.41161
gef	-9.42443
▁strengere	-9.42661
aar	-9.43634
llen	-9.43721
mach	-9.44206
kla	-9.44594
▁Emissionsre	-9.45132
usw	-9.45469
▁bekomm	-9.47826
äl	-9.48357
tliche	-9.48541
▁niedrige	-9.49115
▁unmittelbare	-9.49161
nutzt	-9.50322
bew	-9.50768
möglich	-9.51145
F	-9.5139
trag	-9.5147
fang	-9.52008
riff	-9.52253
zusetzen	-9.52427
▁richtige	-9.52427
▁pa	-9.52971
mehr	-9.53162
denke	-9.54735
barkeit	-9.54948
▁gew	-9.55104
▁solch	-9.55306
ere	-9.55611
problem	-9.55678
nahm	-9.56583
▁vorzu	-9.56673
chte	-9.57228
weis	-9.57689
ga	-9.58537
zweif	-9.58708
tand	-9.58782
ster	-9.5946
lf	-9.59497
▁schwierig	-9.59604
▁geändert	-9.59837
▁inakzeptab	-9.59911
lauf	-9.59992
gehalten	-9.60304
danke	-9.60458
▁komme	-9.60472
▁Teile	-9.60772
erst	-9.60984
setzt	-9.61296
▁steuerliche	-9.61386
beding	-9.61395
astr	-9.61462
▁Telekom	-9.61487
kl	-9.61831
▁entwickel	-9.62147
▁zweite	-9.62306
▁globale	-9.62338
▁Klima	-9.62584
gesetz	-9.62715
▁Unter	-9.62994
vielfa	-9.63207
▁Min	-9.63242
schnitt	-9.63508
gelt	-9.63518
schlag	-9.63555
teuer	-9.63567
angem	-9.63602
▁Erzeug	-9.6363
züg	-9.63693
ativ	-9.63737
▁Kons	-9.63836
▁begrü	-9.63922
evölker	-9.63949
ände	-9.63986
onferenz	-9.64035
ntwicklung	-9.64039
eits	-9.64061
ieferanten	-9.64077
äuf	-9.64078
▁fac	-9.64078
immt	-9.64097
▁struktur	-9.64121
eingeschränkt	-9.64125
kunft	-9.64135
staat	-9.64142
geordnet	-9.64146
finanzie	-9.64155
▁Telefon	-9.64155
ransparen	-9.64165
rinzipie	-9.64167
günstig	-9.64167
schritt	-9.64168
▁Währung	-9.64168
effizient	-9.64168
▁Deutsch	-9.64168
▁Dritt	-9.64168
▁Gebühren	-9.64168
▁Italien	-9.64168
▁Kohlendioxid	-9.64168
▁Konsequenz	-9.64168
▁Monopol	-9.64168
▁Ordnung	-9.64168
▁Rechnung	-9.64168
▁Schwierigkeit	-9.64168
▁Vorbereitung	-9.64168
▁Weg	-9.64168
▁Welthandels	-9.64168
▁beträchtlich	-9.64168
▁erfüll	-9.64168
▁geeignet	-9.64168
▁jur	-9.64168
▁konstruktiv	-9.64168
▁mobil	-9.64168
▁radikal	-9.64168
▁saubere	-9.64168
▁ursprünglich	-9.64168
beherrschende	-9.64168
bild	-9.64168
gruppe	-9.64168
haupt	-9.64168
jenige	-9.64168
verbesserung	-9.64168
▁Begleit	-9.64168
▁Chance	-9.64168
▁Gewähr	-9.64168
▁Modell	-9.64168
▁Niederlande	-9.64168
▁Praktike	-9.64168
▁Privathaushalte	-9.64168
▁Ware	-9.64168
▁geographische	-9.64168
▁gestatte	-9.64168
▁gewaltige	-9.64168
▁jene	-9.64168
▁kompliziert	-9.64168
▁persönlich	-9.64168
▁private	-9.64168
▁schlecht	-9.64168
▁verschärf	-9.64168
▁wechsel	-9.64168
fühle	-9.64168
▁Gesundheit	-9.64168
▁Privat	-9.64168
▁Versorgungs	-9.64169
▁relativ	-9.64169
▁prä	-9.64169
▁sofort	-9.64169
▁erschwer	-9.64169
ffekt	-9.64169
▁mittlere	-9.64169
▁harmonisierte	-9.64169
vergünstigung	-9.64169
▁dringen	-9.64169
stieg	-9.64169
▁solide	-9.64169
prinzip	-9.6417
laute	-9.6417
▁gelegentlich	-9.6417
▁lebens	-9.6417
▁Auffassung	-9.64171
▁geplant	-9.64171
▁Behinderte	-9.64172
preis	-9.64172
▁eindeutig	-9.64173
▁Daten	-9.64173
▁gewährleiste	-9.64173
▁betreffende	-9.64174
▁Bib	-9.64174
▁behindert	-9.64176
▁Verbindung	-9.64177
matisch	-9.64177
▁deutsche	-9.64177
egal	-9.64177
gerechtfertigt	-9.64178
▁beteilig	-9.64179
▁Frei	-9.6418
▁Telefondienst	-9.64182
▁Sprach	-9.64186
▁kurzfristig	-9.64186
▁verdien	-9.64187
▁Tele	-9.6419
▁erwies	-9.64192
▁Steuersystem	-9.642
▁Zeitraum	-9.64203
▁Kriteri	-9.64203
▁umfassend	-9.64203
▁Ta	-9.64203
▁Klimaver	-9.64206
▁VI	-9.64214
gien	-9.64217
▁hervor	-9.64218
ntschuldig	-9.64221
▁92.	-9.64224
▁Reform	-9.64225
▁festgelegt	-9.64228
▁Leistung	-9.64228
▁voranzu	-9.64238
vertr	-9.64244
▁demokratische	-9.64247
▁uneingeschränkt	-9.64247
▁Mart	-9.64249
▁Stand	-9.64255
▁Rück	-9.64259
mäßig	-9.6426
läuf	-9.64261
▁entfern	-9.64261
lieferanten	-9.64263
▁passier	-9.64268
com	-9.64272
▁erklär	-9.64276
ananenerzeug	-9.64277
apo	-9.64287
▁schlimmste	-9.6431
räum	-9.64323
szahlung	-9.64331
▁enttäusch	-9.64339
▁Standard	-9.64398
sol	-9.64417
▁enorm	-9.64431
▁zunehmende	-9.64472
empfehle	-9.64485
▁Ausnahme	-9.64505
▁verfüg	-9.64516
▁steige	-9.64517
▁kont	-9.64524
luß	-9.64526
▁müßte	-9.64569
buch	-9.64571
▁veränder	-9.64579
usschüsse	-9.6464
wählt	-9.64695
▁Geschäfts	-9.64719
uris	-9.64723
mmer	-9.64748
▁hinzu	-9.64767
▁Regionalbe	-9.6478
▁zusätzlich	-9.64846
▁überein	-9.64964
ahrung	-9.65065
▁Einheit	-9.65092
▁gelang	-9.65166
▁Personen	-9.65182
gezeigt	-9.65186
▁eingebracht	-9.65293
▁nachzu	-9.65324
uar	-9.65343
▁Einf	-9.65368
▁Ent	-9.65386
selb	-9.65401
▁voran	-9.65409
▁Ausl	-9.65428
▁beschränk	-9.6549
▁erzielt	-9.6558
▁verursacht	-9.6558
ial	-9.65627
▁einsetzen	-9.65672
▁vorher	-9.65764
▁gewährt	-9.65841
chlüsse	-9.66384
▁Zahlung	-9.66453
▁glaubwürdige	-9.6646
▁übernommen	-9.66542
▁Erf	-9.66715
up	-9.66876
▁Nu	-9.66994
▁steuerlich	-9.6703
werb	-9.67041
▁Chi	-9.67052
▁zugu	-9.67241
▁verstärkt	-9.67269
ugen	-9.67276
nzen	-9.67281
▁Anfang	-9.67289
pie	-9.67432
▁bewe	-9.67546
üh	-9.67621
▁Maß	-9.67627
▁Bei	-9.67976
elei	-9.68027
kal	-9.68105
▁sel	-9.68122
▁Schwer	-9.68584
spolitische	-9.68722
debatt	-9.68786
▁Do	-9.68958
getragen	-9.68979
▁Anteil	-9.69109
maß	-9.69311
lager	-9.69516
▁verwe	-9.69675
mag	-9.69998
ersorgung	-9.70223
stä	-9.70819
▁bereitstell	-9.71478
hand	-9.71827
▁vertret	-9.71953
estrikti	-9.72211
ützt	-9.72609
geboten	-9.73327
▁Ga	-9.7392
misch	-9.74397
gebiet	-9.74771
▁sicherstell	-9.75919
▁nenn	-9.76665
kata	-9.7894
▁anschließe	-9.79043
▁sprach	-9.79449
bedeutend	-9.79733
▁verla	-9.79867
ument	-9.82094
▁gesamte	-9.82116
▁schaff	-9.82204
chten	-9.82327
▁Ro	-9.83663
▁einseitig	-9.83675
▁leiste	-9.84291
▁besser	-9.84806
ürz	-9.85272
ürze	-9.87008
▁alte	-9.88129
▁strenger	-9.91818
uc	-9.91937
▁bedeuten	-9.93002
führt	-9.93803
▁speziell	-9.93911
▁nachhaltig	-9.93931
npassung	-9.9589
▁behandelt	-9.96354
streb	-9.97489
▁Fl	-9.97563
vo	-9.98049
▁reicht	-9.98841
▁Nat	-10.0013
3	-10.0044
U	-10.0047
direkt	-10.0052
vereinbar	-10.0055
10	-10.0097
G	-10.0143
M	-10.0152
nütz	-10.0181
boten	-10.0186
▁unterbr	-10.0213
▁verweis	-10.0224
strikt	-10.0226
chtung	-10.0432
▁hoc	-10.0503
arakter	-10.066
binden	-10.069
▁Hau	-10.073
öffentlich	-10.0761
gestalt	-10.0779
rede	-10.0825
▁ih	-10.0878
verträg	-10.093
▁verstärk	-10.093
▁Schw	-10.0948
▁Auge	-10.0977
▁finanziell	-10.0997
unternehme	-10.0999
größer	-10.1008
▁Banan	-10.1043
glaubwürdig	-10.1053
ährliche	-10.1097
eiten	-10.1166
▁Fest	-10.1183
▁verursach	-10.119
maßnahme	-10.1195
▁Pro	-10.1202
▁erziel	-10.1209
▁nah	-10.1212
▁Wirk	-10.1219
stra	-10.123
lig	-10.1259
anten	-10.1298
sätzlich	-10.1307
schläg	-10.1313
tik	-10.133
▁äußer	-10.1339
folge	-10.1339
pruch	-10.1346
▁Grenze	-10.1355
aschen	-10.1356
▁Anwend	-10.1357
mpfehl	-10.1365
zeug	-10.1377
▁zie	-10.1378
künftige	-10.1381
wort	-10.1384
olch	-10.139
▁Kri	-10.1395
ziel	-10.1398
rhöh	-10.1399
klär	-10.1402
pflichte	-10.1402
uropa	-10.1404
illi	-10.1409
rogramm	-10.1409
schaftl	-10.1411
ihilfen	-10.1411
elegenheit	-10.1411
bald	-10.1412
▁prakti	-10.1412
ließen	-10.1413
chwäch	-10.1413
sätze	-10.1413
schutz	-10.1414
welt	-10.1414
fristig	-10.1414
▁Amerika	-10.1414
llgemein	-10.1414
▁Landwirt	-10.1415
erücksichtig	-10.1415
icherheit	-10.1415
▁Lebens	-10.1415
ürokrati	-10.1416
▁Universal	-10.1416
region	-10.1416
ächtig	-10.1416
ährt	-10.1416
alisiert	-10.1416
▁Defi	-10.1416
kräft	-10.1417
völ	-10.1417
proze	-10.1417
▁Intensität	-10.1417
verbraucher	-10.1417
▁Diversifikation	-10.1417
▁Kapit	-10.1417
▁Luft	-10.1417
Energieverbrauch	-10.1417
abschied	-10.1417
atbestände	-10.1417
bedürf	-10.1417
essource	-10.1417
etail	-10.1417
friedig	-10.1417
handhab	-10.1417
operations	-10.1417
smitglied	-10.1417
wünscht	-10.1417
▁Appell	-10.1417
▁Argentinien	-10.1417
▁Bildungs	-10.1417
▁CDM	-10.1417
▁Direkt	-10.1417
▁Diskr	-10.1417
▁Einzelheit	-10.1417
▁Import	-10.1417
▁Interpretation	-10.1417
▁Kasachstan	-10.1417
▁Klimagipfel	-10.1417
▁Kohäsion	-10.1417
▁Mobil	-10.1417
▁Multi	-10.1417
▁Vorsitzende	-10.1417
▁Wert	-10.1417
▁befaßt	-10.1417
▁dauerhaft	-10.1417
▁doppelt	-10.1417
▁erörter	-10.1417
▁exportier	-10.1417
▁funktionieren	-10.1417
▁größte	-10.1417
▁interpretier	-10.1417
▁jeweil	-10.1417
▁kümmer	-10.1417
▁liberalisiert	-10.1417
▁obligat	-10.1417
▁revidiert	-10.1417
▁theoretisch	-10.1417
▁unzureichende	-10.1417
▁verschwinde	-10.1417
▁zentrale	-10.1417
▁ähnliche	-10.1417
dministrati	-10.1417
emokrati	-10.1417
frieden	-10.1417
ifferenzier	-10.1417
intensität	-10.1417
krieg	-10.1417
nehmig	-10.1417
orrekt	-10.1417
plizi	-10.1417
rbeitsplatz	-10.1417
stechnologie	-10.1417
uslandsgespräche	-10.1417
verhältnisse	-10.1417
zentralisier	-10.1417
▁Arbeitsplätze	-10.1417
▁Branche	-10.1417
▁Buchstabe	-10.1417
▁Gespräche	-10.1417
▁Kartell	-10.1417
▁Wertzuwachs	-10.1417
▁argentinische	-10.1417
▁beschleunig	-10.1417
▁detaillierte	-10.1417
▁geprägt	-10.1417
▁horizontale	-10.1417
▁höhere	-10.1417
▁kohärent	-10.1417
▁plädiere	-10.1417
▁produzier	-10.1417
▁unglaublich	-10.1417
▁vorrangig	-10.1417
▁ärmere	-10.1417
ateinamerika	-10.1417
ewässerung	-10.1417
lize	-10.1417
örderwürdig	-10.1417
▁Funktion	-10.1417
▁Organisation	-10.1417
▁Presse	-10.1417
▁Subsidiarität	-10.1417
▁Vermittlung	-10.1417
▁bescheidene	-10.1417
▁beschäftig	-10.1417
▁falsch	-10.1417
▁investier	-10.1417
▁vereinfach	-10.1417
fälsch	-10.1417
▁Lang	-10.1417
▁Sonder	-10.1417
▁ergänz	-10.1417
▁koordinierte	-10.1417
kämpf	-10.1417
▁Anschluß	-10.1417
▁Stoff	-10.1417
billig	-10.1417
elastung	-10.1417
▁sorgfältig	-10.1417
▁Botschaft	-10.1417
leuchten	-10.1417
▁hundert	-10.1417
ultur	-10.1417
▁Betreiber	-10.1417
▁Fahr	-10.1417
häng	-10.1417
sultier	-10.1417
▁bekräftig	-10.1417
▁energisch	-10.1417
▁herrsch	-10.1417
spro	-10.1417
▁verwirklich	-10.1417
▁Beschaffungs	-10.1417
rofit	-10.1417
▁Fördergebietsk	-10.1417
▁wirkungsvoll	-10.1417
▁weltweit	-10.1417
kommensbeihilfe	-10.1417
munikationsnetze	-10.1417
onkurr	-10.1417
▁möge	-10.1417
▁Sprachtelefon	-10.1417
▁betont	-10.1417
artige	-10.1417
▁Nahrungs	-10.1417
▁Komp	-10.1417
▁hilf	-10.1417
▁angestrebt	-10.1417
▁nannte	-10.1417
geworfen	-10.1417
eduzier	-10.1417
▁außenpolitische	-10.1417
▁transparent	-10.1417
▁kostenlos	-10.1417
▁Miß	-10.1417
nträchtig	-10.1417
gesundheit	-10.1418
iversifi	-10.1418
zierung	-10.1418
▁Prä	-10.1418
tuell	-10.1418
▁Erzeugnisse	-10.1418
tulier	-10.1418
▁einheitliche	-10.1418
▁hart	-10.1418
▁Konsument	-10.1418
▁Versuch	-10.1418
▁verkauf	-10.1418
zerrung	-10.1418
▁verbindliche	-10.1418
reta	-10.1418
lohn	-10.1418
▁Erfordernis	-10.1419
sicherung	-10.1419
leitet	-10.1419
▁Durchschnitt	-10.1419
wogen	-10.1419
▁Auftrag	-10.1419
hüte	-10.1419
▁Spann	-10.1419
▁angrenzen	-10.1419
▁irgend	-10.1419
ektive	-10.1419
▁Standort	-10.1419
▁Amerikaner	-10.1419
▁Aussage	-10.1419
▁Unterzeichn	-10.142
netz	-10.142
▁folgend	-10.142
▁Umweltschutz	-10.142
fürworte	-10.142
ition	-10.1421
▁Beitritts	-10.1421
▁92	-10.1421
lick	-10.1422
▁entziehe	-10.1422
▁logisch	-10.1422
▁erfolgte	-10.1422
kün	-10.1423
▁Kandidaten	-10.1423
indung	-10.1423
nic	-10.1423
eleg	-10.1423
▁Schöpf	-10.1423
raum	-10.1424
▁Programm	-10.1424
▁erneu	-10.1424
erfolg	-10.1424
▁strukturschw	-10.1425
▁baldige	-10.1425
▁Sicher	-10.1425
▁Arbeitsmarkt	-10.1425
chlußfolger	-10.1425
ollar	-10.1426
▁informier	-10.1426
▁intern	-10.1427
nvesti	-10.1427
▁Energiesektor	-10.1428
▁197	-10.1428
▁bekannt	-10.1429
rinner	-10.143
lio	-10.143
▁Vertr	-10.143
leidig	-10.1431
▁37	-10.1431
minier	-10.1433
qualität	-10.1433
▁validierte	-10.1433
ananenproduktion	-10.1434
schw	-10.1436
▁drohen	-10.1438
▁herum	-10.1439
▁Sicherheit	-10.1439
▁zurückzu	-10.1439
▁Überein	-10.1441
gän	-10.1442
▁Getr	-10.1442
▁Beschl	-10.1442
▁damalig	-10.1443
▁att	-10.1446
übereinstimm	-10.1446
ichtlinie	-10.1448
defizite	-10.145
▁Absicht	-10.1452
nspruch	-10.1452
artne	-10.1453
bevölker	-10.1453
erio	-10.1453
▁künftig	-10.1453
teure	-10.1454
▁Leg	-10.1455
olidari	-10.1455
▁Übersch	-10.1457
anspruch	-10.1457
▁Abkommen	-10.1457
arbeitet	-10.1457
gepr	-10.1458
gewor	-10.1458
▁Net	-10.146
ept	-10.146
▁breitere	-10.1463
▁empf	-10.1464
dwirtschaftliche	-10.1465
▁Lob	-10.1467
herein	-10.1468
oral	-10.1468
tums	-10.147
▁Trade	-10.1473
▁betroffen	-10.1475
▁Gesch	-10.1476
▁näher	-10.1477
▁Grenz	-10.1479
▁ausreichen	-10.148
tzung	-10.1485
▁pla	-10.1487
▁Bestimmung	-10.1488
▁Arbeitsp	-10.1489
isieren	-10.1498
▁Prüfung	-10.1503
▁bestimm	-10.1503
▁Kern	-10.1505
jahr	-10.1507
▁laufend	-10.1517
▁Vorgehen	-10.1519
▁wettbewerbs	-10.1519
durchschnitt	-10.1524
gebrochen	-10.1524
sultat	-10.1527
telligen	-10.1528
▁bewirk	-10.1531
ish	-10.1533
zügig	-10.1536
widme	-10.1537
▁gebr	-10.1541
▁Krise	-10.1545
achläss	-10.1548
▁vorlieg	-10.155
messen	-10.1556
verb	-10.1557
abel	-10.156
▁Tag	-10.1562
eilnehmer	-10.1567
▁gegenüberstehe	-10.1574
put	-10.1575
▁festleg	-10.1592
ermaß	-10.1592
ongruen	-10.1593
▁verti	-10.1602
H	-11.0157
R	-11.0239
N	-11.0245
&	-12.2515
Ü	-12.2516
Ä	-12.2517
q	-12.2518
x	-12.2519
!	-12.252
J	-12.2521
j	-12.2522
Z	-12.2523
L	-12.2524
W	-12.2525
E	-12.2526
B	-12.2527
