Ep. 1 : Up. 4 : Sen. 256 : Cost 239.27255249
Ep. 1 : Up. 8 : Sen. 512 : Cost 246.85655212
Ep. 1 : Up. 12 : Sen. 768 : Cost 230.16513062
Ep. 1 : Up. 16 : Sen. 1,024 : Cost 251.03186035
Ep. 1 : Up. 20 : Sen. 1,280 : Cost 249.74163818
Ep. 1 : Up. 24 : Sen. 1,536 : Cost 239.31179810
Ep. 1 : Up. 28 : Sen. 1,792 : Cost 231.93222046
Ep. 1 : Up. 32 : Sen. 128 : Cost 255.42749023
Ep. 1 : Up. 36 : Sen. 384 : Cost 250.27011108
Ep. 1 : Up. 40 : Sen. 640 : Cost 249.66784668
Ep. 1 : Up. 44 : Sen. 896 : Cost 254.14111328
Ep. 2 : Up. 48 : Sen. 128 : Cost 237.40222168
Ep. 2 : Up. 52 : Sen. 384 : Cost 255.97949219
Ep. 2 : Up. 56 : Sen. 640 : Cost 252.84860229
Ep. 2 : Up. 60 : Sen. 896 : Cost 244.12496948
