-46.605667
-123.891159
-10.970621
-62.273071
-0.957520
-41.687168
-0.957520
-0.957520
-9.059074
-15.826587
