217.98495483
193.71565247
189.58929443
212.35632324
231.50009155
240.59005737
233.03207397
259.40692139
246.13546753
255.14706421
