Indien und Japan Ministerpräsidenten treffen sich in Tokio
Indiens neuer Premierminister Nar@@ endra Modi trifft sein jap@@ anisches Pendant , Shin@@ zo Abe , in Tokio , um über wirtschaftliche und Sicherheits@@ beziehungen zu diskutieren , auf seinem ersten wichtigen Auslands@@ besuch seit der Wahl im Mai .
Herr Modi ist auf einer fünft@@ ä@@ gigen Reise nach Japan , um die wirtschaftlichen Beziehungen zur dritt@@ größten Volkswirtschaft der Welt zu stärken .

auch Indien hofft angeblich auf eine Einigung zur Verteidigungs@@ kooperation beider Nationen .
Kar@@ ra@@ tha Polizei nimmt 20-@@ Jährige nach Hochgeschwindigkeits@@ motor@@ en@@ jagd fest

die Verkehrs@@ polizei auf Pat@@ rou@@ ille in Kar@@ ra@@ tha an diesem Vormittag versuchte , über ein blau@@ es Motorrad zu ziehen , als sie sie entdeckten , sie erreichte 12@@ ,5 / h , wie sie aus einer Tankstelle an der Bath@@ tor@@ straße aus@@ zog .
die Polizei meldet den Reiter dann nicht an und fuhr weiter bis zur Bur@@ ges@@ e-@@ Straße , bevor er in Busch@@ land fuhr , wodurch die Beamten aus den Augen verloren haben .
das Motorrad und ein Mensch Treffer der Beschreibung des Rei@@ ters wurde dann in einem Haus auf Wal@@ cott Way in Bulgar@@ ra ges@@ ichtet .
die Polizei von Kar@@ ra@@ tha hat einen 20-@@ jährigen Mann beauftragt , der es versäumt zu stoppen und leicht@@ sinnig fahren zu können .


George Web@@ ster warf N@@ air@@ n und Pit@@ loch@@ ry Hotel@@ vergewal@@ tigung vor

George Web@@ ster , 28 , stellte sich bei einer Anhörung vor dem Ober@@ landes@@ gericht in Glasgow die Vorwürfe .
er soll am 7. Juni 2013 eine Frau im schottischen Hotel in Pit@@ loch@@ ry in Per@@ th@@ shire vergewaltigt haben .
es wird von Web@@ ster angegriffen , während sie &quot; bewusst@@ los , schlä@@ ft und unfähig ist , ihre Zustimmung zu geben &quot; .
Web@@ ster ist dann angeklagt , eine zweite Frau im Golf View Hotel in N@@ air@@ n im Hochland am 4. Mai 2014 vergewaltigt zu haben .

