Indien und Japan Ministerpräsidenten treffen sich in Tokio ||| WordScores= -0.18375 -0.00681 -1.78181 -5.42800 -0.49646 -1.31013 -0.02369 -0.03566 -0.07066
auf der Tagesordnung stehen die Pläne für eine stärkere nukleare Zusammenarbeit . ||| WordScores= -4.06917 -0.10704 -0.36772 -2.62385 -7.32853 -0.21734 -1.72790 -0.81673 -3.91764 -3.94440 -0.41845 -0.02692 -0.00195
Indien hofft angeblich auch auf einen Abschluss der Verteidigungs@@ zusammenarbeit zwischen beiden Nationen . ||| WordScores= -1.66069 -2.40866 -2.36999 -0.80506 -0.25146 -4.69925 -1.13724 -1.81759 -1.71565 -3.49145 -1.39219 -3.57509 -0.86835 -0.01410 -0.00121
Kar@@ ra@@ tha Polizei nimmt 20-@@ Jährige nach Hochgeschwindigkeits@@ motor@@ en@@ jagd fest ||| WordScores= -0.02068 -0.01646 -0.40153 -0.21603 -1.79714 -0.00878 -3.00147 -0.00644 -9.80308 -3.23601 -2.41616 -2.73949 -0.33416 -0.09801
die Polizei von Kar@@ ra@@ tha hat einen 20-@@ jährigen Mann angeklagt , der es versäumt hat , sich zu stoppen und leicht@@ sinnig zu fahren . ||| WordScores= -2.09852 -0.36589 -2.10097 -0.02554 -0.04177 -0.01275 -1.60743 -0.46922 -0.73597 -1.30458 -0.01551 -4.78455 -0.05686 -1.40034 -8.37452 -4.30725 -5.94212 -0.61563 -8.64113 -3.47137 -0.72107 -0.06517 -3.20057 -7.45587 -1.72395 -0.23648 -0.00179 -0.00067
er soll am 23. September in Kar@@ ra@@ tha Magistr@@ ats@@ gericht erscheinen . ||| WordScores= -0.81968 -0.34642 -1.21192 -0.10183 -0.01939 -0.20847 -0.03795 -0.00385 -0.03366 -1.27837 -3.83017 -8.67985 -2.59595 -0.03176 -0.00625
das Motorrad wurde für drei Monate beschlagnahmt und ver@@ ewi@@ gt . ||| WordScores= -0.72329 -0.17486 -0.60996 -8.00145 -0.24476 -0.02712 -0.53277 -0.01615 -8.59945 -8.18338 -0.01854 -0.01427 -0.00265
George Web@@ ster warf N@@ air@@ n und Pit@@ loch@@ ry Hotel@@ rap@@ s vor ||| WordScores= -0.07791 -0.08386 -0.06499 -5.93487 -0.31875 -0.10093 -0.00528 -0.10876 -0.08186 -1.24737 -5.28308 -1.54259 -1.20802 -5.43377 -3.32879 -0.08178
ein Mann soll vor Gericht gestellt werden , dass er Frauen in zwei Hotels vergewaltigt hat . ||| WordScores= -0.61295 -0.05604 -0.10330 -8.89669 -0.12706 -8.65162 -0.25115 -0.11276 -5.37650 -8.57532 -1.45300 -0.68819 -0.07668 -0.04126 -0.56522 -2.27827 -0.00525 -0.00145
George Web@@ ster , 28 , sah sich der Anklage während einer Anhörung am Ober@@ landes@@ gericht in Glasgow gegenüber . ||| WordScores= -2.07632 -0.07795 -0.00839 -0.76041 -0.21952 -0.20904 -4.17832 -1.10207 -5.21189 -0.76077 -1.94803 -0.16868 -0.05529 -4.11728 -1.53516 -0.41729 -0.03485 -0.31102 -0.06459 -1.42118 -0.01965 -0.00196
Rich@@ terin Lady Ra@@ e setzte einen Prozes@@ stermin für den 17. November am Ober@@ landes@@ gericht in Edinburgh ein . ||| WordScores= -0.58862 -0.00724 -0.05654 -0.00409 -0.01305 -5.40428 -3.64762 -2.54577 -1.91631 -0.08264 -0.64857 -0.01442 -0.03183 -4.00264 -0.91753 -0.28763 -0.02607 -2.97987 -0.05192 -2.95480 -0.01986 -0.00174
neue Verbindung mit dem Very American Ideal , dass die Arbeits@@ rechte Menschenrechte sind ||| WordScores= -13.30757 -2.54293 -0.65260 -2.18893 -3.21456 -0.20865 -0.07914 -1.83117 -4.06302 -2.99476 -8.22205 -1.20135 -1.79749 -2.08126 -0.07323
aber es ist sicher keine radikale Initiative - zumindest durch amerikanische Standards . ||| WordScores= -4.51532 -2.69523 -2.39497 -9.49324 -1.07203 -0.66383 -0.32851 -0.74280 -0.30560 -5.85843 -0.65635 -1.66706 -0.02880 -0.00399
die Amerikaner akzeptierten seit Generationen die grundlegende Voraussetzung , dass die Arbeits@@ rechte die Menschenrechte sind . ||| WordScores= -4.98860 -0.23914 -3.43887 -5.77733 -0.22389 -0.95802 -7.92095 -3.73398 -0.49724 -0.33766 -3.13490 -5.30804 -0.67915 -2.65416 -0.10318 -1.03553 -0.00479 -0.00240
wie der Rever@@ end Martin Luther King Jr. vor 50 Jahren sagte : ||| WordScores= -1.14179 -1.87487 -0.92309 -0.38589 -0.13136 -0.16356 -0.10574 -0.94528 -0.62584 -3.00576 -0.01391 -0.79684 -0.00548 -0.02523
die Geschichte ist ein großer Lehrer . ||| WordScores= -3.05902 -0.17484 -0.28690 -2.01645 -2.26109 -0.84102 -0.10231 -0.01682
jetzt weiß jeder , dass die Arbeiter@@ bewegung die Stärke der Nation nicht verringert , sondern erweitert hat . ||| WordScores= -1.93457 -2.89882 -0.58344 -0.08429 -0.46078 -1.24385 -1.15167 -0.59943 -1.07823 -2.10017 -0.91511 -0.03755 -0.63806 -11.67614 -0.32959 -0.03371 -3.38326 -1.31437 -0.00829 -0.00162
wer die Arbeit angreift , vergisst diese einfachen Wahrheiten , aber die Geschichte erinnert sich an sie . ||| WordScores= -2.45497 -3.56395 -0.25470 -1.35101 -0.04655 -1.19659 -0.51484 -1.66715 -0.06676 -0.28050 -3.08681 -1.03321 -0.10015 -1.84442 -1.71098 -2.82596 -1.03846 -0.07512 -0.00136
die Geschichte erinnert sich , wie auch wir . ||| WordScores= -3.56814 -0.14133 -1.87425 -0.16672 -0.67574 -1.92096 -7.17993 -3.54041 -1.53449 -0.00520
Richter blockiert vorübergehend das Gesetz , das alle Louisiana Ab@@ t@@ reibungs@@ klin@@ iken schließen könnte ||| WordScores= -0.11063 -4.94794 -5.23326 -7.34413 -0.93412 -0.03224 -0.77818 -0.54105 -5.38488 -2.60928 -0.59773 -0.24866 -1.51980 -0.05691 -0.34822 -0.36029 -0.03297
eine Anhörung soll innerhalb eines Monats für den Richter angesetzt werden , um ein perman@@ entes Urteil über das Gesetz zu fällen . ||| WordScores= -2.29352 -0.07306 -3.50204 -1.85259 -0.14347 -0.16317 -6.03910 -1.28817 -0.20471 -3.21577 -1.64041 -0.03952 -0.92784 -3.41703 -7.30481 -0.91190 -2.60556 -3.56717 -0.55611 -0.20658 -1.94188 -4.24353 -0.00253 -0.00058
Small STU@@ DY : neue Medikamente können Lunge bremsen , Eier@@ stock@@ krebs ||| WordScores= -5.41557 -0.22263 -2.03030 -0.00494 -0.07231 -0.67574 -1.49992 -7.31115 -3.41234 -0.01284 -3.97300 -5.11144 -0.17179 -1.26787
die Forscher verfolgen die Frauen@@ arz@@ t@@ reisen über sieben Jahre hinweg . ||| WordScores= -0.37907 -0.13052 -5.91106 -0.50049 -4.61328 -3.62387 -1.81711 -10.11036 -2.89118 -0.10363 -0.02254 -3.23681 -0.07415 -0.00346
ältere Frauen und diejenigen , deren Krebs zum Zeitpunkt der Diagnose fortgeschritt@@ ener war , hatten die ärmsten Überlebens@@ raten . ||| WordScores= -1.27670 -0.34970 -0.12219 -4.41875 -0.07353 -0.35352 -1.53169 -5.76056 -0.15826 -0.06312 -0.11679 -9.47368 -0.61402 -1.53988 -0.03469 -1.48661 -0.48250 -1.65144 -1.88182 -0.52432 -0.10110 -0.00154
Garten@@ center rue fallen in Haus@@ besitzer . ||| WordScores= -0.88941 -2.20912 -3.05021 -4.16589 -1.96786 -3.99836 -2.55335 -1.24564 -0.00843
der TV-S@@ ender stopp@@ te etwa 40 Minuten die Ausstrahlung , hat aber inzwischen begonnen , wieder auszu@@ strahlen . ||| WordScores= -1.20667 -2.03078 -0.14912 -3.87986 -0.01273 -5.26571 -0.08112 -0.01498 -4.64522 -2.06372 -0.19734 -2.07091 -2.62696 -1.07566 -4.45997 -0.19529 -1.97682 -4.13813 -0.15467 -0.00322 -0.00165
rund einen Kilometer entfernt stießen sie auf Sicherheits@@ dienste , bewaffnet mit Stö@@ cken und Steinen . ||| WordScores= -3.87532 -0.78403 -0.04795 -0.55715 -2.39417 -0.04929 -2.55715 -0.89352 -2.62920 -0.58566 -3.77420 -0.26093 -0.21844 -1.69018 -0.03320 -0.13712 -0.10214 -0.00154
die Polizei setzte T@@ rän@@ eng@@ as ein . ||| WordScores= -0.18993 -0.02276 -1.15952 -0.85510 -0.07016 -0.05933 -0.09776 -0.41607 -0.01653 -0.00235
die Demonstranten forderten Shar@@ if Rücktritt , den er ablehnte . ||| WordScores= -0.35891 -0.15075 -0.90562 -1.30243 -4.28181 -0.26586 -0.21280 -1.50020 -0.27740 -6.29307 -0.00433 -0.00200
das Militär spielt eine wichtige Rolle in Pakistan und hat in der Vergangenheit mehrfach die Macht übernommen . ||| WordScores= -0.88018 -0.02916 -0.27259 -1.88150 -0.74316 -0.02547 -0.13788 -0.02269 -0.88077 -0.65322 -2.02451 -0.30227 -0.05157 -2.74131 -1.75000 -0.35967 -5.05768 -0.11110 -0.00170
