0 ||| Indien und Japan Ministerpräsidenten treffen sich in Tokio ||| 0-0 1-1 2-2 3-3 5-4 6-5 6-6 7-7 8-8 ||| WordScores= -0.04089 -0.00192 -0.10980 -1.32812 -0.02763 -0.10213 -0.00263 -0.03303 -0.01793 ||| F0= -1.66408 ||| -0.184897
0 ||| Indien und Japan Premier treffen sich in Tokio ||| 0-0 1-1 2-2 3-3 5-4 6-5 6-6 7-7 8-8 ||| WordScores= -0.04089 -0.00192 -0.10980 -1.35280 -0.14433 -0.06598 -0.00790 -0.03167 -0.05165 ||| F0= -1.80694 ||| -0.200772
0 ||| Indien und Japan Ministerpräsidenten treffen in Tokio ||| 0-0 1-1 2-2 3-3 5-4 6-5 7-6 8-7 ||| WordScores= -0.04089 -0.00192 -0.10980 -1.32812 -0.02763 -2.33977 -0.03040 -0.31857 ||| F0= -4.1971 ||| -0.524637
1 ||| auf der Tagesordnung stehen die Pläne für eine verstärkte nukleare Zusammenarbeit . ||| 0-0 0-3 0-4 2-1 3-2 5-5 6-6 7-7 7-8 8-9 9-10 10-11 11-12 ||| WordScores= -1.22005 -0.04970 -0.09432 -0.28738 -1.70265 -0.06309 -0.31387 -0.09139 -1.68826 -0.93759 -0.05291 -0.00430 -0.00051 ||| F0= -6.50603 ||| -0.500464
1 ||| auf der Tagesordnung stehen die Pläne für eine stärkere Zusammenarbeit im Nuklear@@ bereich . ||| 0-0 0-3 0-4 2-1 3-2 5-5 6-6 7-7 7-8 8-9 8-10 8-11 11-12 11-13 11-14 ||| WordScores= -1.22005 -0.04970 -0.09432 -0.28738 -1.70265 -0.06309 -0.31387 -0.09139 -1.17093 -1.06695 -0.43393 -0.56390 -0.52183 -0.00677 -0.00035 ||| F0= -7.58712 ||| -0.505808
1 ||| auf der Tagesordnung stehen die Pläne für eine stärkere Zusammenarbeit im Nuklear@@ sektor . ||| 0-0 0-3 0-4 2-1 3-2 5-5 6-6 7-7 7-8 8-9 8-10 8-11 10-13 11-12 11-14 ||| WordScores= -1.22005 -0.04970 -0.09432 -0.28738 -1.70265 -0.06309 -0.31387 -0.09139 -1.17093 -1.06695 -0.43393 -0.56390 -1.02466 -0.00544 -0.00031 ||| F0= -8.08859 ||| -0.53924
2 ||| Indien ist angeblich auch auf eine Einigung zur Verteidigungs@@ kooperation der beiden Nationen gehofft . ||| 0-0 1-1 3-2 4-3 4-4 4-13 6-5 7-6 8-7 9-8 10-9 11-10 13-11 14-12 16-14 16-15 ||| WordScores= -0.30378 -1.17298 -0.54632 -0.15733 -0.54683 -0.59213 -0.27153 -0.84848 -0.72107 -0.71831 -0.81785 -0.01507 -0.60494 -1.36295 -0.00479 -0.00047 ||| F0= -8.68483 ||| -0.542802
2 ||| Indien ist angeblich auch auf eine Einigung zur Verteidigungs@@ zusammenarbeit der beiden Nationen gehofft . ||| 0-0 1-1 3-2 4-3 4-4 4-13 6-5 7-6 8-7 9-8 10-9 11-10 13-11 14-12 16-14 16-15 ||| WordScores= -0.30378 -1.17298 -0.54632 -0.15733 -0.54683 -0.59213 -0.27153 -0.84848 -0.72107 -1.08072 -0.62431 -0.01561 -0.57588 -1.29142 -0.00473 -0.00051 ||| F0= -8.75364 ||| -0.547103
2 ||| Indien ist angeblich auch auf eine Einigung zur Verteidigungs@@ kooperation der beiden Nationen zu hoffen . ||| 0-0 1-1 3-2 4-3 4-4 4-13 4-14 6-5 7-6 8-7 9-8 10-9 11-10 13-11 14-12 16-15 16-16 ||| WordScores= -0.30378 -1.17298 -0.54632 -0.15733 -0.54683 -0.59213 -0.27153 -0.84848 -0.72107 -0.71831 -0.81785 -0.01507 -0.60494 -1.94709 -0.03367 -0.00461 -0.00037 ||| F0= -9.30237 ||| -0.547199
3 ||| Kar@@ ra@@ tha Polizei nimmt 20-@@ Jährige nach Hochgeschwindigkeits@@ motor@@ en@@ jagd fest ||| 0-0 1-1 2-2 3-3 4-4 4-12 5-5 6-6 7-7 8-8 10-9 11-10 11-11 12-13 ||| WordScores= -0.00319 -0.00325 -0.06453 -0.02198 -0.43743 -0.00259 -1.14181 -0.00499 -1.43474 -0.77749 -0.48157 -0.32582 -0.05795 -0.05955 ||| F0= -4.81689 ||| -0.344064
3 ||| Kar@@ ra@@ tha Polizei nimmt 20-@@ jährigen nach Hochgeschwindigkeits@@ motor@@ en@@ jagd fest ||| 0-0 1-1 2-2 3-3 4-4 4-12 5-5 6-6 7-7 8-8 10-9 11-10 11-11 12-13 ||| WordScores= -0.00319 -0.00325 -0.06453 -0.02198 -0.43743 -0.00259 -1.22616 -0.00506 -1.65630 -0.76404 -0.43120 -0.35059 -0.07091 -0.06216 ||| F0= -5.09938 ||| -0.364241
3 ||| Kar@@ ra@@ tha Polizei nimmt 20-@@ Jährige nach High@@ speed@@ - Motorrad@@ jagd fest ||| 0-0 1-1 2-2 3-3 4-4 4-13 5-5 6-6 7-7 8-8 9-9 10-10 10-11 11-12 12-14 ||| WordScores= -0.00319 -0.00325 -0.06453 -0.02198 -0.43743 -0.00259 -1.14181 -0.00499 -1.75412 -0.54146 -1.25921 -0.19015 -1.76904 -0.02831 -0.02697 ||| F0= -7.24902 ||| -0.483268
4 ||| die Polizei von Kar@@ ra@@ tha hat einen 20-@@ jährigen Mann beauftragt , der es versäumt hat , sich zu stoppen und leicht@@ sinnig zu fahren . ||| 0-0 0-2 0-3 1-4 2-5 3-1 4-6 5-11 6-7 7-8 8-9 9-10 10-12 10-13 11-14 11-15 12-16 12-17 13-18 13-19 13-20 14-21 15-22 15-23 16-24 16-25 18-26 18-27 ||| WordScores= -0.23397 -0.04033 -0.42472 -0.00173 -0.00423 -0.00356 -0.11537 -0.09349 -0.12831 -0.17832 -0.01599 -0.69943 -0.00824 -0.20732 -1.28687 -1.14479 -1.08208 -0.07829 -1.62885 -0.64844 -0.51995 -0.00569 -0.23375 -2.02677 -0.84037 -0.01402 -0.00091 -0.00010 ||| F0= -11.6659 ||| -0.416639
4 ||| die Polizei von Kar@@ ra@@ tha hat einen 20-@@ jährigen Mann beauftragt , der es versäumt hat , sich zu stoppen und leicht@@ sinn@@ ig@@ erweise fahr@@ bereit zu sein . ||| 0-0 0-2 0-3 1-4 2-5 3-1 4-6 5-11 6-7 7-8 8-9 9-10 10-12 10-13 11-14 11-15 12-16 12-17 13-18 13-19 13-20 14-21 15-22 15-23 16-26 18-24 18-25 18-27 18-28 18-29 18-30 18-31 ||| WordScores= -0.23397 -0.04033 -0.42472 -0.00173 -0.00423 -0.00356 -0.11537 -0.09349 -0.12831 -0.17832 -0.01599 -0.69943 -0.00824 -0.20732 -1.28687 -1.14479 -1.08208 -0.07829 -1.62885 -0.64844 -0.51995 -0.00569 -0.23375 -2.32797 -0.42604 -0.24117 -1.19161 -0.32096 -0.17239 -0.12483 -0.00039 -0.00007 ||| F0= -13.5892 ||| -0.424661
4 ||| die Polizei von Kar@@ ra@@ tha hat einen 20-@@ jährigen Mann beauftragt , der es versäumt hat , sich zu stoppen und leicht@@ sinn@@ ig@@ erweise fahr@@ bereit . ||| 0-0 0-2 0-3 1-4 2-5 3-1 4-6 5-11 6-7 7-8 8-9 9-10 10-12 10-13 11-14 11-15 12-16 12-17 13-18 13-19 13-20 14-21 15-22 15-23 16-26 18-24 18-25 18-27 18-28 18-29 ||| WordScores= -0.23397 -0.04033 -0.42472 -0.00173 -0.00423 -0.00356 -0.11537 -0.09349 -0.12831 -0.17832 -0.01599 -0.69943 -0.00824 -0.20732 -1.28687 -1.14479 -1.08208 -0.07829 -1.62885 -0.64844 -0.51995 -0.00569 -0.23375 -2.32797 -0.42604 -0.24117 -1.19161 -0.32096 -1.96733 -0.00010 ||| F0= -15.2589 ||| -0.50863
5 ||| er soll am 23. September in Kar@@ ra@@ tha Magistr@@ ats@@ gerichtshof erscheinen . ||| 0-0 2-1 4-12 5-2 5-5 6-6 7-7 8-8 9-9 10-10 11-11 13-4 14-3 15-13 16-14 ||| WordScores= -0.71454 -0.10284 -0.08491 -0.01245 -0.00216 -0.02313 -0.00455 -0.00030 -0.00278 -0.51689 -0.77488 -2.56675 -0.59388 -0.02435 -0.00083 ||| F0= -5.42523 ||| -0.361682
5 ||| er soll am 23. September in Kar@@ ra@@ tha Magistr@@ ats erscheinen . ||| 0-0 2-1 5-2 5-5 6-6 7-7 8-8 9-9 10-10 13-4 14-3 16-11 16-12 16-13 ||| WordScores= -0.71454 -0.10284 -0.08491 -0.01245 -0.00216 -0.02313 -0.00455 -0.00030 -0.00278 -0.51689 -2.81211 -1.10406 -0.03829 -0.00131 ||| F0= -5.42031 ||| -0.387165
5 ||| er soll am 23. September in Kar@@ ra@@ tha Magistr@@ ats@@ -@@ Richter erscheinen . ||| 0-0 2-1 4-13 5-2 5-5 6-6 7-7 8-8 9-9 9-12 10-10 11-11 13-4 14-3 16-14 16-15 ||| WordScores= -0.71454 -0.10284 -0.08491 -0.01245 -0.00216 -0.02313 -0.00455 -0.00030 -0.00278 -0.51689 -0.77488 -2.13193 -1.62300 -0.77926 -0.03286 -0.00107 ||| F0= -6.80753 ||| -0.425471
6 ||| das Motorrad wurde für drei Monate beschlagnahmt und im@@ matri@@ k@@ uliert . ||| 0-0 1-1 2-2 3-6 4-7 5-8 6-9 8-3 9-4 10-5 12-10 12-11 12-12 12-13 ||| WordScores= -0.10588 -0.01405 -0.41923 -1.50169 -0.04100 -0.00222 -0.07936 -0.00272 -1.06080 -1.33769 -0.06663 -0.06164 -0.00347 -0.00078 ||| F0= -4.69717 ||| -0.335512
6 ||| das Motorrad wurde seit drei Monaten beschlagnahmt und im@@ matri@@ k@@ uliert . ||| 0-0 1-1 2-2 3-6 4-7 5-8 6-9 8-3 9-4 10-5 12-10 12-11 12-12 12-13 ||| WordScores= -0.10588 -0.01405 -0.41923 -2.24573 -0.02349 -0.00700 -0.04561 -0.00272 -1.29343 -1.29407 -0.07323 -0.06161 -0.00341 -0.00078 ||| F0= -5.59025 ||| -0.399304
6 ||| das Motorrad wurde für drei Monate beschlagnahmt und un@@ geschickt . ||| 0-0 1-1 2-2 3-6 4-7 5-8 6-9 8-3 9-4 10-5 12-10 12-11 ||| WordScores= -0.10588 -0.01405 -0.41923 -1.50169 -0.04100 -0.00222 -0.07936 -0.00272 -1.97136 -1.88955 -1.83874 -0.00059 ||| F0= -7.86639 ||| -0.655533
7 ||| George Web@@ ster warf N@@ air@@ n und Pit@@ loch@@ ry Hotel@@ vergewal@@ tigung vor ||| 0-0 1-1 2-2 3-3 5-4 6-5 7-6 8-7 9-8 10-9 11-10 12-11 13-12 15-13 15-14 15-15 ||| WordScores= -0.02363 -0.02346 -0.00320 -0.41958 -0.06258 -0.05673 -0.00380 -0.02385 -0.03899 -0.05584 -0.35274 -0.09804 -1.11734 -0.68719 -0.00902 -0.01350 ||| F0= -2.98948 ||| -0.186843
7 ||| George Web@@ ster warf N@@ air@@ n und Pit@@ loch@@ ry Hotel@@ rap@@ schen vor ||| 0-0 1-1 2-2 3-3 3-14 5-4 6-5 7-6 8-7 9-8 10-9 11-10 12-11 13-12 14-13 15-15 ||| WordScores= -0.02363 -0.02346 -0.00320 -0.41958 -0.06258 -0.05673 -0.00380 -0.02385 -0.03899 -0.05584 -0.35274 -0.09804 -0.49633 -1.71281 -0.02201 -0.02608 ||| F0= -3.41966 ||| -0.213729
7 ||| George Web@@ ster warf N@@ air@@ n und Pit@@ loch@@ ry Hotel@@ rap@@ en vor ||| 0-0 1-1 2-2 3-3 3-14 5-4 6-5 7-6 8-7 9-8 10-9 11-10 12-11 13-12 14-13 15-15 ||| WordScores= -0.02363 -0.02346 -0.00320 -0.41958 -0.06258 -0.05673 -0.00380 -0.02385 -0.03899 -0.05584 -0.35274 -0.09804 -0.49633 -1.77454 -0.03581 -0.03994 ||| F0= -3.50905 ||| -0.219316
8 ||| ein Mann soll vor Gericht stehen , der Frauen in zwei Hotels vergewaltigt hat . ||| 0-0 1-1 3-2 4-5 5-3 5-4 6-7 8-12 10-8 11-9 12-10 13-11 15-6 15-13 15-14 15-15 ||| WordScores= -0.09680 -0.04248 -0.02807 -1.84942 -0.01709 -1.16266 -0.06703 -0.95938 -0.36505 -0.63802 -0.01714 -0.00385 -0.06816 -0.31695 -0.00065 -0.00030 ||| F0= -5.63305 ||| -0.352066
8 ||| ein Mann soll vor Gericht stehen , der Frauen bei zwei Hotels vergewaltigt hat . ||| 0-0 1-1 3-2 4-5 5-3 5-4 6-7 8-12 10-8 11-9 12-10 13-11 15-6 15-13 15-14 15-15 ||| WordScores= -0.09680 -0.04248 -0.02807 -1.84942 -0.01709 -1.16266 -0.06703 -0.95938 -0.36505 -1.12779 -0.05341 -0.00314 -0.11332 -0.35639 -0.00075 -0.00026 ||| F0= -6.24304 ||| -0.39019
8 ||| ein Mann soll sich vor Gericht stellen , der Frauen in zwei Hotels vergewaltigt hat . ||| 0-0 1-1 3-2 4-6 5-3 5-4 6-7 6-8 8-5 8-13 10-9 11-10 12-11 13-12 15-14 15-15 15-16 ||| WordScores= -0.09680 -0.04248 -0.02807 -0.65023 -1.77068 -0.10570 -2.11294 -0.06702 -1.15855 -0.28047 -0.64227 -0.01833 -0.00364 -0.07563 -0.34757 -0.00060 -0.00037 ||| F0= -7.40135 ||| -0.435374
9 ||| George Web@@ ster , 28 , sah sich die Ank@@ lage@@ punkte während einer Anhörung vor dem Ober@@ landes@@ gericht in Glasgow vor . ||| 0-0 1-1 2-2 3-3 4-4 5-5 6-6 6-22 7-7 7-8 8-9 8-10 9-12 10-13 11-14 12-15 13-16 14-17 15-18 17-20 17-21 19-11 19-19 19-23 19-24 ||| WordScores= -0.54684 -0.02499 -0.00097 -0.61565 -0.01636 -0.04099 -1.25149 -0.24280 -0.77814 -1.01159 -0.48528 -0.08767 -0.35168 -0.10168 -0.07603 -0.97061 -0.01437 -0.52598 -0.05509 -0.01446 -0.18685 -0.03580 -0.72716 -0.07224 -0.00012 ||| F0= -8.23484 ||| -0.329393
9 ||| George Web@@ ster , 28 , stellte sich bei einer Anhörung vor dem Ober@@ landes@@ gericht in Glasgow die Vorwürfe . ||| 0-0 1-1 2-2 3-3 4-4 5-5 6-6 7-7 7-8 7-18 8-19 10-9 11-10 12-11 13-12 14-13 15-14 17-16 17-17 19-15 19-20 19-21 ||| WordScores= -0.54684 -0.02499 -0.00097 -0.61565 -0.01636 -0.04099 -1.06661 -0.26794 -1.18167 -0.04678 -0.05326 -1.02714 -0.02058 -0.30150 -0.04793 -0.01145 -0.20307 -0.02822 -0.15996 -1.55257 -0.07675 -0.00077 ||| F0= -7.292 ||| -0.331455
9 ||| George Web@@ ster , 28 , stellte sich bei einer Anhörung vor dem Ober@@ landes@@ gericht in Glasgow die Gebühren . ||| 0-0 1-1 2-2 3-3 4-4 5-5 6-6 6-20 7-7 7-8 7-18 8-19 10-9 11-10 12-11 13-12 14-13 15-14 17-16 17-17 19-15 19-21 ||| WordScores= -0.54684 -0.02499 -0.00097 -0.61565 -0.01636 -0.04099 -1.06661 -0.26794 -1.18167 -0.04678 -0.05326 -1.02714 -0.02058 -0.30150 -0.04793 -0.01145 -0.20307 -0.02822 -0.15996 -1.09721 -1.02127 -0.00038 ||| F0= -7.78077 ||| -0.353671
10 ||| Rich@@ terin Lady Ra@@ e hat einen Prozes@@ stag für den 17. November beim Ober@@ landes@@ gericht Edinburgh festgelegt . ||| 0-0 0-1 1-2 2-3 3-4 4-5 4-18 5-6 6-7 7-8 8-9 9-10 9-12 10-11 11-13 13-14 14-15 16-17 18-16 18-19 18-20 ||| WordScores= -0.09634 -0.00485 -0.00702 -0.00064 -0.00016 -0.81701 -0.99383 -0.50510 -0.35431 -0.00705 -0.19829 -0.01525 -0.00652 -1.51490 -0.06035 -0.06640 -0.00197 -0.38008 -0.79400 -0.00195 -0.00099 ||| F0= -5.82702 ||| -0.277477
10 ||| Rich@@ terin Lady Ra@@ e hat einen Prozes@@ stag für den 17. November auf dem Ober@@ landes@@ gericht in Edinburgh festgelegt . ||| 0-0 0-1 1-2 2-3 3-4 4-5 4-20 5-6 6-7 7-8 8-9 9-10 9-12 10-11 11-13 12-14 13-15 14-16 16-18 16-19 18-17 18-21 18-22 ||| WordScores= -0.09634 -0.00485 -0.00702 -0.00064 -0.00016 -0.81701 -0.99383 -0.50510 -0.35431 -0.00705 -0.19829 -0.01525 -0.00652 -1.31540 -0.01341 -0.34137 -0.09527 -0.00779 -1.02308 -0.01823 -0.70321 -0.00136 -0.00090 ||| F0= -6.52641 ||| -0.283757
10 ||| Rich@@ terin Lady Ra@@ e hat einen Prozes@@ stag für den 17. November auf dem Ober@@ landes@@ gericht Edinburgh festgelegt . ||| 0-0 0-1 1-2 2-3 3-4 4-5 4-19 5-6 6-7 7-8 8-9 9-10 9-12 10-11 11-13 12-14 13-15 14-16 16-18 18-17 18-20 18-21 ||| WordScores= -0.09634 -0.00485 -0.00702 -0.00064 -0.00016 -0.81701 -0.99383 -0.50510 -0.35431 -0.00705 -0.19829 -0.01525 -0.00652 -1.31540 -0.01341 -0.34137 -0.09527 -0.00779 -0.68307 -0.82557 -0.00163 -0.00102 ||| F0= -6.29092 ||| -0.285951
11 ||| Wieder@@ ansch@@ aff@@ ung mit der Very American Ideal , die Arbeits@@ recht@@ ler sind Menschenrechte ||| 0-0 1-1 2-4 4-5 4-6 5-7 6-8 7-9 7-10 8-11 9-12 10-14 11-15 13-2 13-3 13-13 13-16 ||| WordScores= -1.90424 -1.43656 -0.61533 -0.26713 -0.05842 -1.17917 -0.54343 -0.17504 -0.05829 -0.50013 -0.12147 -1.40399 -1.44332 -0.27007 -0.65474 -0.27955 -0.00133 ||| F0= -10.9122 ||| -0.641895
11 ||| Wieder@@ ansch@@ aff@@ ung mit der Very American Ideal , die Arbeits@@ rechte sind Menschenrechte ||| 0-0 1-1 2-4 4-5 4-6 5-7 6-8 7-9 7-10 8-11 9-12 10-13 11-14 13-2 13-3 13-15 ||| WordScores= -1.90424 -1.43656 -0.61533 -0.26713 -0.05842 -1.17917 -0.54343 -0.17504 -0.05829 -0.50013 -0.12147 -1.40399 -1.09367 -0.76622 -0.56826 -0.00206 ||| F0= -10.6934 ||| -0.668338
11 ||| Wieder@@ ansch@@ aff@@ ung mit dem Very American Ideal , das die Arbeits@@ rechte für Menschenrechte ||| 0-0 1-1 2-4 4-5 4-6 5-7 6-8 7-9 7-10 8-11 8-12 9-13 10-14 10-16 11-15 13-2 13-3 ||| WordScores= -1.90424 -1.43656 -0.61533 -0.26713 -0.05842 -0.64714 -0.44236 -0.10121 -0.01623 -0.43216 -0.77629 -1.08668 -0.98971 -0.55208 -2.09830 -1.47540 -1.24006 ||| F0= -14.1393 ||| -0.831724
12 ||| aber es ist sicher keine radikale Initiative - zumindest durch amerikanische Standards . ||| 0-0 1-1 2-2 2-3 4-4 6-5 7-6 8-7 9-8 11-9 12-10 13-11 15-12 15-13 ||| WordScores= -0.68096 -0.45680 -0.74202 -1.76784 -0.23947 -0.21112 -0.09906 -0.20861 -0.16088 -1.31204 -0.75941 -0.49600 -0.00891 -0.00117 ||| F0= -7.14429 ||| -0.510306
12 ||| aber es ist sicher keine radikale Initiative - zumindest nach amerikanischen Standards . ||| 0-0 1-1 2-2 2-3 4-4 6-5 7-6 8-7 9-8 11-9 12-10 13-11 15-12 15-13 ||| WordScores= -0.68096 -0.45680 -0.74202 -1.76784 -0.23947 -0.21112 -0.09906 -0.20861 -0.16088 -1.90885 -0.48823 -0.76422 -0.00559 -0.00126 ||| F0= -7.73491 ||| -0.552494
12 ||| aber es ist sicher keine radikale Initiative - zumindest durch amerikanische Normen . ||| 0-0 1-1 2-2 2-3 4-4 6-5 7-6 8-7 9-8 11-9 12-10 13-11 15-12 15-13 ||| WordScores= -0.68096 -0.45680 -0.74202 -1.76784 -0.23947 -0.21112 -0.09906 -0.20861 -0.16088 -1.31204 -0.75941 -1.11591 -0.00757 -0.00100 ||| F0= -7.76268 ||| -0.554477
13 ||| die Amerikaner akzeptierten seit Generationen die grundlegende Prämisse , dass die Arbeits@@ rechte die Menschenrechte sind . ||| 0-0 0-3 1-4 3-1 4-2 5-5 6-6 7-7 9-9 9-10 9-11 10-12 11-15 12-13 12-14 15-8 15-16 15-17 ||| WordScores= -0.71338 -0.05194 -0.79254 -1.04321 -0.12205 -0.14202 -1.87868 -0.43269 -0.01171 -0.38569 -1.29410 -0.34665 -0.44070 -0.63918 -0.01415 -0.08007 -0.00049 -0.00093 ||| F0= -8.3902 ||| -0.466122
13 ||| die Amerikaner akzeptierten seit Generationen die grundlegende Prämisse , dass Arbeits@@ rechte Menschenrechte sind . ||| 0-0 0-3 1-4 3-1 4-2 5-5 6-6 7-7 9-9 9-10 10-11 11-13 12-12 15-8 15-14 15-15 ||| WordScores= -0.71338 -0.05194 -0.79254 -1.04321 -0.12205 -0.14202 -1.87868 -0.43269 -0.01171 -0.38569 -0.81386 -0.74359 -0.73021 -0.13638 -0.00111 -0.00115 ||| F0= -8.00023 ||| -0.500014
13 ||| die Amerikaner akzeptierten seit Generationen die Grund@@ bedingung , dass Arbeits@@ rechte Menschenrechte sind . ||| 0-0 0-3 1-4 3-1 4-2 5-5 6-6 7-7 9-9 9-10 10-11 11-13 12-12 15-8 15-14 15-15 ||| WordScores= -0.71338 -0.05194 -0.79254 -1.04321 -0.12205 -0.14202 -1.11084 -1.23512 -0.05181 -0.35334 -0.71309 -0.80435 -0.73019 -0.16164 -0.00117 -0.00102 ||| F0= -8.02772 ||| -0.501733
14 ||| wie der Rever@@ end Martin Luther King Jr. vor fünfzig Jahren sagte : ||| 0-0 1-1 2-2 3-3 4-4 5-5 6-6 7-7 8-11 9-8 9-9 10-10 12-12 13-13 ||| WordScores= -0.20641 -0.53558 -0.32719 -0.00755 -0.02007 -0.01040 -0.02178 -0.13532 -0.11456 -0.65949 -0.00130 -0.36127 -0.00179 -0.01371 ||| F0= -2.41643 ||| -0.172602
14 ||| wie der Rever@@ end Martin Luther King Jr. vor 50 Jahren sagte : ||| 0-0 1-1 2-2 3-3 4-4 5-5 6-6 7-7 8-11 9-8 9-9 10-10 12-12 13-13 ||| WordScores= -0.20641 -0.53558 -0.32719 -0.00755 -0.02007 -0.01040 -0.02178 -0.13532 -0.11456 -0.77396 -0.00218 -0.33451 -0.00180 -0.01339 ||| F0= -2.5047 ||| -0.178907
14 ||| wie der Rever@@ end Martin Luther King Jr. vor fünfzig Jahren gesagt hat : ||| 0-0 1-1 2-2 3-3 4-4 5-5 6-6 7-7 8-11 9-8 9-9 10-10 12-12 12-13 13-14 ||| WordScores= -0.20641 -0.53558 -0.32719 -0.00755 -0.02007 -0.01040 -0.02178 -0.13532 -0.11456 -0.65949 -0.00130 -2.36400 -0.47471 -0.00121 -0.00403 ||| F0= -4.88361 ||| -0.325574
15 ||| die Geschichte ist ein großer Lehrer . ||| 0-0 0-1 1-2 2-3 3-4 4-5 5-6 6-7 ||| WordScores= -0.37598 -0.11431 -0.08150 -0.52433 -0.29986 -0.08254 -0.03395 -0.01082 ||| F0= -1.5233 ||| -0.190412
15 ||| die Geschichte ist eine große Lehrerin . ||| 0-0 0-1 1-2 2-3 3-4 4-5 5-6 6-7 ||| WordScores= -0.37598 -0.11431 -0.08150 -1.10771 -0.39130 -0.09029 -0.01308 -0.01014 ||| F0= -2.18432 ||| -0.27304
15 ||| Geschichte ist ein großer Lehrer . ||| 0-0 1-1 2-2 3-3 4-4 5-5 6-6 ||| WordScores= -1.59916 -0.05902 -0.60085 -0.32883 -0.06767 -0.03167 -0.01355 ||| F0= -2.70074 ||| -0.385821
16 ||| nun weiß jeder , dass die Arbeiter@@ bewegung die Stärke der Nation nicht schm@@ älert , sondern vergrößert hat . ||| 0-0 1-2 2-1 2-3 4-5 5-6 6-7 9-12 9-13 9-14 10-8 11-9 12-10 14-11 15-15 15-16 15-18 16-17 19-4 19-19 19-20 ||| WordScores= -0.90658 -0.55558 -0.06967 -0.01340 -0.13874 -0.09934 -0.14824 -0.04885 -0.14820 -0.61382 -0.14306 -0.00366 -0.28656 -1.91238 -0.22144 -0.04161 -0.00074 -1.15905 -0.34893 -0.00260 -0.00049 ||| F0= -6.86292 ||| -0.326806
16 ||| jetzt weiß jeder , dass die Arbeiter@@ bewegung die Stärke der Nation nicht schm@@ älert , sondern vergrößert hat . ||| 0-0 1-2 2-1 2-3 4-5 5-6 6-7 9-12 9-13 9-14 10-8 11-9 12-10 14-11 15-15 15-16 15-18 16-17 19-4 19-19 19-20 ||| WordScores= -0.96656 -0.61619 -0.06481 -0.01530 -0.11447 -0.08912 -0.14650 -0.05226 -0.14737 -0.61734 -0.14019 -0.00349 -0.27984 -1.89004 -0.21993 -0.04121 -0.00075 -1.13242 -0.34017 -0.00263 -0.00051 ||| F0= -6.88112 ||| -0.327673
16 ||| nun weiß jeder , dass die Arbeiter@@ bewegung die Stärke der Nation nicht schm@@ älert , sondern erweitert hat . ||| 0-0 1-2 2-1 2-3 4-5 5-6 6-7 9-12 9-13 9-14 10-8 11-9 12-10 14-11 15-15 15-16 16-17 19-4 19-18 19-19 19-20 ||| WordScores= -0.90658 -0.55558 -0.06967 -0.01340 -0.13874 -0.09934 -0.14824 -0.04885 -0.14820 -0.61382 -0.14306 -0.00366 -0.28656 -1.91238 -0.22144 -0.04161 -0.00074 -1.35259 -0.41970 -0.00106 -0.00092 ||| F0= -7.12613 ||| -0.339339
17 ||| wer die Arbeit angreift , vergisst diese einfachen Wahrheiten , aber die Geschichte erinnert sich an sie . ||| 0-0 2-3 3-1 3-2 4-5 5-6 6-7 7-8 8-9 9-10 10-11 10-12 11-13 11-15 12-14 12-16 13-17 14-4 14-18 ||| WordScores= -0.44093 -1.03343 -0.06340 -0.12641 -0.00729 -0.37410 -0.18558 -0.36535 -0.01846 -0.04531 -0.28046 -0.22241 -0.14985 -0.68512 -0.76951 -0.52511 -0.07356 -0.02102 -0.00072 ||| F0= -5.388 ||| -0.283579
17 ||| wer die Arbeit angreift , vergisst diese einfachen Wahrheiten , aber die Geschichte erinnert sie sich . ||| 0-0 2-3 3-1 3-2 4-5 5-6 6-7 7-8 8-9 9-10 10-11 10-12 11-13 11-15 11-16 12-14 14-4 14-17 ||| WordScores= -0.44093 -1.03343 -0.06340 -0.12641 -0.00729 -0.37410 -0.18558 -0.36535 -0.01846 -0.04531 -0.28046 -0.22241 -0.14985 -0.68512 -0.72258 -0.52568 -0.37405 -0.00110 ||| F0= -5.62149 ||| -0.312305
17 ||| diejenigen , die die Arbeit angreifen , vergessen diese einfachen Wahrheiten , aber die Geschichte erinnert sie sich . ||| 0-0 1-1 1-2 2-5 3-3 3-4 4-7 5-8 6-9 7-10 8-11 9-12 10-13 10-14 11-15 11-17 11-18 12-16 14-6 14-19 ||| WordScores= -1.98593 -0.01816 -0.04587 -1.36447 -0.02521 -0.49000 -0.01033 -0.16788 -0.11778 -0.15020 -0.02203 -0.04788 -0.22804 -0.18151 -0.14218 -0.74562 -0.41069 -0.46385 -0.43149 -0.00110 ||| F0= -7.05021 ||| -0.352511
18 ||| die Geschichte erinnert sich , wie sollen wir . ||| 0-0 0-1 1-2 1-3 1-4 3-5 4-6 5-7 7-8 7-9 ||| WordScores= -0.77863 -0.16928 -0.35702 -0.01338 -0.11687 -0.11858 -1.73225 -0.05996 -1.13724 -0.00085 ||| F0= -4.48406 ||| -0.448406
18 ||| die Geschichte erinnert sich , wie sollten wir es . ||| 0-0 0-1 1-2 1-3 1-4 3-5 4-6 5-7 7-8 7-9 7-10 ||| WordScores= -0.77863 -0.16928 -0.35702 -0.01338 -0.11687 -0.11858 -1.69227 -0.02957 -1.12817 -0.97144 -0.00150 ||| F0= -5.37671 ||| -0.488791
18 ||| die Geschichte erinnert sich , wie sollten wir es auch . ||| 0-0 0-1 1-2 1-3 1-4 3-5 4-6 5-7 7-8 7-9 7-10 7-11 ||| WordScores= -0.77863 -0.16928 -0.35702 -0.01338 -0.11687 -0.11858 -1.69227 -0.02957 -1.12817 -1.05554 -0.52071 -0.00167 ||| F0= -5.98169 ||| -0.498474
19 ||| Richter blockiert vorübergehend das Gesetz , das alle Louisiana Ab@@ t@@ reibungs@@ klin@@ iken schließen könnte ||| 0-0 1-2 2-1 2-3 3-4 4-6 5-15 6-14 7-7 8-8 9-9 9-10 9-11 10-12 10-13 11-5 11-16 ||| WordScores= -0.00719 -0.10254 -0.36889 -1.73021 -0.54745 -0.00895 -0.22144 -0.15528 -1.73934 -0.71128 -0.36447 -0.02858 -0.09106 -0.00442 -0.04207 -0.10838 -0.00519 ||| F0= -6.23673 ||| -0.366867
19 ||| Richter blockiert vorübergehend das Recht , das alle Louisiana Ab@@ t@@ reibungs@@ klin@@ iken schließen könnte ||| 0-0 1-2 2-1 2-3 3-4 4-5 4-6 5-15 6-14 7-7 8-8 9-9 9-10 9-11 10-12 10-13 11-16 ||| WordScores= -0.00719 -0.10254 -0.36889 -1.73021 -0.87618 -0.00898 -0.18483 -0.10672 -1.55845 -0.74976 -0.40469 -0.02697 -0.09992 -0.00440 -0.04387 -0.22602 -0.00592 ||| F0= -6.50553 ||| -0.382678
19 ||| Richter blockiert vorübergehend Gesetze , die alle Louisiana Ab@@ t@@ reibungs@@ klin@@ iken schließen könnten ||| 0-0 1-2 2-1 2-3 4-5 5-14 6-13 7-6 8-7 9-8 9-9 9-10 10-11 10-12 11-4 11-15 ||| WordScores= -0.00719 -0.10254 -0.36889 -2.45597 -0.03407 -0.17768 -0.18152 -1.42699 -0.65477 -0.35553 -0.02781 -0.12629 -0.00426 -0.03699 -0.50928 -0.00507 ||| F0= -6.47486 ||| -0.404679
20 ||| eine Anhörung soll innerhalb eines Monats für den Richter angesetzt werden , um eine dauer@@ haf@@ tere Regelung über das Gesetz zu fällen . ||| 0-0 1-1 2-2 4-9 5-3 6-4 7-5 8-6 9-7 10-8 11-10 11-11 11-12 12-21 12-22 13-13 15-14 16-17 17-18 18-19 19-20 21-15 21-16 21-23 21-24 ||| WordScores= -0.54367 -0.06473 -0.51821 -0.70096 -0.01039 -0.13935 -0.36674 -0.46715 -0.02265 -0.55757 -0.24559 -0.00400 -0.10378 -1.08305 -0.75601 -0.17511 -0.02212 -0.99616 -1.00477 -0.05863 -0.16739 -0.58364 -1.26213 -0.00079 -0.00016 ||| F0= -9.85472 ||| -0.394189
20 ||| eine Anhörung soll innerhalb eines Monats für den Richter angesetzt werden , um eine dauer@@ haf@@ tere Regelung über das Gesetz zu treffen . ||| 0-0 1-1 2-2 4-9 5-3 6-4 7-5 8-6 9-7 10-8 11-10 11-11 11-12 12-21 12-22 13-13 15-14 16-17 17-18 18-19 19-20 21-15 21-16 21-23 21-24 ||| WordScores= -0.54367 -0.06473 -0.51821 -0.70096 -0.01039 -0.13935 -0.36674 -0.46715 -0.02265 -0.55757 -0.24559 -0.00400 -0.10378 -1.08305 -0.75601 -0.17511 -0.02212 -0.99616 -1.00477 -0.05863 -0.16739 -0.58364 -1.38063 -0.00062 -0.00022 ||| F0= -9.97312 ||| -0.398925
20 ||| eine Anhörung soll innerhalb eines Monats für den Richter angesetzt werden , um ein dauerhaftes Urteil über das Gesetz zu fällen . ||| 0-0 1-1 2-2 4-9 5-3 6-4 7-5 8-6 9-7 10-8 11-10 11-11 11-12 12-19 12-20 13-13 15-14 16-15 17-16 18-17 19-18 21-21 21-22 ||| WordScores= -0.54367 -0.06473 -0.51821 -0.70096 -0.01039 -0.13935 -0.36674 -0.46715 -0.02265 -0.55757 -0.24559 -0.00400 -0.10378 -1.09234 -0.82448 -1.12997 -0.87186 -0.07101 -0.25936 -0.53236 -0.97750 -0.00078 -0.00014 ||| F0= -9.50457 ||| -0.413242
21 ||| Small STU@@ DY : neue Medikamente können bremsen , Eier@@ stock@@ krebs ||| 0-0 1-1 2-2 3-3 4-4 5-5 6-6 7-7 8-8 10-9 12-10 13-11 14-12 ||| WordScores= -0.70257 -0.06376 -0.48864 -0.00046 -0.00465 -0.35032 -0.41562 -1.70546 -0.07661 -0.51474 -1.34818 -0.02721 -0.16877 ||| F0= -5.86699 ||| -0.451307
21 ||| Small STU@@ DY : neue Medikamente können sich verlangsamen , Eier@@ stock@@ krebs ||| 0-0 1-1 2-2 3-3 4-4 5-5 6-6 7-7 7-8 8-9 10-10 12-11 13-12 14-13 ||| WordScores= -0.70257 -0.06376 -0.48864 -0.00046 -0.00465 -0.35032 -0.41562 -1.99756 -1.12626 -0.00818 -0.45113 -1.62136 -0.02990 -0.19073 ||| F0= -7.45114 ||| -0.532224
21 ||| Small STU@@ DY : neue Medikamente können bremsen , Ö@@ vari@@ an-@@ Krebs ||| 0-0 1-1 2-2 3-3 4-4 5-5 6-6 7-7 8-8 10-9 11-10 12-11 13-12 14-13 ||| WordScores= -0.70257 -0.06376 -0.48864 -0.00046 -0.00465 -0.35032 -0.41562 -1.70546 -0.07661 -1.79511 -1.25161 -0.93338 -0.28708 -0.06730 ||| F0= -8.14256 ||| -0.581611
22 ||| die Forscher verfolgten die Frauen@@ arz@@ t@@ reisen über sieben Jahre hinweg . ||| 0-0 1-1 2-2 2-11 3-3 4-4 6-5 7-6 7-7 8-8 9-9 10-10 11-12 12-13 ||| WordScores= -0.08592 -0.02898 -1.50026 -0.16750 -0.27977 -1.20540 -0.53868 -1.38739 -0.91191 -0.05507 -0.00397 -0.15898 -0.03884 -0.00100 ||| F0= -6.36367 ||| -0.454548
22 ||| die Forscher verfolgten die Frauen@@ arz@@ t@@ -Rei@@ se über sieben Jahre hinweg . ||| 0-0 1-1 2-2 2-12 3-3 4-4 6-5 7-6 7-7 7-8 8-9 9-10 10-11 11-13 12-14 ||| WordScores= -0.08592 -0.02898 -1.50026 -0.16750 -0.27977 -1.20540 -0.53868 -1.35814 -0.63718 -0.79123 -0.03289 -0.00864 -0.17522 -0.02926 -0.00108 ||| F0= -6.84014 ||| -0.456009
22 ||| die Forscher verfolgen die Frauen@@ arz@@ t@@ reisen über sieben Jahre hinweg . ||| 0-0 1-1 2-2 2-11 3-3 4-4 6-5 7-6 7-7 8-8 9-9 10-10 11-12 12-13 ||| WordScores= -0.08592 -0.02898 -1.53231 -0.09860 -0.27590 -1.11966 -0.58773 -1.44975 -1.03764 -0.05107 -0.00425 -0.14727 -0.03062 -0.00090 ||| F0= -6.45059 ||| -0.460757
23 ||| ältere Frauen und jene , deren Krebs zum Zeitpunkt der Diagnose fortgeschritt@@ ener war , hatten die ärm@@ ste Überlebens@@ rate . ||| 0-0 1-1 2-2 3-3 4-4 4-5 5-6 7-11 9-7 11-8 12-9 13-10 14-15 15-16 16-17 17-19 18-20 19-21 20-12 20-13 20-14 20-18 20-22 ||| WordScores= -0.15420 -0.03699 -0.04279 -1.00939 -0.02250 -0.08147 -0.44647 -1.60670 -0.00837 -0.01104 -0.06034 -1.92679 -0.09700 -0.27993 -0.00487 -0.25507 -0.05925 -1.12613 -0.15397 -0.85289 -0.11475 -0.04919 -0.00023 ||| F0= -8.40032 ||| -0.365231
23 ||| ältere Frauen und jene , deren Krebs zum Zeitpunkt der Diagnose fortgeschritt@@ ener war , hatten die ärmsten Überlebens@@ raten . ||| 0-0 1-1 2-2 3-3 4-4 4-5 5-6 7-11 9-7 11-8 12-9 13-10 14-15 15-16 16-17 17-18 18-19 19-20 20-12 20-13 20-14 20-21 ||| WordScores= -0.15420 -0.03699 -0.04279 -1.00939 -0.02250 -0.08147 -0.44647 -1.60670 -0.00837 -0.01104 -0.06034 -1.92679 -0.09700 -0.27993 -0.00487 -0.25507 -0.05925 -0.71798 -1.17226 -0.02465 -0.01904 -0.00029 ||| F0= -8.03738 ||| -0.365335
23 ||| ältere Frauen und jene , deren Krebs zum Zeitpunkt der Diagnose fortgeschritt@@ ener war , hatten die ärm@@ ste Überleben@@ sin@@ tensität . ||| 0-0 1-1 2-2 3-3 4-4 4-5 5-6 7-11 9-7 11-8 12-9 13-10 14-15 15-16 16-17 17-19 18-20 18-21 20-12 20-13 20-14 20-18 20-22 20-23 ||| WordScores= -0.15420 -0.03699 -0.04279 -1.00939 -0.02250 -0.08147 -0.44647 -1.60670 -0.00837 -0.01104 -0.06034 -1.92679 -0.09700 -0.27993 -0.00487 -0.25507 -0.05925 -1.12613 -0.15397 -0.64190 -1.78912 -1.30272 -0.02242 -0.00025 ||| F0= -11.1397 ||| -0.464153
24 ||| Garten@@ zentren rue fallen bei Haus@@ besitzern an . ||| 0-0 1-1 2-2 3-3 4-4 5-5 6-6 8-7 8-8 8-9 ||| WordScores= -0.19726 -1.12051 -0.79499 -0.64234 -0.93312 -0.27208 -0.39480 -1.58945 -0.00373 -0.00055 ||| F0= -5.94882 ||| -0.594882
24 ||| Garten@@ center rue fällt in Eigen@@ heim@@ besitzern . ||| 0-0 1-1 2-2 3-3 4-4 5-5 5-6 6-7 8-8 8-9 ||| WordScores= -0.19726 -1.01897 -0.51802 -1.09557 -0.75825 -0.70489 -0.67731 -0.96786 -0.43921 -0.00100 ||| F0= -6.37834 ||| -0.637834
24 ||| Garten@@ zentren rue fallen bei Haus@@ besitzern . ||| 0-0 1-1 2-2 3-3 4-4 5-5 6-6 8-7 8-8 ||| WordScores= -0.19726 -1.12051 -0.79499 -0.64234 -0.93312 -0.27208 -0.39480 -1.45310 -0.00209 ||| F0= -5.81029 ||| -0.645588
25 ||| der TV-S@@ ender stopp@@ te etwa 40 Minuten lang den Rundfunk , hat aber inzwischen begonnen , erneut auszu@@ strahlen . ||| 0-0 1-1 2-2 3-3 3-11 4-5 4-8 4-9 4-10 7-6 8-7 11-12 12-13 12-14 13-15 14-16 15-18 15-19 16-17 17-20 18-4 18-21 ||| WordScores= -0.52677 -0.29096 -0.20426 -0.61259 -0.00341 -1.22019 -0.01212 -0.00468 -1.90071 -0.58871 -0.29842 -0.03013 -0.37524 -0.29643 -0.17682 -1.45020 -0.02819 -0.74349 -0.39331 -0.01915 -0.00132 -0.00042 ||| F0= -9.17752 ||| -0.41716
25 ||| der TV-S@@ ender stopp@@ te etwa 40 Minuten lang den Rundfunk , hat aber inzwischen begonnen , wieder auszu@@ strahlen . ||| 0-0 1-1 2-2 3-3 3-11 4-5 4-8 4-9 4-10 7-6 8-7 11-12 12-13 12-14 13-15 14-16 15-18 15-19 16-17 17-20 18-4 18-21 ||| WordScores= -0.52677 -0.29096 -0.20426 -0.61259 -0.00341 -1.22019 -0.01212 -0.00468 -1.90071 -0.58871 -0.29842 -0.03013 -0.37524 -0.29643 -0.17682 -1.45020 -0.02819 -1.07762 -0.96152 -0.02054 -0.00148 -0.00042 ||| F0= -10.0814 ||| -0.458245
25 ||| der TV-S@@ ender stopp@@ te etwa 40 Minuten lang den Rundfunk , hat aber inzwischen begonnen , wieder zu strahlen . ||| 0-0 1-1 2-2 3-3 3-11 4-5 4-8 4-9 4-10 7-6 8-7 11-12 12-13 12-14 13-15 14-16 15-18 15-19 16-17 18-4 18-20 18-21 ||| WordScores= -0.52677 -0.29096 -0.20426 -0.61259 -0.00341 -1.22019 -0.01212 -0.00468 -1.90071 -0.58871 -0.29842 -0.03013 -0.37524 -0.29643 -0.17682 -1.45020 -0.02819 -1.07762 -1.67888 -0.88162 -0.00202 -0.00045 ||| F0= -11.6604 ||| -0.530019
26 ||| rund einen Kilometer entfernt stießen sie auf Sicherheits@@ dienste , bewaffnet mit Stö@@ cken und Steinen . ||| 0-0 1-1 2-2 3-3 5-5 6-4 8-6 9-7 11-8 12-9 13-10 14-11 15-12 16-14 17-15 18-16 19-13 19-17 ||| WordScores= -1.46862 -0.14363 -0.03859 -0.07738 -0.44567 -0.00654 -0.42188 -0.66141 -0.32782 -0.26446 -1.06357 -0.06906 -0.06970 -0.15418 -0.00593 -0.03482 -0.00875 -0.00041 ||| F0= -5.26239 ||| -0.292355
26 ||| etwa einen Kilometer entfernt stießen sie auf Sicherheits@@ dienste , bewaffnet mit Stö@@ cken und Steinen . ||| 0-0 1-1 2-2 3-3 5-5 6-4 8-6 9-7 11-8 12-9 13-10 14-11 15-12 16-14 17-15 18-16 19-13 19-17 ||| WordScores= -1.16147 -0.38326 -0.02659 -0.06686 -0.67479 -0.00556 -0.39513 -0.63852 -0.34350 -0.25187 -1.04583 -0.07334 -0.06907 -0.15972 -0.00614 -0.03378 -0.00874 -0.00041 ||| F0= -5.34457 ||| -0.296921
26 ||| rund einen Kilometer entfernt stießen sie auf die Sicherheits@@ dienste , die mit Stö@@ cken und Steinen bewaffnet waren . ||| 0-0 1-1 2-2 3-3 5-5 6-4 8-6 9-7 9-8 11-9 12-10 13-11 13-12 13-17 15-13 16-15 17-16 19-14 19-18 19-19 19-20 ||| WordScores= -1.46862 -0.14363 -0.03859 -0.07738 -0.44567 -0.00654 -0.42188 -1.61078 -0.77913 -0.59138 -0.38800 -1.04948 -0.07397 -0.21309 -0.11458 -0.02512 -0.03975 -0.46727 -0.47818 -0.00096 -0.00043 ||| F0= -8.43443 ||| -0.401639
27 ||| die Polizei setzte T@@ rän@@ eng@@ as ein . ||| 0-0 1-1 2-2 3-3 3-4 4-5 4-6 6-7 6-8 6-9 ||| WordScores= -0.00592 -0.00421 -0.27382 -0.02830 -0.00920 -0.00375 -0.04769 -0.09557 -0.00688 -0.00039 ||| F0= -0.475751 ||| -0.0475751
27 ||| die Polizei nutzte T@@ rän@@ eng@@ as . ||| 0-0 1-1 2-2 3-3 3-4 4-5 4-6 6-7 6-8 ||| WordScores= -0.00592 -0.00421 -2.81797 -0.01556 -0.00580 -0.00267 -0.04145 -0.02008 -0.00048 ||| F0= -2.91413 ||| -0.323793
27 ||| die Polizei verwendete T@@ rän@@ eng@@ as . ||| 0-0 1-1 2-2 3-3 3-4 4-5 4-6 6-7 6-8 ||| WordScores= -0.00592 -0.00421 -3.40671 -0.01270 -0.00586 -0.00358 -0.05554 -0.01174 -0.00062 ||| F0= -3.50688 ||| -0.389653
28 ||| die Demonstranten forderten Shar@@ if Rücktritt , den er ablehnte . ||| 0-0 1-1 2-2 3-3 4-4 6-5 8-7 9-8 10-9 11-10 12-6 12-11 ||| WordScores= -0.04714 -0.01322 -0.49634 -0.14537 -0.72085 -0.08491 -0.02636 -0.92697 -0.06002 -1.12386 -0.00150 -0.00042 ||| F0= -3.64696 ||| -0.303913
28 ||| die Demonstranten verlangten Shar@@ if Rücktritt , was er ablehnte . ||| 0-0 1-1 2-2 3-3 4-4 6-5 8-7 9-8 10-9 11-10 12-6 12-11 ||| WordScores= -0.04714 -0.01322 -1.09146 -0.09861 -0.44486 -0.09686 -0.03004 -1.19619 -0.07312 -0.60224 -0.00169 -0.00052 ||| F0= -3.69594 ||| -0.307995
28 ||| die Demonstranten forderten Shar@@ if Rücktritt , den er sich weigerte . ||| 0-0 1-1 2-2 3-3 4-4 6-5 8-7 9-8 10-9 10-10 11-11 12-6 12-12 ||| WordScores= -0.04714 -0.01322 -0.49634 -0.14537 -0.72085 -0.08491 -0.02636 -0.92697 -0.06002 -1.50027 -1.42803 -0.02215 -0.00061 ||| F0= -5.47224 ||| -0.420942
29 ||| das Militär spielt eine wichtige Rolle in Pakistan und hat in der Vergangenheit mehrfach die Macht ergriffen . ||| 0-0 1-1 2-2 3-3 4-4 5-5 6-6 7-7 10-9 10-16 11-14 11-15 14-10 14-13 17-11 18-12 20-8 20-17 20-18 ||| WordScores= -0.17988 -0.01928 -0.03541 -0.86463 -0.25607 -0.00735 -0.01728 -0.00134 -0.15019 -0.16581 -0.27596 -0.04422 -0.00276 -0.46245 -0.56012 -0.05819 -1.08004 -0.07824 -0.00055 ||| F0= -4.25977 ||| -0.224198
29 ||| das Militär spielt in Pakistan eine wichtige Rolle und hat in der Vergangenheit mehrfach die Macht ergriffen . ||| 0-0 1-1 2-2 3-3 3-5 4-6 5-7 7-4 10-9 10-16 11-14 11-15 14-13 16-10 17-11 18-12 20-8 20-17 20-18 ||| WordScores= -0.17988 -0.01928 -0.03541 -0.68339 -0.00566 -0.01940 -0.32741 -0.00370 -0.23092 -0.25902 -0.25455 -0.04081 -0.00268 -0.42602 -0.58933 -0.05673 -1.14801 -0.08901 -0.00054 ||| F0= -4.37176 ||| -0.230093
29 ||| das Militär spielt in Pakistan eine wichtige Rolle und hat in der Vergangenheit mehrfach die Macht übernommen . ||| 0-0 1-1 2-2 3-3 3-5 4-6 5-7 7-4 10-9 10-16 11-14 11-15 12-17 14-13 16-10 17-11 18-12 20-8 20-18 ||| WordScores= -0.17988 -0.01928 -0.03541 -0.68339 -0.00566 -0.01940 -0.32741 -0.00370 -0.23092 -0.25902 -0.25455 -0.04081 -0.00268 -0.42602 -0.58933 -0.05673 -1.42419 -0.02489 -0.00050 ||| F0= -4.58378 ||| -0.241252
