[valid] Ep. 1 : Up. 20 : cross-entropy : 227.393 : new best
[valid] Ep. 1 : Up. 40 : cross-entropy : 210.417 : new best
[valid] Ep. 1 : Up. 60 : cross-entropy : 203.053 : new best
[valid] Ep. 1 : Up. 80 : cross-entropy : 198.014 : new best
[valid] Ep. 1 : Up. 100 : cross-entropy : 194.883 : new best
[valid] Ep. 1 : Up. 120 : cross-entropy : 192.912 : new best
[valid] Ep. 1 : Up. 140 : cross-entropy : 191.532 : new best
[valid] Ep. 1 : Up. 160 : cross-entropy : 189.221 : new best
[valid] Ep. 1 : Up. 180 : cross-entropy : 188.993 : new best
[valid] Ep. 1 : Up. 200 : cross-entropy : 188.035 : new best
