8.48323727
8.46116066
8.41828060
8.41519642
8.37801170
8.31291008
8.24856281
8.09821606
