9616.72363281
16924.73828125
6485.94677734
16367.00390625
17824.65820312
9517.77148438
13688.55371094
16464.12500000
