8.78630924
8.75282860
8.69768810
8.60030174
8.42331791
8.08456516
7.58919859
7.15421867
7.07388210
7.15911722
7.00602388
6.87553406
6.70337963
6.58344078
6.49999046
6.45548153
6.15827656
6.46891832
6.53488016
6.44239426
6.40002155
6.31497908
6.22505951
6.17120123
6.16692400
5.82793045
6.37700939
6.38672018
6.30941343
6.23907804
6.14631748
6.09236145
5.99969482
5.93795681
5.50292015
7.16254091
6.92708254
6.59395170
6.40627527
6.22969198
6.13137770
5.96749878
5.96595860
5.42677450
