Orlando Bloom und Miranda Kerr lieben einander immer noch .
Schauspieler Orlando Bloom und Model Miranda Kerr wollen ihre eigenen Wege gehen .
Allerdings hat Bloom in einem Interview gesagt , dass er und Kerr einander immer noch lieben .
Miranda Kerr und Orlando Bloom sind Eltern des zweijährigen Flynn .
Actor Orlando Bloom kündigte seine Trennung von seiner Frau , Supermodel Miranda Kerr .
In einem Interview mit der US ##AT##-##AT## Journalistin Katie Couric , die am Freitag ausgestrahlt werden soll ( Ortszeit ) , sagte Bloom : &quot; Manchmal geht das Leben nicht genau so , wie wir planen oder hoffen &quot; .
Er und Kerr lieben einander noch , betonten der 36 ##AT##-##AT## Jährige .
&quot; Wir werden einander unterstützen und einander als Eltern von Flynn lieben &quot; .
Kerr und Bloom sind seit 2010 verheiratet , ihr Sohn Flynn wurde 2011 geboren .
Jet ##AT##-##AT## Hersteller fehten über die Sitzbreite mit großen Aufträgen auf dem Spiel .
Eine Reihe ist zwischen führenden Flugzeugherstellern über die Breite der Sitze der Touristenklasse auf Langstreckenflügen aufgeflammt und hat den Ton für eine bittere Konfrontation auf der Dubai Airshow in diesem Monat gesetzt .
Der Streit konzentriert sich auf die Breite der Sitze , die auf Langstreckenflügen für Economy ##AT##-##AT## Passagiere bereitgestellt werden - nicht immer die , die am meisten von Fluggesellschaften hofiert werden , deren zugewiesener Platz jedoch den Schlüssel für Effizienzansprüche für die neuesten Jets von Airbus SAS und Boeing Co hält .
Airbus forderte diese Woche einen Industriestandard , der einen Sitz von mindestens 18 Zoll ( 46 cm ) in Economy ##AT##-##AT## Kabinen vorsehen würde , aber sein US ##AT##-##AT## Erzrivale Boeing sagt , dass die Fluggesellschaften darüber entscheiden sollten .
Der Streit kommt als Flugzeugmacher , die immer größere Versionen ihrer zweimotorigen Langstreckenflugzeuge verkaufen , wobei möglicherweise Rekordaufträge beim 17. und 21. November erwartet werden .
Wie die Rückseite des Flugzeugs gestaltet wird - insbesondere ob die Sitzgelegenheit 9 oder 10 auf dem neuesten Stand ist - ist von zentraler Bedeutung für die wirtschaftlichen Leistungen , die für neue &quot; Mini ##AT##-##AT## Jumbo &quot; Jet ##AT##-##AT## Designs gemacht werden .
Boeing sagt , seine überarbeitete &quot; 777X &quot; wird 406 Personen auf der Grundlage von Economy ##AT##-##AT## Sitze mehr als 17 Zoll breit und legte 10 in jeder Reihe .
Airbus sagt , dass die konkurrierende Version der A350 350 Personen im 18 ##AT##-##AT## Zoll ##AT##-##AT## Economy ##AT##-##AT## Sitz mit 9 Schritten befördern wird .
Planriesen tauscht oft durch Werbung in der Fachpresse Schläge in technischen Fragen aus .
Heute appelliert Airbus direkt an die Bevölkerung vor der Dubai Airshow , auf der die 777X mit mehr als 100 Bestellungen dominieren soll .
Vor kurzem sah sie vor , was der Beginn eines neuen Werbekrieges sein kann , indem sie den Finanziers eine Folie zeigt , die drei Personen illustriert , die in einem Restaurant mit dem Titel &quot; Würden Sie das akzeptieren ? &quot; zusammengeschrägt wurden .
„ Boeing schlägt ein Langstreckenfliegen in Sitzen vor , die enger sind als regionale Turbo ##AT##-##AT## Requisiten “ , sagte John Leahy , Vertriebschef von Airbus .
Mit dem Wechsel der Ernährung werden die Menschen größer , aber die Sitzgelegenheiten im Flugzeug haben sich nicht radikal verändert .
Zwischen den frühen 1970er Jahren , als die Boeing 747 moderne Langstreckenreisen definierte , und der Jahrhundertwende stieg das Gewicht des durchschnittlichen amerikanischen 40- bis 49 ##AT##-##AT## jährigen Mannes nach Angaben des US ##AT##-##AT## Gesundheitsministeriums Daten um 10 Prozent .
Die Taille des durchschnittlichen amerikanischen Mannes des 21. Jahrhunderts beträgt nach US ##AT##-##AT## Gesundheitsstatistik 39,7 Zoll .
Airbus sagt , dass sein Rivale an einem Sitzkonzept aus den 50er Jahren festhält , als der durchschnittliche Glanz des neu getauften „ Jet ##AT##-##AT## Sets “ enger war .
Airbus sagt , dass es Untersuchungen in Auftrag gegeben hat , die auf einen zusätzlichen Zoll in der Sitzbreite hindeuten , um die Schlafqualität um 53 Prozent zu verbessern .
Boeing bestreitet die Zahlen von Airbus zu Sitzenmessungen und sagt , es sei nicht Sache der Hersteller , Entscheidungen darüber zu treffen , wie Fluggesellschaften die Flugpreise und -einrichtungen in Einklang bringen .
Es sagt auch Forschung zeigt Kabine Erfahrung hängt von mehr als die Breite eines Sitzes .
&quot; Es kommt wirklich darauf an , den Fluggesellschaften Flexibilität zu bieten und ihnen zu ermöglichen , die Dinge zu tun , die sie ihrer Meinung nach tun müssen , um erfolgreich zu sein &quot; , sagte der Boeing ##AT##-##AT## Kabinen ##AT##-##AT## Experte Kent Craver .
Sie wollen nicht , dass wir ihnen vorschreiben , was sie rentabel macht .
Sie kennen ihr Geschäft besser als alle anderen .
Für Flyer geht es um mehr Ellenbogenraum , aber für Lieferanten ist es zunehmend ein Thema , das die Erträge beeinflussen könnte .
Hinter dem Streit steht ein Wettlauf um Flugzeugbestellungen mit mindestens 700 Milliarden Dollar geschätztem Geschäft zu Listenpreisen in den kommenden Jahrzehnten , genug , um die Skalen der US ##AT##-##AT## amerikanischen und europäischen Exporte zu kippen .
Wie Reuters erstmals im Juli berichtete , ist die Sitzaufteilung genau das , was den Kampf zwischen den neuesten Jets antreibt .
Sowohl Airbus als auch Boeing beanspruchen 20 Prozent einen besseren Wirkungsgrad pro Sitz in ihren neuesten zweimotorigen Langstrecken ##AT##-##AT## Konstruktionen als der Marktführer in diesem Segment , die 365 ##AT##-##AT## Sitzische Boeing 777 ##AT##-##AT## 300ER .
Boeings Leistungsansprüche hängen teilweise vom Vergleich der 10 ##AT##-##AT## lichterlichen 777X mit einem ursprünglichen 9 ##AT##-##AT## fachen 777 ##AT##-##AT## Design ab .
Der Gewinn an Stückkosten wird im Vergleich zu 10 ##AT##-##AT## rassigen jetzt in Gebrauch .
„ Der Grund , warum Boeing dies tut , ist , mehr Sitze zu rammen , um ihr Flugzeug wettbewerbsfähiger mit unseren Produkten zu machen “ , sagte Kevin Keniston , Leiter des Passagierkomforts bei Europas Airbus .
Auf der anderen Seite sagen Analysten , dass volle Kabinen mit 10 Sitzen pro Reihe für bestehende 777 Kabinen für bestehende 777 Passagiere für die dichtere Anordnung stimmen , die mit günstigeren Tarifen einhergehen kann .
Die Boeing 777 ##AT##-##AT## 300 ist die erste Boeing 777 ##AT##-##AT## 300 , die in den USA gebaut wurde .
Airbus und Boeing liefern keine Sitze , sondern bieten einen Katalog von Anbietern für Fluggesellschaften zur Auswahl .
Globetrotting Jet Verkäufer tragen sogar Band ##AT##-##AT## Maßnahmen , um konkurrierende Layouts zu überprüfen .
Alle Bauherren bieten zwar Komfort , bieten aber auch Jets mit hochwertigen Layouts für Low ##AT##-##AT## Cost ##AT##-##AT## Airlines und regionale Reisen an .
Airbus bietet eine zehnstöckige A350 an , sagt aber , dass sie diese noch nicht verkauft hat .
Bis vor kurzem betonte Airbus die Notwendigkeit einer stärkeren Anpassung der Kabinen , indem es auf einigen seiner Jets breitere Gangsitze anbot .
Ohne die Unterstützung des einzigen anderen Herstellers von großen modernen Jets , sagen Experten , sein Ruf nach einem neuen Industriestandard ist unwahrscheinlich fliegen , könnte aber von einer Welle von 777X Umsatz ablenken .
Die FAA lockert die Beschränkungen für die Verwendung elektronischer Gadgets in Flugzeugen - obwohl Chatten auf Mobiltelefonen weiterhin verboten sein werden .
Kampfflugzeuge greifen ein Lager russischer Raketen in der Hafenstadt Latakia an , sagt ein Beamter .
Es ist eine offensichtliche Fortsetzung der israelischen Kampagne , um die Verbreitung von Waffen in der Mitte zu verhindern .
Ein Bundesbeklagtesgericht blockiert das Urteil eines Richters , dass die umstrittene Taktik der NYPD Minderheiten diskriminiert .
Fast 100 afrikanische Migranten , die hoffen , nach Algerien zu reisen , sterben verdursten , nachdem ihre beiden Lastwagen mitten in der Sahara zusammengebrochen sind .
Experten sagen , Gewalt , die 14 Erwachsene und sieben Kinder tot ließ , ist nichts anderes als zufällige Chance , nichts als ein Zeichen wachsender Gewalt in Amerika .
Anstatt von der Schließung der US ##AT##-##AT## Regierung rattiert zu werden , haben die Investoren ihren Fokus auf das , was wahrscheinlich wichtiger ist : die Federal Reserve .
Die kalifornische Frau plant , ein vielleicht erstes Zitat anzufechten , indem sie sagt , dass die mit dem Internet verbundene Brille die Navigation erleichtert .
Polizei sagen , sie haben ein Video , das zu zeigen scheint Bürgermeister Rob Ford Rauchen ein Crackrohr .
Selbst enge Verbündete halten die Dinge voneinander fern - und arbeiten jeden Winkel daran , herauszufinden , was zurückgehalten wird .
Der Vatikan will wissen , wie katholische Gemeinden auf der ganzen Welt mit sensiblen Themen wie Empfängnisverhütung , Scheidung und homosexuelle Paare umgehen .
Schwer verletzte Personen nach Kollision
Am frühen Freitag Nachmittag wurden zwei Autofahrer bei einem Frontalzusammenstoß auf der Landesstraße 44 ( eine Landstraße ) schwer verletzt .
Die Polizei blockierte sofort völlig von der Straße , konnte sich aber zunächst nicht viel zur Unfallursache äußern .
Sie erwähnten jedoch , dass es verschiedene Zeugenaussagen gab , die zuerst bewertet werden mussten .
Sicher ist , dass der 19 ##AT##-##AT## jährige Fahrer eines VW Golf in Richtung Revensdorf fuhr und der 38 ##AT##-##AT## jährige Mann aus Gettorf in seiner Hyundai zu ihr kam .
Die beiden Fahrzeuge kollidierten , wobei die Frau so stark stecken blieb , dass die Feuerwehr fast eine halbe Stunde dauerte , um sie aus dem Fahrzeugwrack zu befreien .
Zunächst blieb die tatsächliche Ursache des Unfalls unklar .
Beide unglücklichen Parteien wurden in die nahe gelegenen Krankenhäuser gebracht .
Die Straße blieb etwa zwei Stunden lang vollständig gesperrt .
Feuerbesatzungen riefen auf , verlorene Welpen zu retten , nachdem sie 50ft über dem Boden auf prekärer Führung in einem Steinbruch stecken geblieben war .
Cocker spaniel Ruby war abgelauf , nachdem sie bei einem kleinen Straßencrash war .
Drei Tage später wurde sie von einem im Steinbruch gefangenen Hundewanderer entdeckt .
Feuerwehrleute Abseilen nach der Klippe , um den Hund vor einem bestimmten Tod zu pflücken .
Ein Welpe hatte eine glückliche Flucht , nachdem Feuerwehrleute gerufen wurden , um sie in Sicherheit zu bringen , als sie sich irgendwie 50ft auf einer prekären Klippe feststeckte .
Neun Monate alter Kockerspanke Ruby war nach einem Straßencrash am Sonntagnachmittag ausgeschaltet und überlebte allein drei Tage , bevor er am Mittwoch aus einem Steinbruch gerettet wurde .
Ihre Besitzer Scott Alderson , 25 , und seine Freundin Becky Hall , 20 , waren am Flappit Quarry in Denholme , West Yorkshire , um mit Ruby wiedervereinigt zu werden und haben West Yorkshire Fire and Rescue Service gedankt .
Sie hatten frustriert nach ihrem vermissten Hund gesucht und Berufungen auf Social Networking ##AT##-##AT## Sites gerichtet , nachdem sie nach dem kleinen Unfall in den Steinbruch gelaufen war .
Gegen 145 Uhr am Mittwoch strandete ein Adlerhund auf der Führung im Steinbruch , strandete 50ft hoch .
Ein Technisches Rettungsteam von der Feuerwehr Cleckheaton eilte zur Szene und stürzte ab , um Ruby zu retten und benutzte eine Tierröhre , um sie auf die Klippe zu transportieren .
Der Spezialist für Technische Rettungsbeamte Andy Clayton sagte : &quot; Sie befand sich in einer prekären Lage .
Sie war genau in der Mitte der Klippe - 50ft von oben und unten .
Sie bewegte sich während der Rettung nicht einen Muskel - sie war fest eingefroren .
Aber jetzt ist sie in Ordnung .
Danach hat sie Kekse gegessen .
Das war ein sehr ungewöhnlicher Call ##AT##-##AT## out .
Die Tatsache , dass der Hund entdeckt wurde , ist unglaublich .
Der spezialisierte Technische Rettungsbeauftragte Peter Lau sagte : &quot; Ruby hatte eine sehr glückliche Flucht . &quot;
Das Potenzial war , dass sie sehr schwer verletzt oder schlechter hätte verletzt werden können .
Ruby wurde zu einem Check ##AT##-##AT## up in die Tierärzte gebracht und wurde außer Erschöpfung und Dehydrierung als fein befunden .
Miss Hall aus Halifax , West Yorkshire , sagte : &quot; Die Rettung zu beobachten war erschreckend . &quot;
Ich konnte nicht glauben , dass sie überhaupt da oben war .
Es war erstaunlich , sie wieder in die Arme zu bekommen .
Der Tierarzt sagte , wenn sie zu erschöpft wäre und zusammenbrach , wäre sie wahrscheinlich gefallen .
Die Feuerwehrleute waren erstaunlich .
Es war wirklich gewagt , was sie taten .
Wir sind einfach so dankbar , und jeder einzelne von ihnen war absolut enorm .
Herr Alderson aus Keighley fügte hinzu : &quot; Wir hatten Angst , dass sie fallen könnte , aber sie blieb dort . &quot;
Die Feuerwehrleute waren brillant .
Ich kann einfach nicht glauben , wo sie war .
Bericht : Obama ##AT##-##AT## Kampagne erwägte Dumping Biden für Hillary Clinton
Laut der New York Times haben Präsident Barack Obamas engste Berater heimlich in Erwägung gezogen , Vizepräsident Joe Biden auf dem Ticket 2012 durch Hillary Clinton zu ersetzen .
Die Enthüllung ist die bemerkenswerteste Bombe von Mark Halperin und John Heilemanns schwer erwarteter Kampagne 2012 &quot; Double Down : Game Change 2012 &quot; .
Die Times erhielt eine Kopie des bevorstehenden Buches und berichtete am Donnerstagabend , dass die Top ##AT##-##AT## Helfer des Präsidenten Ende 2011 &quot; umfangreiche Gruppensitzungen und Umfragen durchführten &quot; , um zu ermessen , ob das Dumping Biden dazu beitragen könnte , Obamas schwindende Wiederwahlen Hoffnungen zu stärken .
