// Jest Snapshot v1, https://goo.gl/fbAQLP

exports[`CodeLogAssertion shallow renders the correct HTML structure 1`] = `
<SyntaxHighlighter
  language="c"
  showLineNumbers={true}
>
  #include &lt;stdio.h&gt;
int main()
{
    printf("Hello world!")
    return 0;
}

</SyntaxHighlighter>
`;
