[[  4.38133684e-05   1.40065049e-06   3.63037943e-05 ...,   1.23982169e-02
    3.66997421e-02   4.11312692e-02]]
