[[-0.00601616  0.02441218  0.06335261 ...,  0.8956399   0.621135    1.2060796 ]]
