[[ 8.0254285e-06 -5.1497386e-07  3.8298724e-05 ...  1.5516396e-03
   1.5692838e-03  2.0285486e-03]]
