7245.93652344
7990.90771484
7741.82177734
7778.60302734
7445.29589844
7015.16699219
6661.45312500
6346.10888672
6402.09814453
6369.64550781
