[[  9.29374124e-08   4.41528991e-09   3.45339437e-08 ...,   2.22943163e-05
    2.69053471e-05   5.34869505e-05]]
